Archive member included to satisfy reference by file (symbol)

e:/mcuxpressoide_11.4.1_6260/ide/plugins/com.nxp.mcuxpresso.tools.win32_11.4.0.202103011116/tools/bin/../lib/gcc/arm-none-eabi/10.2.1/../../../../arm-none-eabi/lib/thumb/v7e-m+fp/hard\libcr_semihost_nf.a(_cr__main.o)
                              ./startup/startup_mk64f12.o (__main)
e:/mcuxpressoide_11.4.1_6260/ide/plugins/com.nxp.mcuxpresso.tools.win32_11.4.0.202103011116/tools/bin/../lib/gcc/arm-none-eabi/10.2.1/../../../../arm-none-eabi/lib/thumb/v7e-m+fp/hard\libcr_c.a(memcpy.o)
                              ./utilities/fsl_str.o (memcpy)
e:/mcuxpressoide_11.4.1_6260/ide/plugins/com.nxp.mcuxpresso.tools.win32_11.4.0.202103011116/tools/bin/../lib/gcc/arm-none-eabi/10.2.1/../../../../arm-none-eabi/lib/thumb/v7e-m+fp/hard\libcr_c.a(memset.o)
                              ./sdmmc/src/fsl_sd.o (memset)
e:/mcuxpressoide_11.4.1_6260/ide/plugins/com.nxp.mcuxpresso.tools.win32_11.4.0.202103011116/tools/bin/../lib/gcc/arm-none-eabi/10.2.1/../../../../arm-none-eabi/lib/thumb/v7e-m+fp/hard\libcr_c.a(alloc.o)
                              ./drivers/fsl_common.o (malloc)
e:/mcuxpressoide_11.4.1_6260/ide/plugins/com.nxp.mcuxpresso.tools.win32_11.4.0.202103011116/tools/bin/../lib/gcc/arm-none-eabi/10.2.1/../../../../arm-none-eabi/lib/thumb/v7e-m+fp/hard\libcr_c.a(errno.o)
                              ./utilities/fsl_str.o (errno)
e:/mcuxpressoide_11.4.1_6260/ide/plugins/com.nxp.mcuxpresso.tools.win32_11.4.0.202103011116/tools/bin/../lib/gcc/arm-none-eabi/10.2.1/../../../../arm-none-eabi/lib/thumb/v7e-m+fp/hard\libcr_c.a(initio.o)
                              e:/mcuxpressoide_11.4.1_6260/ide/plugins/com.nxp.mcuxpresso.tools.win32_11.4.0.202103011116/tools/bin/../lib/gcc/arm-none-eabi/10.2.1/../../../../arm-none-eabi/lib/thumb/v7e-m+fp/hard\libcr_semihost_nf.a(_cr__main.o) (_initio)
e:/mcuxpressoide_11.4.1_6260/ide/plugins/com.nxp.mcuxpresso.tools.win32_11.4.0.202103011116/tools/bin/../lib/gcc/arm-none-eabi/10.2.1/../../../../arm-none-eabi/lib/thumb/v7e-m+fp/hard\libcr_c.a(printf.o)
                              ./freertos/freertos_kernel/tasks.o (_sprintf)
e:/mcuxpressoide_11.4.1_6260/ide/plugins/com.nxp.mcuxpresso.tools.win32_11.4.0.202103011116/tools/bin/../lib/gcc/arm-none-eabi/10.2.1/../../../../arm-none-eabi/lib/thumb/v7e-m+fp/hard\libcr_c.a(scanf.o)
                              ./utilities/fsl_str.o (strtoul)
e:/mcuxpressoide_11.4.1_6260/ide/plugins/com.nxp.mcuxpresso.tools.win32_11.4.0.202103011116/tools/bin/../lib/gcc/arm-none-eabi/10.2.1/../../../../arm-none-eabi/lib/thumb/v7e-m+fp/hard\libcr_c.a(setvbuf.o)
                              e:/mcuxpressoide_11.4.1_6260/ide/plugins/com.nxp.mcuxpresso.tools.win32_11.4.0.202103011116/tools/bin/../lib/gcc/arm-none-eabi/10.2.1/../../../../arm-none-eabi/lib/thumb/v7e-m+fp/hard\libcr_c.a(initio.o) (setvbuf)
e:/mcuxpressoide_11.4.1_6260/ide/plugins/com.nxp.mcuxpresso.tools.win32_11.4.0.202103011116/tools/bin/../lib/gcc/arm-none-eabi/10.2.1/../../../../arm-none-eabi/lib/thumb/v7e-m+fp/hard\libcr_c.a(strcpy.o)
                              ./freertos/freertos_kernel/tasks.o (strcpy)
e:/mcuxpressoide_11.4.1_6260/ide/plugins/com.nxp.mcuxpresso.tools.win32_11.4.0.202103011116/tools/bin/../lib/gcc/arm-none-eabi/10.2.1/../../../../arm-none-eabi/lib/thumb/v7e-m+fp/hard\libcr_c.a(strlen.o)
                              ./utilities/fsl_str.o (strlen)
e:/mcuxpressoide_11.4.1_6260/ide/plugins/com.nxp.mcuxpresso.tools.win32_11.4.0.202103011116/tools/bin/../lib/gcc/arm-none-eabi/10.2.1/../../../../arm-none-eabi/lib/thumb/v7e-m+fp/hard\libcr_c.a(ungetc.o)
                              e:/mcuxpressoide_11.4.1_6260/ide/plugins/com.nxp.mcuxpresso.tools.win32_11.4.0.202103011116/tools/bin/../lib/gcc/arm-none-eabi/10.2.1/../../../../arm-none-eabi/lib/thumb/v7e-m+fp/hard\libcr_c.a(scanf.o) (ungetc)
e:/mcuxpressoide_11.4.1_6260/ide/plugins/com.nxp.mcuxpresso.tools.win32_11.4.0.202103011116/tools/bin/../lib/gcc/arm-none-eabi/10.2.1/../../../../arm-none-eabi/lib/thumb/v7e-m+fp/hard\libcr_c.a(__fillbuf.o)
                              e:/mcuxpressoide_11.4.1_6260/ide/plugins/com.nxp.mcuxpresso.tools.win32_11.4.0.202103011116/tools/bin/../lib/gcc/arm-none-eabi/10.2.1/../../../../arm-none-eabi/lib/thumb/v7e-m+fp/hard\libcr_c.a(scanf.o) (__filbuf)
e:/mcuxpressoide_11.4.1_6260/ide/plugins/com.nxp.mcuxpresso.tools.win32_11.4.0.202103011116/tools/bin/../lib/gcc/arm-none-eabi/10.2.1/../../../../arm-none-eabi/lib/thumb/v7e-m+fp/hard\libcr_c.a(__init_alloc.o)
                              e:/mcuxpressoide_11.4.1_6260/ide/plugins/com.nxp.mcuxpresso.tools.win32_11.4.0.202103011116/tools/bin/../lib/gcc/arm-none-eabi/10.2.1/../../../../arm-none-eabi/lib/thumb/v7e-m+fp/hard\libcr_c.a(alloc.o) (__heaps)
e:/mcuxpressoide_11.4.1_6260/ide/plugins/com.nxp.mcuxpresso.tools.win32_11.4.0.202103011116/tools/bin/../lib/gcc/arm-none-eabi/10.2.1/../../../../arm-none-eabi/lib/thumb/v7e-m+fp/hard\libcr_c.a(_cr_sbrk.o)
[...]
Memory Configuration

Name             Origin             Length             Attributes
PROGRAM_FLASH    0x00000000         0x00100000         xr
SRAM_UPPER       0x20000000         0x00030000         xrw
SRAM_LOWER       0x1fff0000         0x00010000         xrw
FLEX_RAM         0x14000000         0x00001000         xrw
*default*        0x00000000         0xffffffff

Linker script and memory map

LOAD ./utilities/fsl_assert.o
LOAD ./utilities/fsl_debug_console.o
LOAD ./utilities/fsl_str.o
LOAD ./startup/startup_mk64f12.o
LOAD ./source/sdcard_fatfs_freertos.o
LOAD ./source/semihost_hardfault.o
LOAD ./sdmmc/src/fsl_sd.o
LOAD ./sdmmc/src/fsl_sdmmc_common.o
LOAD ./sdmmc/osa/fsl_sdmmc_osa.o
LOAD ./sdmmc/host/fsl_sdmmc_host.o
LOAD ./freertos/freertos_kernel/portable/MemMang/heap_4.o
LOAD ./freertos/freertos_kernel/portable/GCC/ARM_CM4F/port.o
LOAD ./freertos/freertos_kernel/croutine.o
LOAD ./freertos/freertos_kernel/event_groups.o
LOAD ./freertos/freertos_kernel/list.o
LOAD ./freertos/freertos_kernel/queue.o
LOAD ./freertos/freertos_kernel/stream_buffer.o
LOAD ./freertos/freertos_kernel/tasks.o
LOAD ./freertos/freertos_kernel/timers.o
LOAD ./fatfs/source/fsl_sd_disk/fsl_sd_disk.o
LOAD ./fatfs/source/fsl_ram_disk/fsl_ram_disk.o
LOAD ./fatfs/source/diskio.o
LOAD ./fatfs/source/ff.o
LOAD ./fatfs/source/ffsystem.o
LOAD ./fatfs/source/ffunicode.o
LOAD ./drivers/fsl_clock.o
LOAD ./drivers/fsl_common.o
LOAD ./drivers/fsl_common_arm.o
LOAD ./drivers/fsl_ftfx_cache.o
LOAD ./drivers/fsl_ftfx_controller.o
LOAD ./drivers/fsl_ftfx_flash.o
LOAD ./drivers/fsl_ftfx_flexnvm.o
LOAD ./drivers/fsl_gpio.o
LOAD ./drivers/fsl_sdhc.o
LOAD ./drivers/fsl_smc.o
LOAD ./drivers/fsl_sysmpu.o
LOAD ./drivers/fsl_uart.o
LOAD ./device/system_MK64F12.o
LOAD ./component/uart/fsl_adapter_uart.o
LOAD ./component/serial_manager/fsl_component_serial_manager.o
LOAD ./component/serial_manager/fsl_component_serial_port_uart.o
LOAD ./component/osa/fsl_os_abstraction_free_rtos.o
LOAD ./component/lists/fsl_component_generic_list.o
LOAD ./board/board.o
LOAD ./board/clock_config.o
LOAD ./board/pin_mux.o
LOAD ./board/sdmmc_config.o
START GROUP
LOAD e:/mcuxpressoide_11.4.1_6260/ide/plugins/com.nxp.mcuxpresso.tools.win32_11.4.0.202103011116/tools/bin/../lib/gcc/arm-none-eabi/10.2.1/../../../../arm-none-eabi/lib/thumb/v7e-m+fp/hard\libcr_semihost_nf.a
LOAD e:/mcuxpressoide_11.4.1_6260/ide/plugins/com.nxp.mcuxpresso.tools.win32_11.4.0.202103011116/tools/bin/../lib/gcc/arm-none-eabi/10.2.1/../../../../arm-none-eabi/lib/thumb/v7e-m+fp/hard\libcr_c.a
LOAD e:/mcuxpressoide_11.4.1_6260/ide/plugins/com.nxp.mcuxpresso.tools.win32_11.4.0.202103011116/tools/bin/../lib/gcc/arm-none-eabi/10.2.1/thumb/v7e-m+fp/hard\libcr_eabihelpers.a
LOAD e:/mcuxpressoide_11.4.1_6260/ide/plugins/com.nxp.mcuxpresso.tools.win32_11.4.0.202103011116/tools/bin/../lib/gcc/arm-none-eabi/10.2.1/thumb/v7e-m+fp/hard\libgcc.a
END GROUP
                0x00000000                __base_PROGRAM_FLASH = 0x0
                0x00000000                __base_Flash = 0x0
                0x00100000                __top_PROGRAM_FLASH = 0x100000
                0x00100000                __top_Flash = 0x100000
                0x20000000                __base_SRAM_UPPER = 0x20000000
                0x20000000                __base_RAM = 0x20000000
                0x20030000                __top_SRAM_UPPER = 0x20030000
                0x20030000                __top_RAM = 0x20030000
                0x1fff0000                __base_SRAM_LOWER = 0x1fff0000
                0x1fff0000                __base_RAM2 = 0x1fff0000
                0x20000000                __top_SRAM_LOWER = 0x20000000
                0x20000000                __top_RAM2 = 0x20000000
                0x14000000                __base_FLEX_RAM = 0x14000000
                0x14000000                __base_RAM3 = 0x14000000
                0x14001000                __top_FLEX_RAM = 0x14001000
                0x14001000                __top_RAM3 = 0x14001000

.text           0x00000000     0xe710
 FILL mask 0xff
                0x00000000                __vectors_start__ = ABSOLUTE (.)
 *(SORT_BY_ALIGNMENT(.isr_vector))
 .isr_vector    0x00000000      0x198 ./startup/startup_mk64f12.o
                0x00000000                g_pfnVectors
                0x00000000                __Vectors
                0x00000198                . = ALIGN (0x4)
                0x00000198                __section_table_start = .
                0x00000198                __data_section_table = .
                0x00000198        0x4 LONG 0xe710 LOADADDR (.data)
                0x0000019c        0x4 LONG 0x20000000 ADDR (.data)
                0x000001a0        0x4 LONG 0x18 SIZEOF (.data)
                0x000001a4        0x4 LONG 0xe710 LOADADDR (.data_RAM2)
                0x000001a8        0x4 LONG 0x1fff0000 ADDR (.data_RAM2)
                0x000001ac        0x4 LONG 0x0 SIZEOF (.data_RAM2)
                0x000001b0        0x4 LONG 0xe710 LOADADDR (.data_RAM3)
                0x000001b4        0x4 LONG 0x14000000 ADDR (.data_RAM3)
                0x000001b8        0x4 LONG 0x0 SIZEOF (.data_RAM3)
                0x000001bc                __data_section_table_end = .
                0x000001bc                __bss_section_table = .
                0x000001bc        0x4 LONG 0x20000018 ADDR (.bss)
                0x000001c0        0x4 LONG 0x84e8 SIZEOF (.bss)
                0x000001c4        0x4 LONG 0x1fff0000 ADDR (.bss_RAM2)
                0x000001c8        0x4 LONG 0x0 SIZEOF (.bss_RAM2)
                0x000001cc        0x4 LONG 0x14000000 ADDR (.bss_RAM3)
                0x000001d0        0x4 LONG 0x0 SIZEOF (.bss_RAM3)
                0x000001d4                __bss_section_table_end = .
                0x000001d4                __section_table_end = .
 *(SORT_BY_ALIGNMENT(.after_vectors*))
 .after_vectors.reset
                0x000001d4       0x4c ./startup/startup_mk64f12.o
                0x000001d4                ResetISR
 .after_vectors.init_data
                0x00000220       0x1e ./startup/startup_mk64f12.o
                0x00000220                data_init
 .after_vectors.init_bss
                0x0000023e       0x12 ./startup/startup_mk64f12.o
                0x0000023e                bss_init
 .after_vectors
                0x00000250       0x14 ./startup/startup_mk64f12.o
                0x00000250                NMI_Handler
                0x00000254                MemManage_Handler
                0x00000256                BusFault_Handler
                0x00000258                UsageFault_Handler
                0x0000025c                DebugMon_Handler
                0x00000262                LPTMR0_DriverIRQHandler
                0x00000262                DMA_Error_DriverIRQHandler
                0x00000262                SPI1_DriverIRQHandler
                0x00000262                FTM1_DriverIRQHandler
                0x00000262                FTM2_DriverIRQHandler
                0x00000262                PIT2_DriverIRQHandler
                0x00000262                I2S0_Tx_DriverIRQHandler
                0x00000262                RTC_Seconds_DriverIRQHandler
                0x00000262                DMA6_DriverIRQHandler
                0x00000262                LLWU_DriverIRQHandler
                0x00000262                MCM_DriverIRQHandler
                0x00000262                MCG_DriverIRQHandler
                0x00000262                ENET_1588_Timer_DriverIRQHandler
                0x00000262                I2C2_DriverIRQHandler
                0x00000262                DAC1_DriverIRQHandler
                0x00000262                DMA12_DriverIRQHandler
                0x00000262                CMP1_DriverIRQHandler
                0x00000262                FTM0_DriverIRQHandler
                0x00000262                IntDefaultHandler
                0x00000262                USB0_DriverIRQHandler
                0x00000262                UART5_ERR_DriverIRQHandler
                0x00000262                PORTC_DriverIRQHandler
                0x00000262                DMA11_DriverIRQHandler
                0x00000262                DAC0_DriverIRQHandler
                0x00000262                DMA10_DriverIRQHandler
                0x00000262                CMP2_DriverIRQHandler
                0x00000262                UART2_ERR_DriverIRQHandler
                0x00000262                SPI2_DriverIRQHandler
                0x00000262                LVD_LVW_DriverIRQHandler
                0x00000262                PIT0_DriverIRQHandler
                0x00000262                RNG_DriverIRQHandler
                0x00000262                PORTB_DriverIRQHandler
                0x00000262                DMA4_DriverIRQHandler
                0x00000262                USBDCD_DriverIRQHandler
                0x00000262                UART3_ERR_DriverIRQHandler
                0x00000262                DMA3_DriverIRQHandler
                0x00000262                DMA8_DriverIRQHandler
                0x00000262                DMA9_DriverIRQHandler
                0x00000262                UART0_ERR_DriverIRQHandler
                0x00000262                CMT_DriverIRQHandler
                0x00000262                Reserved71_DriverIRQHandler
                0x00000262                ADC1_DriverIRQHandler
                0x00000262                PORTA_DriverIRQHandler
                0x00000262                DMA14_DriverIRQHandler
                0x00000262                PIT3_DriverIRQHandler
                0x00000262                PIT1_DriverIRQHandler
                0x00000262                WDOG_EWM_DriverIRQHandler
                0x00000262                PDB0_DriverIRQHandler
                0x00000262                RTC_DriverIRQHandler
                0x00000262                I2S0_Rx_DriverIRQHandler
                0x00000262                Read_Collision_DriverIRQHandler
                0x00000262                SWI_DriverIRQHandler
                0x00000262                UART4_ERR_DriverIRQHandler
                0x00000262                DMA0_DriverIRQHandler
                0x00000262                UART0_LON_DriverIRQHandler
                0x00000262                DMA1_DriverIRQHandler
                0x00000262                I2C1_DriverIRQHandler
                0x00000262                ENET_Receive_DriverIRQHandler
                0x00000262                DMA13_DriverIRQHandler
                0x00000262                ENET_Error_DriverIRQHandler
                0x00000262                DMA15_DriverIRQHandler
                0x00000262                SPI0_DriverIRQHandler
                0x00000262                ADC0_DriverIRQHandler
                0x00000262                CMP0_DriverIRQHandler
                0x00000262                CAN0_DriverIRQHandler
                0x00000262                FTM3_DriverIRQHandler
                0x00000262                DMA5_DriverIRQHandler
                0x00000262                UART1_ERR_DriverIRQHandler
                0x00000262                DMA2_DriverIRQHandler
                0x00000262                ENET_Transmit_DriverIRQHandler
                0x00000262                PORTD_DriverIRQHandler
                0x00000262                PORTE_DriverIRQHandler
                0x00000262                FTFE_DriverIRQHandler
                0x00000262                I2C0_DriverIRQHandler
                0x00000262                DMA7_DriverIRQHandler
                0x00000400                . = 0x400
 *fill*         0x00000264      0x19c ff
                0x00000400                PROVIDE (__FLASH_CONFIG_START__ = .)
 *(SORT_BY_ALIGNMENT(.FlashConfig))
 .FlashConfig   0x00000400       0x10 ./startup/startup_mk64f12.o
                0x00000400                Flash_Config
                0x00000410                PROVIDE (__FLASH_CONFIG_END__ = .)
                0x00000001                ASSERT (! ((__FLASH_CONFIG_START__ == __FLASH_CONFIG_END__)), Linker Flash Config Support Enabled, but no .FlashConfig section provided within application)
 *(SORT_BY_ALIGNMENT(.text*))
 .text.SVC_Handler
                0x00000410       0x28 ./freertos/freertos_kernel/portable/GCC/ARM_CM4F/port.o
                0x00000410                SVC_Handler
 *fill*         0x00000438        0x8 ff
 .text.PendSV_Handler
                0x00000440       0x68 ./freertos/freertos_kernel/portable/GCC/ARM_CM4F/port.o
                0x00000440                PendSV_Handler
 .text.__assertion_failed
                0x000004a8       0x18 ./utilities/fsl_assert.o
                0x000004a8                __assertion_failed
 .text.SDCARD_DetectCallBack
                0x000004c0       0x30 ./source/sdcard_fatfs_freertos.o
 .text.CardDetectTask
                0x000004f0      0x104 ./source/sdcard_fatfs_freertos.o
 .text.main     0x000005f4       0xb8 ./source/sdcard_fatfs_freertos.o
                0x000005f4                main
 .text.DEMO_MakeFileSystem
                0x000006ac       0xbc ./source/sdcard_fatfs_freertos.o
 .text.FileAccessTask1
                0x00000768      0x120 ./source/sdcard_fatfs_freertos.o
 .text.FileAccessTask2
                0x00000888      0x120 ./source/sdcard_fatfs_freertos.o
 .text.SD_SendApplicationCmd
                0x000009a8       0x30 ./sdmmc/src/fsl_sd.o
 .text.SD_GoIdle
                0x000009d8       0x2c ./sdmmc/src/fsl_sd.o
 .text.SD_SetBlockSize
                0x00000a04       0x30 ./sdmmc/src/fsl_sd.o
 .text.SD_ExecuteTuning
                0x00000a34       0x3c ./sdmmc/src/fsl_sd.o
 .text.SD_SwitchVoltage
                0x00000a70      0x10c ./sdmmc/src/fsl_sd.o
 .text.SD_StopTransmission
                0x00000b7c       0x80 ./sdmmc/src/fsl_sd.o
 .text.SD_Transfer
                0x00000bfc       0xc8 ./sdmmc/src/fsl_sd.o
 .text.SD_SendCardStatus
                0x00000cc4       0xac ./sdmmc/src/fsl_sd.o
 .text.SD_PollingCardStatusBusy
                0x00000d70       0x7c ./sdmmc/src/fsl_sd.o
                0x00000d70                SD_PollingCardStatusBusy
 .text.SD_SendWriteSuccessBlocks
                0x00000dec       0xf0 ./sdmmc/src/fsl_sd.o
 .text.SD_SendRca
                0x00000edc       0x74 ./sdmmc/src/fsl_sd.o
 .text.SD_SwitchFunction
                0x00000f50       0xc8 ./sdmmc/src/fsl_sd.o
 .text.SD_DecodeScr
                0x00001018      0x178 ./sdmmc/src/fsl_sd.o
 .text.SD_SendScr
                0x00001190       0xe0 ./sdmmc/src/fsl_sd.o
 .text.SD_SelectFunction
                0x00001270      0x188 ./sdmmc/src/fsl_sd.o
 .text.SD_SetDataBusWidth
                0x000013f8       0x9c ./sdmmc/src/fsl_sd.o
 .text.SD_DecodeCsd
                0x00001494      0x374 ./sdmmc/src/fsl_sd.o
 .text.SD_SendCsd
                0x00001808       0x98 ./sdmmc/src/fsl_sd.o
 .text.SD_DecodeCid
                0x000018a0       0xd4 ./sdmmc/src/fsl_sd.o
 .text.SD_AllSendCid
                0x00001974       0x94 ./sdmmc/src/fsl_sd.o
 .text.SD_ApplicationSendOperationCondition
                0x00001a08       0xdc ./sdmmc/src/fsl_sd.o
 .text.SD_SendInterfaceCondition
                0x00001ae4       0x98 ./sdmmc/src/fsl_sd.o
 .text.SD_SelectBusTiming
                0x00001b7c      0x268 ./sdmmc/src/fsl_sd.o
 .text.SD_DecodeStatus
                0x00001de4      0x114 ./sdmmc/src/fsl_sd.o
 .text.SD_ReadStatus
                0x00001ef8       0xfc ./sdmmc/src/fsl_sd.o
                0x00001ef8                SD_ReadStatus
 .text.SD_SelectCard
                0x00001ff4       0x38 ./sdmmc/src/fsl_sd.o
                0x00001ff4                SD_SelectCard
 .text.SD_Read  0x0000202c      0x14c ./sdmmc/src/fsl_sd.o
 .text.SD_Write
                0x00002178      0x164 ./sdmmc/src/fsl_sd.o
 .text.SD_ReadBlocks
                0x000022dc      0x188 ./sdmmc/src/fsl_sd.o
                0x000022dc                SD_ReadBlocks
 .text.SD_WriteBlocks
                0x00002464      0x184 ./sdmmc/src/fsl_sd.o
                0x00002464                SD_WriteBlocks
 .text.SD_ProbeBusVoltage
                0x000025e8      0x164 ./sdmmc/src/fsl_sd.o
 .text.sdcard_init
                0x0000274c      0x160 ./sdmmc/src/fsl_sd.o
 .text.SD_CardInit
                0x000028ac       0x60 ./sdmmc/src/fsl_sd.o
                0x000028ac                SD_CardInit
 .text.SD_CardDeinit
                0x0000290c       0x54 ./sdmmc/src/fsl_sd.o
                0x0000290c                SD_CardDeinit
 .text.SD_HostInit
                0x00002960       0x8c ./sdmmc/src/fsl_sd.o
                0x00002960                SD_HostInit
 .text.SD_HostDeinit
                0x000029ec       0x34 ./sdmmc/src/fsl_sd.o
                0x000029ec                SD_HostDeinit
 .text.SD_SetCardPower
                0x00002a20       0x80 ./sdmmc/src/fsl_sd.o
                0x00002a20                SD_SetCardPower
 .text.SD_PollingCardInsert
                0x00002aa0       0xcc ./sdmmc/src/fsl_sd.o
                0x00002aa0                SD_PollingCardInsert
 .text.SD_Init  0x00002b6c       0x84 ./sdmmc/src/fsl_sd.o
                0x00002b6c                SD_Init
 .text.SDMMC_SelectCard
                0x00002bf0       0x84 ./sdmmc/src/fsl_sdmmc_common.o
                0x00002bf0                SDMMC_SelectCard
 .text.SDMMC_SendApplicationCommand
                0x00002c74       0x80 ./sdmmc/src/fsl_sdmmc_common.o
                0x00002c74                SDMMC_SendApplicationCommand
 .text.SDMMC_SetBlockSize
                0x00002cf4       0x70 ./sdmmc/src/fsl_sdmmc_common.o
                0x00002cf4                SDMMC_SetBlockSize
 .text.SDMMC_OSAEventCreate
                0x00002d64       0x30 ./sdmmc/osa/fsl_sdmmc_osa.o
                0x00002d64                SDMMC_OSAEventCreate
 .text.SDMMC_OSAEventWait
                0x00002d94       0x6c ./sdmmc/osa/fsl_sdmmc_osa.o
                0x00002d94                SDMMC_OSAEventWait
 .text.SDMMC_OSAEventSet
                0x00002e00       0x4c ./sdmmc/osa/fsl_sdmmc_osa.o
                0x00002e00                SDMMC_OSAEventSet
 .text.SDMMC_OSAEventGet
                0x00002e4c       0x40 ./sdmmc/osa/fsl_sdmmc_osa.o
                0x00002e4c                SDMMC_OSAEventGet
 .text.SDMMC_OSAEventClear
                0x00002e8c       0x44 ./sdmmc/osa/fsl_sdmmc_osa.o
                0x00002e8c                SDMMC_OSAEventClear
 .text.SDMMC_OSAEventDestroy
                0x00002ed0       0x2c ./sdmmc/osa/fsl_sdmmc_osa.o
                0x00002ed0                SDMMC_OSAEventDestroy
 .text.SDMMC_OSAMutexCreate
                0x00002efc       0x2c ./sdmmc/osa/fsl_sdmmc_osa.o
                0x00002efc                SDMMC_OSAMutexCreate
 .text.SDMMC_OSAMutexLock
                0x00002f28       0x30 ./sdmmc/osa/fsl_sdmmc_osa.o
                0x00002f28                SDMMC_OSAMutexLock
 .text.SDMMC_OSAMutexUnlock
                0x00002f58       0x2c ./sdmmc/osa/fsl_sdmmc_osa.o
                0x00002f58                SDMMC_OSAMutexUnlock
 .text.SDMMC_OSAMutexDestroy
                0x00002f84       0x2c ./sdmmc/osa/fsl_sdmmc_osa.o
                0x00002f84                SDMMC_OSAMutexDestroy
 .text.SDMMC_OSADelayUs
                0x00002fb0       0x50 ./sdmmc/osa/fsl_sdmmc_osa.o
                0x00002fb0                SDMMC_OSADelayUs
 .text.SDMMCHOST_PollingCardDetectStatus
                0x00003000      0x120 ./sdmmc/host/fsl_sdmmc_host.o
                0x00003000                SDMMCHOST_PollingCardDetectStatus
 .text.SDMMCHOST_Init
                0x00003120       0xdc ./sdmmc/host/fsl_sdmmc_host.o
                0x00003120                SDMMCHOST_Init
 .text.pvPortMalloc
                0x000031fc      0x1c0 ./freertos/freertos_kernel/portable/MemMang/heap_4.o
                0x000031fc                pvPortMalloc
 .text.vPortFree
                0x000033bc       0xc4 ./freertos/freertos_kernel/portable/MemMang/heap_4.o
                0x000033bc                vPortFree
 .text.prvHeapInit
                0x00003480       0xc4 ./freertos/freertos_kernel/portable/MemMang/heap_4.o
 .text.prvInsertBlockIntoFreeList
                0x00003544       0xb4 ./freertos/freertos_kernel/portable/MemMang/heap_4.o
 .text.pxPortInitialiseStack
                0x000035f8       0x68 ./freertos/freertos_kernel/portable/GCC/ARM_CM4F/port.o
                0x000035f8                pxPortInitialiseStack
 .text.prvTaskExitError
                0x00003660       0x58 ./freertos/freertos_kernel/portable/GCC/ARM_CM4F/port.o
 .text.prvPortStartFirstTask
                0x000036b8       0x2c ./freertos/freertos_kernel/portable/GCC/ARM_CM4F/port.o
 .text.xPortStartScheduler
                0x000036e4      0x144 ./freertos/freertos_kernel/portable/GCC/ARM_CM4F/port.o
                0x000036e4                xPortStartScheduler
 .text.vPortEnterCritical
                0x00003828       0x60 ./freertos/freertos_kernel/portable/GCC/ARM_CM4F/port.o
                0x00003828                vPortEnterCritical
 .text.vPortExitCritical
                0x00003888       0x54 ./freertos/freertos_kernel/portable/GCC/ARM_CM4F/port.o
                0x00003888                vPortExitCritical
 .text.SysTick_Handler
                0x000038dc       0x44 ./freertos/freertos_kernel/portable/GCC/ARM_CM4F/port.o
                0x000038dc                SysTick_Handler
 .text.vPortSetupTimerInterrupt
                0x00003920       0x48 ./freertos/freertos_kernel/portable/GCC/ARM_CM4F/port.o
                0x00003920                vPortSetupTimerInterrupt
 .text.vPortEnableVFP
                0x00003968       0x18 ./freertos/freertos_kernel/portable/GCC/ARM_CM4F/port.o
 .text.vPortValidateInterruptPriority
                0x00003980       0x80 ./freertos/freertos_kernel/portable/GCC/ARM_CM4F/port.o
                0x00003980                vPortValidateInterruptPriority
 .text.xQueueGenericReset
                0x00003a00       0xd0 ./freertos/freertos_kernel/queue.o
                0x00003a00                xQueueGenericReset
 .text.xQueueGenericSend
                0x00003ad0      0x1fc ./freertos/freertos_kernel/queue.o
                0x00003ad0                xQueueGenericSend
 .text.xQueueReceive
                0x00003ccc      0x1c0 ./freertos/freertos_kernel/queue.o
                0x00003ccc                xQueueReceive
 .text.xQueueSemaphoreTake
                0x00003e8c      0x21c ./freertos/freertos_kernel/queue.o
                0x00003e8c                xQueueSemaphoreTake
 .text.vQueueAddToRegistry
                0x000040a8       0x54 ./freertos/freertos_kernel/queue.o
                0x000040a8                vQueueAddToRegistry
 .text.vQueueUnregisterQueue
                0x000040fc       0x54 ./freertos/freertos_kernel/queue.o
                0x000040fc                vQueueUnregisterQueue
 .text.prvAddNewTaskToReadyList
                0x00004150       0xdc ./freertos/freertos_kernel/tasks.o
 .text.vTaskDelay
                0x0000422c       0x68 ./freertos/freertos_kernel/tasks.o
                0x0000422c                vTaskDelay
 .text.vTaskSuspend
                0x00004294      0x140 ./freertos/freertos_kernel/tasks.o
                0x00004294                vTaskSuspend
 .text.vTaskStartScheduler
                0x000043d4       0xa4 ./freertos/freertos_kernel/tasks.o
                0x000043d4                vTaskStartScheduler
 .text.vTaskSuspendAll
                0x00004478       0x1c ./freertos/freertos_kernel/tasks.o
                0x00004478                vTaskSuspendAll
 .text.xTaskResumeAll
                0x00004494      0x138 ./freertos/freertos_kernel/tasks.o
                0x00004494                xTaskResumeAll
 .text.xTaskGetTickCount
                0x000045cc       0x20 ./freertos/freertos_kernel/tasks.o
                0x000045cc                xTaskGetTickCount
 .text.xTaskIncrementTick
                0x000045ec      0x170 ./freertos/freertos_kernel/tasks.o
                0x000045ec                xTaskIncrementTick
 .text.vTaskSwitchContext
                0x0000475c       0xb8 ./freertos/freertos_kernel/tasks.o
                0x0000475c                vTaskSwitchContext
 .text.vTaskPlaceOnEventList
                0x00004814       0x48 ./freertos/freertos_kernel/tasks.o
                0x00004814                vTaskPlaceOnEventList
 .text.vTaskPlaceOnEventListRestricted
                0x0000485c       0x58 ./freertos/freertos_kernel/tasks.o
                0x0000485c                vTaskPlaceOnEventListRestricted
 .text.xTaskRemoveFromEventList
                0x000048b4       0xc4 ./freertos/freertos_kernel/tasks.o
                0x000048b4                xTaskRemoveFromEventList
 .text.vTaskInternalSetTimeOutState
                0x00004978       0x2c ./freertos/freertos_kernel/tasks.o
                0x00004978                vTaskInternalSetTimeOutState
 .text.xTaskCheckForTimeOut
                0x000049a4       0xcc ./freertos/freertos_kernel/tasks.o
                0x000049a4                xTaskCheckForTimeOut
 .text.vTaskMissedYield
                0x00004a70       0x18 ./freertos/freertos_kernel/tasks.o
                0x00004a70                vTaskMissedYield
 .text.prvIdleTask
                0x00004a88       0x30 ./freertos/freertos_kernel/tasks.o
 .text.prvInitialiseTaskLists
                0x00004ab8       0x80 ./freertos/freertos_kernel/tasks.o
 .text.prvCheckTasksWaitingTermination
                0x00004b38       0x5c ./freertos/freertos_kernel/tasks.o
 .text.prvResetNextTaskUnblockTime
                0x00004b94       0x38 ./freertos/freertos_kernel/tasks.o
 .text.xTaskGetCurrentTaskHandle
                0x00004bcc       0x20 ./freertos/freertos_kernel/tasks.o
                0x00004bcc                xTaskGetCurrentTaskHandle
 .text.xTaskGetSchedulerState
                0x00004bec       0x3c ./freertos/freertos_kernel/tasks.o
                0x00004bec                xTaskGetSchedulerState
 .text.xTaskPriorityInherit
                0x00004c28       0xec ./freertos/freertos_kernel/tasks.o
                0x00004c28                xTaskPriorityInherit
 .text.xTaskPriorityDisinherit
                0x00004d14       0xf4 ./freertos/freertos_kernel/tasks.o
                0x00004d14                xTaskPriorityDisinherit
 .text.vTaskPriorityDisinheritAfterTimeout
                0x00004e08      0x11c ./freertos/freertos_kernel/tasks.o
                0x00004e08                vTaskPriorityDisinheritAfterTimeout
 .text.pvTaskIncrementMutexHeldCount
                0x00004f24       0x28 ./freertos/freertos_kernel/tasks.o
                0x00004f24                pvTaskIncrementMutexHeldCount
 .text.xTaskGenericNotifyWait
                0x00004f4c      0x108 ./freertos/freertos_kernel/tasks.o
                0x00004f4c                xTaskGenericNotifyWait
 .text.xTaskGenericNotify
                0x00005054      0x1d0 ./freertos/freertos_kernel/tasks.o
                0x00005054                xTaskGenericNotify
 .text.prvAddCurrentTaskToDelayedList
                0x00005224       0xcc ./freertos/freertos_kernel/tasks.o
 .text.xTimerCreateTimerTask
                0x000052f0       0x64 ./freertos/freertos_kernel/timers.o
                0x000052f0                xTimerCreateTimerTask
 .text.xTimerGenericCommand
                0x00005354       0x9c ./freertos/freertos_kernel/timers.o
                0x00005354                xTimerGenericCommand
 .text.prvProcessExpiredTimer
                0x000053f0       0x98 ./freertos/freertos_kernel/timers.o
 .text.prvProcessTimerOrBlockTask
                0x00005488       0x9c ./freertos/freertos_kernel/timers.o
 .text.prvGetNextExpireTime
                0x00005524       0x48 ./freertos/freertos_kernel/timers.o
 .text.prvSampleTimeNow
                0x0000556c       0x40 ./freertos/freertos_kernel/timers.o
 .text.prvInsertTimerInActiveList
                0x000055ac       0x84 ./freertos/freertos_kernel/timers.o
 .text.prvProcessReceivedCommands
                0x00005630      0x1c4 ./freertos/freertos_kernel/timers.o
 .text.prvSwitchTimerLists
                0x000057f4       0xc8 ./freertos/freertos_kernel/timers.o
 .text.prvCheckForValidListAndQueue
                0x000058bc       0x6c ./freertos/freertos_kernel/timers.o
 .text.sd_disk_write
                0x00005928       0x40 ./fatfs/source/fsl_sd_disk/fsl_sd_disk.o
                0x00005928                sd_disk_write
 .text.sd_disk_read
                0x00005968       0x40 ./fatfs/source/fsl_sd_disk/fsl_sd_disk.o
                0x00005968                sd_disk_read
 .text.sd_disk_ioctl
                0x000059a8       0xa4 ./fatfs/source/fsl_sd_disk/fsl_sd_disk.o
                0x000059a8                sd_disk_ioctl
 .text.sd_disk_initialize
                0x00005a4c       0x5c ./fatfs/source/fsl_sd_disk/fsl_sd_disk.o
                0x00005a4c                sd_disk_initialize
 .text.sync_fs  0x00005aa8       0xdc ./fatfs/source/ff.o
 .text.create_name
                0x00005b84      0x200 ./fatfs/source/ff.o
 .text.get_ldnumber
                0x00005d84       0x90 ./fatfs/source/ff.o
 .text.check_fs
                0x00005e14      0x118 ./fatfs/source/ff.o
 .text.mount_volume
                0x00005f2c      0x414 ./fatfs/source/ff.o
 .text.f_mount  0x00006340       0xbc ./fatfs/source/ff.o
                0x00006340                f_mount
 .text.f_open   0x000063fc      0x320 ./fatfs/source/ff.o
                0x000063fc                f_open
 .text.f_sync   0x0000671c      0x114 ./fatfs/source/ff.o
                0x0000671c                f_sync
 .text.f_chdrive
                0x00006830       0x34 ./fatfs/source/ff.o
                0x00006830                f_chdrive
 .text.f_mkdir  0x00006864      0x1c4 ./fatfs/source/ff.o
                0x00006864                f_mkdir
 .text.CLOCK_SetEr32kClock
                0x00006a28       0x30 ./drivers/fsl_clock.o
 .text.CLOCK_SetPllFllSelClock
                0x00006a58       0x38 ./drivers/fsl_clock.o
 .text.CLOCK_GetMcgExtClkFreq
                0x00006a90       0x7c ./drivers/fsl_clock.o
 .text.CLOCK_GetFllExtRefClkFreq
                0x00006b0c       0xb0 ./drivers/fsl_clock.o
 .text.CLOCK_GetInternalRefClkSelectFreq
                0x00006bbc       0x4c ./drivers/fsl_clock.o
 .text.CLOCK_GetFllRefClkFreq
                0x00006c08       0x34 ./drivers/fsl_clock.o
 .text.CLOCK_GetOscRangeFromFreq
                0x00006c3c       0x3c ./drivers/fsl_clock.o
 .text.CLOCK_GetOsc0ErClkFreq
                0x00006c78       0x44 ./drivers/fsl_clock.o
                0x00006c78                CLOCK_GetOsc0ErClkFreq
 .text.CLOCK_GetEr32kClkFreq
                0x00006cbc       0x74 ./drivers/fsl_clock.o
                0x00006cbc                CLOCK_GetEr32kClkFreq
 .text.CLOCK_GetPllFllSelClkFreq
                0x00006d30       0x54 ./drivers/fsl_clock.o
                0x00006d30                CLOCK_GetPllFllSelClkFreq
 .text.CLOCK_GetCoreSysClkFreq
                0x00006d84       0x28 ./drivers/fsl_clock.o
                0x00006d84                CLOCK_GetCoreSysClkFreq
 .text.CLOCK_GetFreq
                0x00006dac      0x140 ./drivers/fsl_clock.o
                0x00006dac                CLOCK_GetFreq
 .text.CLOCK_SetSimConfig
                0x00006eec       0x34 ./drivers/fsl_clock.o
                0x00006eec                CLOCK_SetSimConfig
 .text.CLOCK_GetOutClkFreq
                0x00006f20       0x64 ./drivers/fsl_clock.o
                0x00006f20                CLOCK_GetOutClkFreq
 .text.CLOCK_GetFllFreq
                0x00006f84       0x84 ./drivers/fsl_clock.o
                0x00006f84                CLOCK_GetFllFreq
 .text.CLOCK_GetInternalRefClkFreq
                0x00007008       0x30 ./drivers/fsl_clock.o
                0x00007008                CLOCK_GetInternalRefClkFreq
 .text.CLOCK_GetPll0Freq
                0x00007038       0x78 ./drivers/fsl_clock.o
                0x00007038                CLOCK_GetPll0Freq
 .text.CLOCK_SetExternalRefClkConfig
                0x000070b0       0x6c ./drivers/fsl_clock.o
                0x000070b0                CLOCK_SetExternalRefClkConfig
 .text.CLOCK_SetInternalRefClkConfig
                0x0000711c      0x104 ./drivers/fsl_clock.o
                0x0000711c                CLOCK_SetInternalRefClkConfig
 .text.CLOCK_EnablePll0
                0x00007220       0x88 ./drivers/fsl_clock.o
                0x00007220                CLOCK_EnablePll0
 .text.CLOCK_InitOsc0
                0x000072a8       0x8c ./drivers/fsl_clock.o
                0x000072a8                CLOCK_InitOsc0
 .text.CLOCK_SetPbeMode
                0x00007334       0xa8 ./drivers/fsl_clock.o
                0x00007334                CLOCK_SetPbeMode
 .text.CLOCK_BootToPeeMode
                0x000073dc       0x64 ./drivers/fsl_clock.o
                0x000073dc                CLOCK_BootToPeeMode
 .text.__NVIC_EnableIRQ
                0x00007440       0x3c ./drivers/fsl_sdhc.o
 .text.SDHC_GetInstance
                0x0000747c       0x40 ./drivers/fsl_sdhc.o
 .text.SDHC_ReceiveCommandResponse
                0x000074bc       0xc0 ./drivers/fsl_sdhc.o
 .text.SDHC_TransferHandleCommand
                0x0000757c       0xb0 ./drivers/fsl_sdhc.o
 .text.SDHC_TransferHandleData
                0x0000762c       0xdc ./drivers/fsl_sdhc.o
 .text.SDHC_Init
                0x00007708      0x114 ./drivers/fsl_sdhc.o
                0x00007708                SDHC_Init
 .text.SDHC_Deinit
                0x0000781c       0x24 ./drivers/fsl_sdhc.o
                0x0000781c                SDHC_Deinit
 .text.SDHC_SetSdClock
                0x00007840      0x17c ./drivers/fsl_sdhc.o
                0x00007840                SDHC_SetSdClock
 .text.SDHC_SetTransferConfig
                0x000079bc       0x8c ./drivers/fsl_sdhc.o
                0x000079bc                SDHC_SetTransferConfig
 .text.SDHC_SetAdmaTableConfig
                0x00007a48      0x15c ./drivers/fsl_sdhc.o
                0x00007a48                SDHC_SetAdmaTableConfig
 .text.SDHC_TransferCreateHandle
                0x00007ba4       0xa0 ./drivers/fsl_sdhc.o
                0x00007ba4                SDHC_TransferCreateHandle
 .text.SDHC_TransferNonBlocking
                0x00007c44      0x13c ./drivers/fsl_sdhc.o
                0x00007c44                SDHC_TransferNonBlocking
 .text.SDHC_TransferHandleIRQ
                0x00007d80       0x9c ./drivers/fsl_sdhc.o
                0x00007d80                SDHC_TransferHandleIRQ
 .text.SDHC_DriverIRQHandler
                0x00007e1c       0x3c ./drivers/fsl_sdhc.o
                0x00007e1c                SDHC_DriverIRQHandler
 .text.UART0_DriverIRQHandler
                0x00007e58       0x28 ./drivers/fsl_uart.o
                0x00007e58                UART0_DriverIRQHandler
 .text.UART1_DriverIRQHandler
                0x00007e80       0x28 ./drivers/fsl_uart.o
                0x00007e80                UART1_DriverIRQHandler
 .text.UART2_DriverIRQHandler
                0x00007ea8       0x28 ./drivers/fsl_uart.o
                0x00007ea8                UART2_DriverIRQHandler
 .text.UART3_DriverIRQHandler
                0x00007ed0       0x28 ./drivers/fsl_uart.o
                0x00007ed0                UART3_DriverIRQHandler
 .text.UART4_DriverIRQHandler
                0x00007ef8       0x28 ./drivers/fsl_uart.o
                0x00007ef8                UART4_DriverIRQHandler
 .text.UART5_DriverIRQHandler
                0x00007f20       0x28 ./drivers/fsl_uart.o
                0x00007f20                UART5_DriverIRQHandler
 .text.SystemInit
                0x00007f48       0x3c ./device/system_MK64F12.o
                0x00007f48                SystemInit
 .text.OSA_TimeDelay
                0x00007f84       0x30 ./component/osa/fsl_os_abstraction_free_rtos.o
                0x00007f84                OSA_TimeDelay
 .text.OSA_SemaphoreCreate
                0x00007fb4       0x44 ./component/osa/fsl_os_abstraction_free_rtos.o
                0x00007fb4                OSA_SemaphoreCreate
 .text.OSA_SemaphoreDestroy
                0x00007ff8       0x30 ./component/osa/fsl_os_abstraction_free_rtos.o
                0x00007ff8                OSA_SemaphoreDestroy
 .text.OSA_SemaphoreWait
                0x00008028       0x68 ./component/osa/fsl_os_abstraction_free_rtos.o
                0x00008028                OSA_SemaphoreWait
 .text.OSA_SemaphorePost
                0x00008090       0x98 ./component/osa/fsl_os_abstraction_free_rtos.o
                0x00008090                OSA_SemaphorePost
 .text.OSA_MutexCreate
                0x00008128       0x40 ./component/osa/fsl_os_abstraction_free_rtos.o
                0x00008128                OSA_MutexCreate
 .text.OSA_MutexLock
                0x00008168       0x68 ./component/osa/fsl_os_abstraction_free_rtos.o
                0x00008168                OSA_MutexLock
 .text.OSA_MutexUnlock
                0x000081d0       0x3c ./component/osa/fsl_os_abstraction_free_rtos.o
                0x000081d0                OSA_MutexUnlock
 .text.OSA_MutexDestroy
                0x0000820c       0x30 ./component/osa/fsl_os_abstraction_free_rtos.o
                0x0000820c                OSA_MutexDestroy
 .text.CLOCK_SetSimSafeDivs
                0x0000823c       0x20 ./board/clock_config.o
 .text.CLOCK_SetXtal0Freq
                0x0000825c       0x20 ./board/clock_config.o
 .text.CLOCK_CONFIG_SetFllExtRefDiv
                0x0000827c       0x3c ./board/clock_config.o
 .text.BOARD_BootClockRUN
                0x000082b8       0x60 ./board/clock_config.o
                0x000082b8                BOARD_BootClockRUN
 .text.BOARD_InitPins
                0x00008318      0x120 ./board/pin_mux.o
                0x00008318                BOARD_InitPins
 .text.__NVIC_EnableIRQ
                0x00008438       0x3c ./board/sdmmc_config.o
 .text.__NVIC_SetPriority
                0x00008474       0x54 ./board/sdmmc_config.o
 .text.BOARD_SDCardGetDetectStatus
                0x000084c8       0x20 ./board/sdmmc_config.o
                0x000084c8                BOARD_SDCardGetDetectStatus
 .text.PORTE_IRQHandler
                0x000084e8       0x48 ./board/sdmmc_config.o
                0x000084e8                PORTE_IRQHandler
 .text.BOARD_SDCardDetectInit
                0x00008530       0x74 ./board/sdmmc_config.o
                0x00008530                BOARD_SDCardDetectInit
 .text.BOARD_SD_Config
                0x000085a4       0x74 ./board/sdmmc_config.o
                0x000085a4                BOARD_SD_Config
 .text.malloc   0x00008618       0xc8 e:/mcuxpressoide_11.4.1_6260/ide/plugins/com.nxp.mcuxpresso.tools.win32_11.4.0.202103011116/tools/bin/../lib/gcc/arm-none-eabi/10.2.1/../../../../arm-none-eabi/lib/thumb/v7e-m+fp/hard\libcr_c.a(alloc.o)
                0x00008618                malloc
 .text._Csys_alloc
                0x000086e0       0x20 e:/mcuxpressoide_11.4.1_6260/ide/plugins/com.nxp.mcuxpresso.tools.win32_11.4.0.202103011116/tools/bin/../lib/gcc/arm-none-eabi/10.2.1/../../../../arm-none-eabi/lib/thumb/v7e-m+fp/hard\libcr_c.a(alloc.o)
                0x000086e0                _Csys_alloc
 .text._initio  0x00008700       0x78 e:/mcuxpressoide_11.4.1_6260/ide/plugins/com.nxp.mcuxpresso.tools.win32_11.4.0.202103011116/tools/bin/../lib/gcc/arm-none-eabi/10.2.1/../../../../arm-none-eabi/lib/thumb/v7e-m+fp/hard\libcr_c.a(initio.o)
                0x00008700                _initio
 .text.__vfprintf
                0x00008778      0xbf4 e:/mcuxpressoide_11.4.1_6260/ide/plugins/com.nxp.mcuxpresso.tools.win32_11.4.0.202103011116/tools/bin/../lib/gcc/arm-none-eabi/10.2.1/../../../../arm-none-eabi/lib/thumb/v7e-m+fp/hard\libcr_c.a(printf.o)
                0x00008778                __vfprintf
 .text._vsnprintf
                0x0000936c       0x68 e:/mcuxpressoide_11.4.1_6260/ide/plugins/com.nxp.mcuxpresso.tools.win32_11.4.0.202103011116/tools/bin/../lib/gcc/arm-none-eabi/10.2.1/../../../../arm-none-eabi/lib/thumb/v7e-m+fp/hard\libcr_c.a(printf.o)
                0x0000936c                _vsnprintf
 .text._printf  0x000093d4       0x54 e:/mcuxpressoide_11.4.1_6260/ide/plugins/com.nxp.mcuxpresso.tools.win32_11.4.0.202103011116/tools/bin/../lib/gcc/arm-none-eabi/10.2.1/../../../../arm-none-eabi/lib/thumb/v7e-m+fp/hard\libcr_c.a(printf.o)
                0x000093d4                _printf
 .text._sbrk    0x00009428       0x3c e:/mcuxpressoide_11.4.1_6260/ide/plugins/com.nxp.mcuxpresso.tools.win32_11.4.0.202103011116/tools/bin/../lib/gcc/arm-none-eabi/10.2.1/../../../../arm-none-eabi/lib/thumb/v7e-m+fp/hard\libcr_c.a(_cr_sbrk.o)
                0x00009428                _sbrk
 .text._Cwritebuf
                0x00009464       0x6c e:/mcuxpressoide_11.4.1_6260/ide/plugins/com.nxp.mcuxpresso.tools.win32_11.4.0.202103011116/tools/bin/../lib/gcc/arm-none-eabi/10.2.1/../../../../arm-none-eabi/lib/thumb/v7e-m+fp/hard\libcr_c.a(_writebuf.o)
                0x00009464                _Cwritebuf
 .text.fflush   0x000094d0       0x3c e:/mcuxpressoide_11.4.1_6260/ide/plugins/com.nxp.mcuxpresso.tools.win32_11.4.0.202103011116/tools/bin/../lib/gcc/arm-none-eabi/10.2.1/../../../../arm-none-eabi/lib/thumb/v7e-m+fp/hard\libcr_c.a(fflush.o)
                0x000094d0                fflush
 .text.fseek    0x0000950c      0x100 e:/mcuxpressoide_11.4.1_6260/ide/plugins/com.nxp.mcuxpresso.tools.win32_11.4.0.202103011116/tools/bin/../lib/gcc/arm-none-eabi/10.2.1/../../../../arm-none-eabi/lib/thumb/v7e-m+fp/hard\libcr_c.a(fseek.o)
                0x0000950c                fseek
 .text.ftell    0x0000960c       0x44 e:/mcuxpressoide_11.4.1_6260/ide/plugins/com.nxp.mcuxpresso.tools.win32_11.4.0.202103011116/tools/bin/../lib/gcc/arm-none-eabi/10.2.1/../../../../arm-none-eabi/lib/thumb/v7e-m+fp/hard\libcr_c.a(ftell.o)
                0x0000960c                ftell
 .text.__check_heap_overflow
                0x00009650       0x18 e:/mcuxpressoide_11.4.1_6260/ide/plugins/com.nxp.mcuxpresso.tools.win32_11.4.0.202103011116/tools/bin/../lib/gcc/arm-none-eabi/10.2.1/../../../../arm-none-eabi/lib/thumb/v7e-m+fp/hard\libcr_c.a(_cr_check_heap.o)
                0x00009650                __check_heap_overflow
 .text.__sys_appexit
                0x00009668        0xc e:/mcuxpressoide_11.4.1_6260/ide/plugins/com.nxp.mcuxpresso.tools.win32_11.4.0.202103011116/tools/bin/../lib/gcc/arm-none-eabi/10.2.1/../../../../arm-none-eabi/lib/thumb/v7e-m+fp/hard\libcr_semihost_nf.a(__sys_appexit.o)
                0x00009668                __sys_appexit
                0x00009668                __exit
 .text.DMA0_IRQHandler
                0x00009674        0x8 ./startup/startup_mk64f12.o
                0x00009674                DMA0_IRQHandler
 .text.DMA1_IRQHandler
                0x0000967c        0x8 ./startup/startup_mk64f12.o
                0x0000967c                DMA1_IRQHandler
 .text.DMA2_IRQHandler
                0x00009684        0x8 ./startup/startup_mk64f12.o
                0x00009684                DMA2_IRQHandler
 .text.DMA3_IRQHandler
                0x0000968c        0x8 ./startup/startup_mk64f12.o
                0x0000968c                DMA3_IRQHandler
 .text.DMA4_IRQHandler
                0x00009694        0x8 ./startup/startup_mk64f12.o
                0x00009694                DMA4_IRQHandler
 .text.DMA5_IRQHandler
                0x0000969c        0x8 ./startup/startup_mk64f12.o
                0x0000969c                DMA5_IRQHandler
 .text.DMA6_IRQHandler
                0x000096a4        0x8 ./startup/startup_mk64f12.o
                0x000096a4                DMA6_IRQHandler
 .text.DMA7_IRQHandler
                0x000096ac        0x8 ./startup/startup_mk64f12.o
                0x000096ac                DMA7_IRQHandler
 .text.DMA8_IRQHandler
                0x000096b4        0x8 ./startup/startup_mk64f12.o
                0x000096b4                DMA8_IRQHandler
 .text.DMA9_IRQHandler
                0x000096bc        0x8 ./startup/startup_mk64f12.o
                0x000096bc                DMA9_IRQHandler
 .text.DMA10_IRQHandler
                0x000096c4        0x8 ./startup/startup_mk64f12.o
                0x000096c4                DMA10_IRQHandler
 .text.DMA11_IRQHandler
                0x000096cc        0x8 ./startup/startup_mk64f12.o
                0x000096cc                DMA11_IRQHandler
 .text.DMA12_IRQHandler
                0x000096d4        0x8 ./startup/startup_mk64f12.o
                0x000096d4                DMA12_IRQHandler
 .text.DMA13_IRQHandler
                0x000096dc        0x8 ./startup/startup_mk64f12.o
                0x000096dc                DMA13_IRQHandler
 .text.DMA14_IRQHandler
                0x000096e4        0x8 ./startup/startup_mk64f12.o
                0x000096e4                DMA14_IRQHandler
 .text.DMA15_IRQHandler
                0x000096ec        0x8 ./startup/startup_mk64f12.o
                0x000096ec                DMA15_IRQHandler
 .text.DMA_Error_IRQHandler
                0x000096f4        0x8 ./startup/startup_mk64f12.o
                0x000096f4                DMA_Error_IRQHandler
 .text.MCM_IRQHandler
                0x000096fc        0x8 ./startup/startup_mk64f12.o
                0x000096fc                MCM_IRQHandler
 .text.FTFE_IRQHandler
                0x00009704        0x8 ./startup/startup_mk64f12.o
                0x00009704                FTFE_IRQHandler
 .text.Read_Collision_IRQHandler
                0x0000970c        0x8 ./startup/startup_mk64f12.o
                0x0000970c                Read_Collision_IRQHandler
 .text.LVD_LVW_IRQHandler
                0x00009714        0x8 ./startup/startup_mk64f12.o
                0x00009714                LVD_LVW_IRQHandler
 .text.LLWU_IRQHandler
                0x0000971c        0x8 ./startup/startup_mk64f12.o
                0x0000971c                LLWU_IRQHandler
 .text.WDOG_EWM_IRQHandler
                0x00009724        0x8 ./startup/startup_mk64f12.o
                0x00009724                WDOG_EWM_IRQHandler
 .text.RNG_IRQHandler
                0x0000972c        0x8 ./startup/startup_mk64f12.o
                0x0000972c                RNG_IRQHandler
 .text.I2C0_IRQHandler
                0x00009734        0x8 ./startup/startup_mk64f12.o
                0x00009734                I2C0_IRQHandler
 .text.I2C1_IRQHandler
                0x0000973c        0x8 ./startup/startup_mk64f12.o
                0x0000973c                I2C1_IRQHandler
 .text.SPI0_IRQHandler
                0x00009744        0x8 ./startup/startup_mk64f12.o
                0x00009744                SPI0_IRQHandler
 .text.SPI1_IRQHandler
                0x0000974c        0x8 ./startup/startup_mk64f12.o
                0x0000974c                SPI1_IRQHandler
 .text.I2S0_Tx_IRQHandler
                0x00009754        0x8 ./startup/startup_mk64f12.o
                0x00009754                I2S0_Tx_IRQHandler
 .text.I2S0_Rx_IRQHandler
                0x0000975c        0x8 ./startup/startup_mk64f12.o
                0x0000975c                I2S0_Rx_IRQHandler
 .text.UART0_LON_IRQHandler
                0x00009764        0x8 ./startup/startup_mk64f12.o
                0x00009764                UART0_LON_IRQHandler
 .text.UART0_RX_TX_IRQHandler
                0x0000976c        0x8 ./startup/startup_mk64f12.o
                0x0000976c                UART0_RX_TX_IRQHandler
 .text.UART0_ERR_IRQHandler
                0x00009774        0x8 ./startup/startup_mk64f12.o
                0x00009774                UART0_ERR_IRQHandler
 .text.UART1_RX_TX_IRQHandler
                0x0000977c        0x8 ./startup/startup_mk64f12.o
                0x0000977c                UART1_RX_TX_IRQHandler
 .text.UART1_ERR_IRQHandler
                0x00009784        0x8 ./startup/startup_mk64f12.o
                0x00009784                UART1_ERR_IRQHandler
 .text.UART2_RX_TX_IRQHandler
                0x0000978c        0x8 ./startup/startup_mk64f12.o
                0x0000978c                UART2_RX_TX_IRQHandler
 .text.UART2_ERR_IRQHandler
                0x00009794        0x8 ./startup/startup_mk64f12.o
                0x00009794                UART2_ERR_IRQHandler
 .text.UART3_RX_TX_IRQHandler
                0x0000979c        0x8 ./startup/startup_mk64f12.o
                0x0000979c                UART3_RX_TX_IRQHandler
 .text.UART3_ERR_IRQHandler
                0x000097a4        0x8 ./startup/startup_mk64f12.o
                0x000097a4                UART3_ERR_IRQHandler
 .text.ADC0_IRQHandler
                0x000097ac        0x8 ./startup/startup_mk64f12.o
                0x000097ac                ADC0_IRQHandler
 .text.CMP0_IRQHandler
                0x000097b4        0x8 ./startup/startup_mk64f12.o
                0x000097b4                CMP0_IRQHandler
 .text.CMP1_IRQHandler
                0x000097bc        0x8 ./startup/startup_mk64f12.o
                0x000097bc                CMP1_IRQHandler
 .text.FTM0_IRQHandler
                0x000097c4        0x8 ./startup/startup_mk64f12.o
                0x000097c4                FTM0_IRQHandler
 .text.FTM1_IRQHandler
                0x000097cc        0x8 ./startup/startup_mk64f12.o
                0x000097cc                FTM1_IRQHandler
 .text.FTM2_IRQHandler
                0x000097d4        0x8 ./startup/startup_mk64f12.o
                0x000097d4                FTM2_IRQHandler
 .text.CMT_IRQHandler
                0x000097dc        0x8 ./startup/startup_mk64f12.o
                0x000097dc                CMT_IRQHandler
 .text.RTC_IRQHandler
                0x000097e4        0x8 ./startup/startup_mk64f12.o
                0x000097e4                RTC_IRQHandler
 .text.RTC_Seconds_IRQHandler
                0x000097ec        0x8 ./startup/startup_mk64f12.o
                0x000097ec                RTC_Seconds_IRQHandler
 .text.PIT0_IRQHandler
                0x000097f4        0x8 ./startup/startup_mk64f12.o
                0x000097f4                PIT0_IRQHandler
 .text.PIT1_IRQHandler
                0x000097fc        0x8 ./startup/startup_mk64f12.o
                0x000097fc                PIT1_IRQHandler
 .text.PIT2_IRQHandler
                0x00009804        0x8 ./startup/startup_mk64f12.o
                0x00009804                PIT2_IRQHandler
 .text.PIT3_IRQHandler
                0x0000980c        0x8 ./startup/startup_mk64f12.o
                0x0000980c                PIT3_IRQHandler
 .text.PDB0_IRQHandler
                0x00009814        0x8 ./startup/startup_mk64f12.o
                0x00009814                PDB0_IRQHandler
 .text.USB0_IRQHandler
                0x0000981c        0x8 ./startup/startup_mk64f12.o
                0x0000981c                USB0_IRQHandler
 .text.USBDCD_IRQHandler
                0x00009824        0x8 ./startup/startup_mk64f12.o
                0x00009824                USBDCD_IRQHandler
 .text.Reserved71_IRQHandler
                0x0000982c        0x8 ./startup/startup_mk64f12.o
                0x0000982c                Reserved71_IRQHandler
 .text.DAC0_IRQHandler
                0x00009834        0x8 ./startup/startup_mk64f12.o
                0x00009834                DAC0_IRQHandler
 .text.MCG_IRQHandler
                0x0000983c        0x8 ./startup/startup_mk64f12.o
                0x0000983c                MCG_IRQHandler
 .text.LPTMR0_IRQHandler
                0x00009844        0x8 ./startup/startup_mk64f12.o
                0x00009844                LPTMR0_IRQHandler
 .text.PORTA_IRQHandler
                0x0000984c        0x8 ./startup/startup_mk64f12.o
                0x0000984c                PORTA_IRQHandler
 .text.PORTB_IRQHandler
                0x00009854        0x8 ./startup/startup_mk64f12.o
                0x00009854                PORTB_IRQHandler
 .text.PORTC_IRQHandler
                0x0000985c        0x8 ./startup/startup_mk64f12.o
                0x0000985c                PORTC_IRQHandler
 .text.PORTD_IRQHandler
                0x00009864        0x8 ./startup/startup_mk64f12.o
                0x00009864                PORTD_IRQHandler
 .text.SWI_IRQHandler
                0x0000986c        0x8 ./startup/startup_mk64f12.o
                0x0000986c                SWI_IRQHandler
 .text.SPI2_IRQHandler
                0x00009874        0x8 ./startup/startup_mk64f12.o
                0x00009874                SPI2_IRQHandler
 .text.UART4_RX_TX_IRQHandler
                0x0000987c        0x8 ./startup/startup_mk64f12.o
                0x0000987c                UART4_RX_TX_IRQHandler
 .text.UART4_ERR_IRQHandler
                0x00009884        0x8 ./startup/startup_mk64f12.o
                0x00009884                UART4_ERR_IRQHandler
 .text.UART5_RX_TX_IRQHandler
                0x0000988c        0x8 ./startup/startup_mk64f12.o
                0x0000988c                UART5_RX_TX_IRQHandler
 .text.UART5_ERR_IRQHandler
                0x00009894        0x8 ./startup/startup_mk64f12.o
                0x00009894                UART5_ERR_IRQHandler
 .text.CMP2_IRQHandler
                0x0000989c        0x8 ./startup/startup_mk64f12.o
                0x0000989c                CMP2_IRQHandler
 .text.FTM3_IRQHandler
                0x000098a4        0x8 ./startup/startup_mk64f12.o
                0x000098a4                FTM3_IRQHandler
 .text.DAC1_IRQHandler
                0x000098ac        0x8 ./startup/startup_mk64f12.o
                0x000098ac                DAC1_IRQHandler
 .text.ADC1_IRQHandler
                0x000098b4        0x8 ./startup/startup_mk64f12.o
                0x000098b4                ADC1_IRQHandler
 .text.I2C2_IRQHandler
                0x000098bc        0x8 ./startup/startup_mk64f12.o
                0x000098bc                I2C2_IRQHandler
 .text.CAN0_ORed_Message_buffer_IRQHandler
                0x000098c4        0x8 ./startup/startup_mk64f12.o
                0x000098c4                CAN0_ORed_Message_buffer_IRQHandler
 .text.CAN0_Bus_Off_IRQHandler
                0x000098cc        0x8 ./startup/startup_mk64f12.o
                0x000098cc                CAN0_Bus_Off_IRQHandler
 .text.CAN0_Error_IRQHandler
                0x000098d4        0x8 ./startup/startup_mk64f12.o
                0x000098d4                CAN0_Error_IRQHandler
 .text.CAN0_Tx_Warning_IRQHandler
                0x000098dc        0x8 ./startup/startup_mk64f12.o
                0x000098dc                CAN0_Tx_Warning_IRQHandler
 .text.CAN0_Rx_Warning_IRQHandler
                0x000098e4        0x8 ./startup/startup_mk64f12.o
                0x000098e4                CAN0_Rx_Warning_IRQHandler
 .text.CAN0_Wake_Up_IRQHandler
                0x000098ec        0x8 ./startup/startup_mk64f12.o
                0x000098ec                CAN0_Wake_Up_IRQHandler
 .text.SDHC_IRQHandler
                0x000098f4        0x8 ./startup/startup_mk64f12.o
                0x000098f4                SDHC_IRQHandler
 .text.ENET_1588_Timer_IRQHandler
                0x000098fc        0x8 ./startup/startup_mk64f12.o
                0x000098fc                ENET_1588_Timer_IRQHandler
 .text.ENET_Transmit_IRQHandler
                0x00009904        0x8 ./startup/startup_mk64f12.o
                0x00009904                ENET_Transmit_IRQHandler
 .text.ENET_Receive_IRQHandler
                0x0000990c        0x8 ./startup/startup_mk64f12.o
                0x0000990c                ENET_Receive_IRQHandler
 .text.ENET_Error_IRQHandler
                0x00009914        0x8 ./startup/startup_mk64f12.o
                0x00009914                ENET_Error_IRQHandler
 .text.SYSMPU_Enable
                0x0000991c       0x38 ./source/sdcard_fatfs_freertos.o
 .text.HardFault_Handler
                0x00009954       0x2c ./source/semihost_hardfault.o
                0x00009954                HardFault_Handler
 .text.SDHC_GetPresentStatusFlags
                0x00009980       0x18 ./sdmmc/src/fsl_sd.o
 .text.SDMMCHOST_SendCardActive
                0x00009998       0x1c ./sdmmc/src/fsl_sd.o
 .text.SDMMCHOST_SetCardClock
                0x000099b4       0x24 ./sdmmc/src/fsl_sd.o
 .text.SDMMCHOST_IsCardBusy
                0x000099d8       0x2c ./sdmmc/src/fsl_sd.o
 .text.SDMMCHOST_SetCardPower
                0x00009a04       0x18 ./sdmmc/src/fsl_sd.o
 .text.SDMMCHOST_SwitchToVoltage
                0x00009a1c       0x16 ./sdmmc/src/fsl_sd.o
 .text.SDMMCHOST_ExecuteTuning
                0x00009a32       0x1c ./sdmmc/src/fsl_sd.o
 .text.SDMMCHOST_EnableDDRMode
                0x00009a4e       0x1a ./sdmmc/src/fsl_sd.o
 .text.SDMMCHOST_GetSignalLineStatus
                0x00009a68       0x18 ./sdmmc/src/fsl_sd.o
 .text.SDMMCHOST_ForceClockOn
                0x00009a80       0x18 ./sdmmc/src/fsl_sd.o
 .text.SD_SwitchIOVoltage
                0x00009a98       0x68 ./sdmmc/src/fsl_sd.o
 .text.SD_Deinit
                0x00009b00       0x1c ./sdmmc/src/fsl_sd.o
                0x00009b00                SD_Deinit
 .text.SD_HostDoReset
                0x00009b1c       0x1a ./sdmmc/src/fsl_sd.o
                0x00009b1c                SD_HostDoReset
 .text.SDMMC_GoIdle
                0x00009b36       0x56 ./sdmmc/src/fsl_sdmmc_common.o
                0x00009b36                SDMMC_GoIdle
 .text.SDMMC_OSADelay
                0x00009b8c       0x16 ./sdmmc/osa/fsl_sdmmc_osa.o
                0x00009b8c                SDMMC_OSADelay
 .text.SDHC_EnableInterruptStatus
                0x00009ba2       0x22 ./sdmmc/host/fsl_sdmmc_host.o
 .text.SDHC_EnableInterruptSignal
                0x00009bc4       0x22 ./sdmmc/host/fsl_sdmmc_host.o
 .text.SDHC_DisableInterruptSignal
                0x00009be6       0x24 ./sdmmc/host/fsl_sdmmc_host.o
 .text.SDHC_ClearInterruptStatusFlags
                0x00009c0a       0x1c ./sdmmc/host/fsl_sdmmc_host.o
 .text.SDHC_GetPresentStatusFlags
                0x00009c26       0x18 ./sdmmc/host/fsl_sdmmc_host.o
 .text.SDHC_SetDataBusWidth
                0x00009c3e       0x2e ./sdmmc/host/fsl_sdmmc_host.o
 .text.SDHC_CardDetectByData3
                0x00009c6c       0x38 ./sdmmc/host/fsl_sdmmc_host.o
 .text.SDMMCHOST_DetectCardInsertByHost
                0x00009ca4       0x72 ./sdmmc/host/fsl_sdmmc_host.o
 .text.SDMMCHOST_DetectCardRemoveByHost
                0x00009d16       0x72 ./sdmmc/host/fsl_sdmmc_host.o
 .text.SDMMCHOST_CardDetectInit
                0x00009d88       0x96 ./sdmmc/host/fsl_sdmmc_host.o
                0x00009d88                SDMMCHOST_CardDetectInit
 .text.SDMMCHOST_CardDetectStatus
                0x00009e1e       0x72 ./sdmmc/host/fsl_sdmmc_host.o
                0x00009e1e                SDMMCHOST_CardDetectStatus
 .text.SDMMCHOST_TransferCompleteCallback
                0x00009e90       0x5a ./sdmmc/host/fsl_sdmmc_host.o
 .text.SDMMCHOST_TransferFunction
                0x00009eea       0xec ./sdmmc/host/fsl_sdmmc_host.o
                0x00009eea                SDMMCHOST_TransferFunction
 .text.SDMMCHOST_ErrorRecovery
                0x00009fd6       0x48 ./sdmmc/host/fsl_sdmmc_host.o
 .text.SDMMCHOST_ConvertDataToLittleEndian
                0x0000a01e       0xe2 ./sdmmc/host/fsl_sdmmc_host.o
                0x0000a01e                SDMMCHOST_ConvertDataToLittleEndian
 .text.SDMMCHOST_Reset
                0x0000a100       0x14 ./sdmmc/host/fsl_sdmmc_host.o
                0x0000a100                SDMMCHOST_Reset
 .text.SDMMCHOST_SetCardBusWidth
                0x0000a114       0x34 ./sdmmc/host/fsl_sdmmc_host.o
                0x0000a114                SDMMCHOST_SetCardBusWidth
 .text.SDMMCHOST_Deinit
                0x0000a148       0x40 ./sdmmc/host/fsl_sdmmc_host.o
                0x0000a148                SDMMCHOST_Deinit
 .text.vListInitialise
                0x0000a188       0x40 ./freertos/freertos_kernel/list.o
                0x0000a188                vListInitialise
 .text.vListInitialiseItem
                0x0000a1c8       0x1a ./freertos/freertos_kernel/list.o
                0x0000a1c8                vListInitialiseItem
 .text.vListInsertEnd
                0x0000a1e2       0x48 ./freertos/freertos_kernel/list.o
                0x0000a1e2                vListInsertEnd
 .text.vListInsert
                0x0000a22a       0x72 ./freertos/freertos_kernel/list.o
                0x0000a22a                vListInsert
 .text.uxListRemove
                0x0000a29c       0x54 ./freertos/freertos_kernel/list.o
                0x0000a29c                uxListRemove
 .text.xQueueGenericCreate
                0x0000a2f0       0xbe ./freertos/freertos_kernel/queue.o
                0x0000a2f0                xQueueGenericCreate
 .text.prvInitialiseNewQueue
                0x0000a3ae       0x46 ./freertos/freertos_kernel/queue.o
 .text.prvInitialiseMutex
                0x0000a3f4       0x34 ./freertos/freertos_kernel/queue.o
 .text.xQueueCreateMutex
                0x0000a428       0x30 ./freertos/freertos_kernel/queue.o
                0x0000a428                xQueueCreateMutex
 .text.xQueueGiveMutexRecursive
                0x0000a458       0x68 ./freertos/freertos_kernel/queue.o
                0x0000a458                xQueueGiveMutexRecursive
 .text.xQueueTakeMutexRecursive
                0x0000a4c0       0x6c ./freertos/freertos_kernel/queue.o
                0x0000a4c0                xQueueTakeMutexRecursive
 .text.xQueueCreateCountingSemaphore
                0x0000a52c       0x66 ./freertos/freertos_kernel/queue.o
                0x0000a52c                xQueueCreateCountingSemaphore
 .text.xQueueGenericSendFromISR
                0x0000a592      0x154 ./freertos/freertos_kernel/queue.o
                0x0000a592                xQueueGenericSendFromISR
 .text.xQueueGiveFromISR
                0x0000a6e6      0x138 ./freertos/freertos_kernel/queue.o
                0x0000a6e6                xQueueGiveFromISR
 .text.vQueueDelete
                0x0000a81e       0x3c ./freertos/freertos_kernel/queue.o
                0x0000a81e                vQueueDelete
 .text.prvGetDisinheritPriorityAfterTimeout
                0x0000a85a       0x30 ./freertos/freertos_kernel/queue.o
 .text.prvCopyDataToQueue
                0x0000a88a       0xd4 ./freertos/freertos_kernel/queue.o
 .text.prvCopyDataFromQueue
                0x0000a95e       0x4c ./freertos/freertos_kernel/queue.o
 .text.prvUnlockQueue
                0x0000a9aa       0xa4 ./freertos/freertos_kernel/queue.o
 .text.prvIsQueueEmpty
                0x0000aa4e       0x2c ./freertos/freertos_kernel/queue.o
 .text.prvIsQueueFull
                0x0000aa7a       0x30 ./freertos/freertos_kernel/queue.o
 .text.vQueueWaitForMessageRestricted
                0x0000aaaa       0x68 ./freertos/freertos_kernel/queue.o
                0x0000aaaa                vQueueWaitForMessageRestricted
 .text.xTaskCreate
                0x0000ab12       0x82 ./freertos/freertos_kernel/tasks.o
                0x0000ab12                xTaskCreate
 .text.prvInitialiseNewTask
                0x0000ab94      0x13a ./freertos/freertos_kernel/tasks.o
 .text.prvDeleteTCB
                0x0000acce       0x20 ./freertos/freertos_kernel/tasks.o
 .text.prvTimerTask
                0x0000acee       0x24 ./freertos/freertos_kernel/timers.o
 .text.sd_disk_status
                0x0000ad12       0x22 ./fatfs/source/fsl_sd_disk/fsl_sd_disk.o
                0x0000ad12                sd_disk_status
 .text.disk_status
                0x0000ad34       0x2c ./fatfs/source/diskio.o
                0x0000ad34                disk_status
 .text.disk_initialize
                0x0000ad60       0x2c ./fatfs/source/diskio.o
                0x0000ad60                disk_initialize
 .text.disk_read
                0x0000ad8c       0x36 ./fatfs/source/diskio.o
                0x0000ad8c                disk_read
 .text.disk_write
                0x0000adc2       0x36 ./fatfs/source/diskio.o
                0x0000adc2                disk_write
 .text.disk_ioctl
                0x0000adf8       0x36 ./fatfs/source/diskio.o
                0x0000adf8                disk_ioctl
 .text.ld_word  0x0000ae2e       0x30 ./fatfs/source/ff.o
 .text.ld_dword
                0x0000ae5e       0x46 ./fatfs/source/ff.o
 .text.st_word  0x0000aea4       0x36 ./fatfs/source/ff.o
 .text.st_dword
                0x0000aeda       0x58 ./fatfs/source/ff.o
 .text.mem_cpy  0x0000af32       0x42 ./fatfs/source/ff.o
 .text.mem_set  0x0000af74       0x36 ./fatfs/source/ff.o
 .text.mem_cmp  0x0000afaa       0x4e ./fatfs/source/ff.o
 .text.chk_chr  0x0000aff8       0x36 ./fatfs/source/ff.o
 .text.dbc_1st  0x0000b02e       0x40 ./fatfs/source/ff.o
 .text.dbc_2nd  0x0000b06e       0x54 ./fatfs/source/ff.o
 .text.lock_fs  0x0000b0c2       0x1c ./fatfs/source/ff.o
 .text.unlock_fs
                0x0000b0de       0x36 ./fatfs/source/ff.o
 .text.sync_window
                0x0000b114       0x78 ./fatfs/source/ff.o
 .text.move_window
                0x0000b18c       0x5a ./fatfs/source/ff.o
 .text.clst2sect
                0x0000b1e6       0x3e ./fatfs/source/ff.o
 .text.get_fat  0x0000b224      0x150 ./fatfs/source/ff.o
 .text.put_fat  0x0000b374      0x1d8 ./fatfs/source/ff.o
 .text.remove_chain
                0x0000b54c       0xca ./fatfs/source/ff.o
 .text.create_chain
                0x0000b616      0x1a2 ./fatfs/source/ff.o
 .text.dir_clear
                0x0000b7b8       0x90 ./fatfs/source/ff.o
 .text.dir_sdi  0x0000b848       0xf6 ./fatfs/source/ff.o
 .text.dir_next
                0x0000b93e      0x12c ./fatfs/source/ff.o
 .text.dir_alloc
                0x0000ba6a       0x8e ./fatfs/source/ff.o
 .text.ld_clust
                0x0000baf8       0x3e ./fatfs/source/ff.o
 .text.st_clust
                0x0000bb36       0x40 ./fatfs/source/ff.o
 .text.dir_find
                0x0000bb76       0xaa ./fatfs/source/ff.o
 .text.dir_register
                0x0000bc20       0x64 ./fatfs/source/ff.o
 .text.follow_path
                0x0000bc84      0x11c ./fatfs/source/ff.o
 .text.find_volume
                0x0000bda0       0xc4 ./fatfs/source/ff.o
 .text.validate
                0x0000be64       0x8e ./fatfs/source/ff.o
 .text.f_write  0x0000bef2      0x330 ./fatfs/source/ff.o
                0x0000bef2                f_write
 .text.f_close  0x0000c222       0x4a ./fatfs/source/ff.o
                0x0000c222                f_close
 .text.f_lseek  0x0000c26c      0x2b8 ./fatfs/source/ff.o
                0x0000c26c                f_lseek
 .text.ff_cre_syncobj
                0x0000c524       0x2e ./fatfs/source/ffsystem.o
                0x0000c524                ff_cre_syncobj
 .text.ff_del_syncobj
                0x0000c552       0x18 ./fatfs/source/ffsystem.o
                0x0000c552                ff_del_syncobj
 .text.ff_req_grant
                0x0000c56a       0x26 ./fatfs/source/ffsystem.o
                0x0000c56a                ff_req_grant
 .text.ff_rel_grant
                0x0000c590       0x1c ./fatfs/source/ffsystem.o
                0x0000c590                ff_rel_grant
 .text.OSC_SetExtRefClkConfig
                0x0000c5ac       0x34 ./drivers/fsl_clock.o
 .text.OSC_SetCapLoad
                0x0000c5e0       0x34 ./drivers/fsl_clock.o
 .text.CLOCK_GetPll0RefFreq
                0x0000c614        0xe ./drivers/fsl_clock.o
 .text.CLOCK_GetFixedFreqClkFreq
                0x0000c622       0x34 ./drivers/fsl_clock.o
                0x0000c622                CLOCK_GetFixedFreqClkFreq
 .text.CLOCK_EnableClock
                0x0000c656       0x34 ./drivers/fsl_sdhc.o
 .text.CLOCK_DisableClock
                0x0000c68a       0x38 ./drivers/fsl_sdhc.o
 .text.EnableIRQ
                0x0000c6c2       0x32 ./drivers/fsl_sdhc.o
 .text.SDHC_EnableInterruptSignal
                0x0000c6f4       0x22 ./drivers/fsl_sdhc.o
 .text.SDHC_DisableInterruptSignal
                0x0000c716       0x24 ./drivers/fsl_sdhc.o
 .text.SDHC_GetEnabledInterruptStatusFlags
                0x0000c73a       0x22 ./drivers/fsl_sdhc.o
 .text.SDHC_ClearInterruptStatusFlags
                0x0000c75c       0x1c ./drivers/fsl_sdhc.o
 .text.SDHC_GetPresentStatusFlags
                0x0000c778       0x18 ./drivers/fsl_sdhc.o
 .text.SDHC_WriteData
                0x0000c790       0x1c ./drivers/fsl_sdhc.o
 .text.SDHC_ReadData
                0x0000c7ac       0x18 ./drivers/fsl_sdhc.o
 .text.SDHC_StartTransfer
                0x0000c7c4      0x158 ./drivers/fsl_sdhc.o
 .text.SDHC_ReadDataPort
                0x0000c91c       0xa4 ./drivers/fsl_sdhc.o
 .text.SDHC_WriteDataPort
                0x0000c9c0       0xa6 ./drivers/fsl_sdhc.o
 .text.SDHC_TransferHandleCardDetect
                0x0000ca66       0x4c ./drivers/fsl_sdhc.o
 .text.SDHC_TransferHandleSdioInterrupt
                0x0000cab2       0x28 ./drivers/fsl_sdhc.o
 .text.SDHC_TransferHandleSdioBlockGap
                0x0000cada       0x28 ./drivers/fsl_sdhc.o
 .text.SDHC_Reset
                0x0000cb02       0x52 ./drivers/fsl_sdhc.o
                0x0000cb02                SDHC_Reset
 .text.SDHC_SetCardActive
                0x0000cb54       0x4c ./drivers/fsl_sdhc.o
                0x0000cb54                SDHC_SetCardActive
 .text.UART0_RX_TX_DriverIRQHandler
                0x0000cba0       0x12 ./drivers/fsl_uart.o
                0x0000cba0                UART0_RX_TX_DriverIRQHandler
 .text.UART1_RX_TX_DriverIRQHandler
                0x0000cbb2       0x12 ./drivers/fsl_uart.o
                0x0000cbb2                UART1_RX_TX_DriverIRQHandler
 .text.UART2_RX_TX_DriverIRQHandler
                0x0000cbc4       0x12 ./drivers/fsl_uart.o
                0x0000cbc4                UART2_RX_TX_DriverIRQHandler
 .text.UART3_RX_TX_DriverIRQHandler
                0x0000cbd6       0x12 ./drivers/fsl_uart.o
                0x0000cbd6                UART3_RX_TX_DriverIRQHandler
 .text.UART4_RX_TX_DriverIRQHandler
                0x0000cbe8       0x12 ./drivers/fsl_uart.o
                0x0000cbe8                UART4_RX_TX_DriverIRQHandler
 .text.UART5_RX_TX_DriverIRQHandler
                0x0000cbfa       0x12 ./drivers/fsl_uart.o
                0x0000cbfa                UART5_RX_TX_DriverIRQHandler
 .text.SystemInitHook
                0x0000cc0c        0xe ./device/system_MK64F12.o
                0x0000cc0c                SystemInitHook
 .text.OSA_EnterCritical
                0x0000cc1a       0x40 ./component/osa/fsl_os_abstraction_free_rtos.o
                0x0000cc1a                OSA_EnterCritical
 .text.OSA_ExitCritical
                0x0000cc5a       0x2e ./component/osa/fsl_os_abstraction_free_rtos.o
                0x0000cc5a                OSA_ExitCritical
 .text.DbgConsole_Init
                0x0000cc88       0x20 ./board/board.o
 .text.BOARD_InitDebugConsole
                0x0000cca8       0x22 ./board/board.o
                0x0000cca8                BOARD_InitDebugConsole
 .text.CLOCK_EnableClock
                0x0000ccca       0x34 ./board/pin_mux.o
 .text.PORT_SetPinMux
                0x0000ccfe       0x3a ./board/pin_mux.o
 .text.EnableIRQ
                0x0000cd38       0x32 ./board/sdmmc_config.o
 .text.GPIO_PinRead
                0x0000cd6a       0x24 ./board/sdmmc_config.o
 .text.PORT_SetPinInterruptConfig
                0x0000cd8e       0x3a ./board/sdmmc_config.o
 .text.PORT_GetPinsInterruptFlags
                0x0000cdc8       0x1a ./board/sdmmc_config.o
 .text.PORT_ClearPinsInterruptFlags
                0x0000cde2       0x1e ./board/sdmmc_config.o
 .text.__main   0x0000ce00        0xe e:/mcuxpressoide_11.4.1_6260/ide/plugins/com.nxp.mcuxpresso.tools.win32_11.4.0.202103011116/tools/bin/../lib/gcc/arm-none-eabi/10.2.1/../../../../arm-none-eabi/lib/thumb/v7e-m+fp/hard\libcr_semihost_nf.a(_cr__main.o)
                0x0000ce00                __CR_SEMIHOST
                0x0000ce00                __main
 .text.memcpy   0x0000ce0e        0x4 e:/mcuxpressoide_11.4.1_6260/ide/plugins/com.nxp.mcuxpresso.tools.win32_11.4.0.202103011116/tools/bin/../lib/gcc/arm-none-eabi/10.2.1/../../../../arm-none-eabi/lib/thumb/v7e-m+fp/hard\libcr_c.a(memcpy.o)
                0x0000ce0e                memcpy
 .text.memset   0x0000ce12        0x4 e:/mcuxpressoide_11.4.1_6260/ide/plugins/com.nxp.mcuxpresso.tools.win32_11.4.0.202103011116/tools/bin/../lib/gcc/arm-none-eabi/10.2.1/../../../../arm-none-eabi/lib/thumb/v7e-m+fp/hard\libcr_c.a(memset.o)
                0x0000ce12                memset
 .text.free     0x0000ce16       0x30 e:/mcuxpressoide_11.4.1_6260/ide/plugins/com.nxp.mcuxpresso.tools.win32_11.4.0.202103011116/tools/bin/../lib/gcc/arm-none-eabi/10.2.1/../../../../arm-none-eabi/lib/thumb/v7e-m+fp/hard\libcr_c.a(alloc.o)
                0x0000ce16                free
 .text.no_fp_display
                0x0000ce46        0x4 e:/mcuxpressoide_11.4.1_6260/ide/plugins/com.nxp.mcuxpresso.tools.win32_11.4.0.202103011116/tools/bin/../lib/gcc/arm-none-eabi/10.2.1/../../../../arm-none-eabi/lib/thumb/v7e-m+fp/hard\libcr_c.a(printf.o)
 .text.setvbuf  0x0000ce4a       0x3e e:/mcuxpressoide_11.4.1_6260/ide/plugins/com.nxp.mcuxpresso.tools.win32_11.4.0.202103011116/tools/bin/../lib/gcc/arm-none-eabi/10.2.1/../../../../arm-none-eabi/lib/thumb/v7e-m+fp/hard\libcr_c.a(setvbuf.o)
                0x0000ce4a                setvbuf
 .text.strlen   0x0000ce88       0x48 e:/mcuxpressoide_11.4.1_6260/ide/plugins/com.nxp.mcuxpresso.tools.win32_11.4.0.202103011116/tools/bin/../lib/gcc/arm-none-eabi/10.2.1/../../../../arm-none-eabi/lib/thumb/v7e-m+fp/hard\libcr_c.a(strlen.o)
                0x0000ce88                strlen
 .text._deferredlazyseek
                0x0000ced0       0x40 e:/mcuxpressoide_11.4.1_6260/ide/plugins/com.nxp.mcuxpresso.tools.win32_11.4.0.202103011116/tools/bin/../lib/gcc/arm-none-eabi/10.2.1/../../../../arm-none-eabi/lib/thumb/v7e-m+fp/hard\libcr_c.a(_deferredlazyseek.o)
                0x0000ced0                _deferredlazyseek
 .text.__flsbuf
                0x0000cf10      0x140 e:/mcuxpressoide_11.4.1_6260/ide/plugins/com.nxp.mcuxpresso.tools.win32_11.4.0.202103011116/tools/bin/../lib/gcc/arm-none-eabi/10.2.1/../../../../arm-none-eabi/lib/thumb/v7e-m+fp/hard\libcr_c.a(_deferredlazyseek.o)
                0x0000cf10                __flsbuf
 .text._fdopen  0x0000d050       0x68 e:/mcuxpressoide_11.4.1_6260/ide/plugins/com.nxp.mcuxpresso.tools.win32_11.4.0.202103011116/tools/bin/../lib/gcc/arm-none-eabi/10.2.1/../../../../arm-none-eabi/lib/thumb/v7e-m+fp/hard\libcr_c.a(_fdopen.o)
                0x0000d050                _fdopen
 .text._fflush  0x0000d0b8       0x52 e:/mcuxpressoide_11.4.1_6260/ide/plugins/com.nxp.mcuxpresso.tools.win32_11.4.0.202103011116/tools/bin/../lib/gcc/arm-none-eabi/10.2.1/../../../../arm-none-eabi/lib/thumb/v7e-m+fp/hard\libcr_c.a(_fflush.o)
                0x0000d0b8                _fflush
 .text.fclose   0x0000d10a       0x58 e:/mcuxpressoide_11.4.1_6260/ide/plugins/com.nxp.mcuxpresso.tools.win32_11.4.0.202103011116/tools/bin/../lib/gcc/arm-none-eabi/10.2.1/../../../../arm-none-eabi/lib/thumb/v7e-m+fp/hard\libcr_c.a(fclose.o)
                0x0000d10a                fclose
 .text.remove   0x0000d162       0x14 e:/mcuxpressoide_11.4.1_6260/ide/plugins/com.nxp.mcuxpresso.tools.win32_11.4.0.202103011116/tools/bin/../lib/gcc/arm-none-eabi/10.2.1/../../../../arm-none-eabi/lib/thumb/v7e-m+fp/hard\libcr_c.a(remove.o)
                0x0000d162                remove
 .text._do_fflush
                0x0000d176       0x40 e:/mcuxpressoide_11.4.1_6260/ide/plugins/com.nxp.mcuxpresso.tools.win32_11.4.0.202103011116/tools/bin/../lib/gcc/arm-none-eabi/10.2.1/../../../../arm-none-eabi/lib/thumb/v7e-m+fp/hard\libcr_c.a(_do_fflush.o)
                0x0000d176                _do_fflush
 .text.__aeabi_memcpy
                0x0000d1b6       0x34 e:/mcuxpressoide_11.4.1_6260/ide/plugins/com.nxp.mcuxpresso.tools.win32_11.4.0.202103011116/tools/bin/../lib/gcc/arm-none-eabi/10.2.1/thumb/v7e-m+fp/hard\libcr_eabihelpers.a(memcpy.o)
                0x0000d1b6                __aeabi_memcpy
                0x0000d1c0                __aeabi_memcpy8
                0x0000d1c0                __aeabi_memcpy4
 .text.__aeabi_memset_lowlevel
                0x0000d1ea       0x32 e:/mcuxpressoide_11.4.1_6260/ide/plugins/com.nxp.mcuxpresso.tools.win32_11.4.0.202103011116/tools/bin/../lib/gcc/arm-none-eabi/10.2.1/thumb/v7e-m+fp/hard\libcr_eabihelpers.a(memcpy.o)
                0x0000d1ea                __aeabi_lowlevel_memset
 .text.__sys_close
                0x0000d21c        0xc e:/mcuxpressoide_11.4.1_6260/ide/plugins/com.nxp.mcuxpresso.tools.win32_11.4.0.202103011116/tools/bin/../lib/gcc/arm-none-eabi/10.2.1/../../../../arm-none-eabi/lib/thumb/v7e-m+fp/hard\libcr_semihost_nf.a(__sys_close.o)
                0x0000d21c                __sys_close
 .text.__sys_flen
                0x0000d228        0xc e:/mcuxpressoide_11.4.1_6260/ide/plugins/com.nxp.mcuxpresso.tools.win32_11.4.0.202103011116/tools/bin/../lib/gcc/arm-none-eabi/10.2.1/../../../../arm-none-eabi/lib/thumb/v7e-m+fp/hard\libcr_semihost_nf.a(__sys_flen.o)
                0x0000d228                __sys_flen
 .text.__sys_istty
                0x0000d234        0xc e:/mcuxpressoide_11.4.1_6260/ide/plugins/com.nxp.mcuxpresso.tools.win32_11.4.0.202103011116/tools/bin/../lib/gcc/arm-none-eabi/10.2.1/../../../../arm-none-eabi/lib/thumb/v7e-m+fp/hard\libcr_semihost_nf.a(__sys_istty.o)
                0x0000d234                __sys_istty
 .text.__sys_remove
                0x0000d240        0xc e:/mcuxpressoide_11.4.1_6260/ide/plugins/com.nxp.mcuxpresso.tools.win32_11.4.0.202103011116/tools/bin/../lib/gcc/arm-none-eabi/10.2.1/../../../../arm-none-eabi/lib/thumb/v7e-m+fp/hard\libcr_semihost_nf.a(__sys_remove.o)
                0x0000d240                __sys_remove
 .text.__sys_seek
                0x0000d24c        0xc e:/mcuxpressoide_11.4.1_6260/ide/plugins/com.nxp.mcuxpresso.tools.win32_11.4.0.202103011116/tools/bin/../lib/gcc/arm-none-eabi/10.2.1/../../../../arm-none-eabi/lib/thumb/v7e-m+fp/hard\libcr_semihost_nf.a(__sys_seek.o)
                0x0000d24c                __sys_seek
 .text.__sys_tmpnam
                0x0000d258        0xc e:/mcuxpressoide_11.4.1_6260/ide/plugins/com.nxp.mcuxpresso.tools.win32_11.4.0.202103011116/tools/bin/../lib/gcc/arm-none-eabi/10.2.1/../../../../arm-none-eabi/lib/thumb/v7e-m+fp/hard\libcr_semihost_nf.a(__sys_tmpnam.o)
                0x0000d258                __sys_tmpnam
 .text.__sys_write
                0x0000d264        0xc e:/mcuxpressoide_11.4.1_6260/ide/plugins/com.nxp.mcuxpresso.tools.win32_11.4.0.202103011116/tools/bin/../lib/gcc/arm-none-eabi/10.2.1/../../../../arm-none-eabi/lib/thumb/v7e-m+fp/hard\libcr_semihost_nf.a(__sys_write.o)
                0x0000d264                __sys_write
 *freertos*/tasks.o(SORT_BY_ALIGNMENT(.rodata*))
 .rodata.vTaskStartScheduler.str1.4
                0x0000d270        0x5 ./freertos/freertos_kernel/tasks.o
 *fill*         0x0000d275        0x3 ff
 .rodata.vTaskList.str1.4
                0x0000d278        0xf ./freertos/freertos_kernel/tasks.o
 *fill*         0x0000d287        0x1 ff
 .rodata        0x0000d288       0x1c ./freertos/freertos_kernel/tasks.o
                0x0000d288                portArch_Name
                0x0000d28c                FreeRTOSDebugConfig
 *(SORT_BY_ALIGNMENT(.rodata) SORT_BY_ALIGNMENT(.rodata.*) SORT_BY_ALIGNMENT(.constdata) SORT_BY_ALIGNMENT(.constdata.*))
 .rodata.__assertion_failed.str1.4
                0x0000d2a4       0x14 ./utilities/fsl_assert.o
 .rodata.s_buffer1
                0x0000d2b8        0xd ./source/sdcard_fatfs_freertos.o
 *fill*         0x0000d2c5        0x3 ff
 .rodata.s_buffer2
                0x0000d2c8        0x7 ./source/sdcard_fatfs_freertos.o
 *fill*         0x0000d2cf        0x1 ff
 .rodata.CardDetectTask.str1.4
                0x0000d2d0       0x52 ./source/sdcard_fatfs_freertos.o
 *fill*         0x0000d322        0x2 ff
 .rodata.main.str1.4
                0x0000d324       0x43 ./source/sdcard_fatfs_freertos.o
 *fill*         0x0000d367        0x1 ff
 .rodata.DEMO_MakeFileSystem.str1.4
                0x0000d368       0x88 ./source/sdcard_fatfs_freertos.o
 .rodata.FileAccessTask1.str1.4
                0x0000d3f0       0xb3 ./source/sdcard_fatfs_freertos.o
 *fill*         0x0000d4a3        0x1 ff
 .rodata.FileAccessTask2.str1.4
                0x0000d4a4       0x5f ./source/sdcard_fatfs_freertos.o
 *fill*         0x0000d503        0x1 ff
 .rodata.SD_SendApplicationCmd.str1.4
                0x0000d504       0x1d ./sdmmc/src/fsl_sd.o
 *fill*         0x0000d521        0x3 ff
 .rodata.SD_GoIdle.str1.4
                0x0000d524       0x1d ./sdmmc/src/fsl_sd.o
 *fill*         0x0000d541        0x3 ff
 .rodata.SD_SetBlockSize.str1.4
                0x0000d544       0x1d ./sdmmc/src/fsl_sd.o
 *fill*         0x0000d561        0x3 ff
 .rodata.SD_ExecuteTuning.str1.4
                0x0000d564       0x1d ./sdmmc/src/fsl_sd.o
 *fill*         0x0000d581        0x3 ff
 .rodata.SD_SwitchVoltage.str1.4
                0x0000d584       0x1d ./sdmmc/src/fsl_sd.o
 *fill*         0x0000d5a1        0x3 ff
 .rodata.SD_StopTransmission.str1.4
                0x0000d5a4       0x1d ./sdmmc/src/fsl_sd.o
 *fill*         0x0000d5c1        0x3 ff
 .rodata.SD_Transfer.str1.4
                0x0000d5c4       0x20 ./sdmmc/src/fsl_sd.o
 .rodata.SD_SendCardStatus.str1.4
                0x0000d5e4       0x1d ./sdmmc/src/fsl_sd.o
 *fill*         0x0000d601        0x3 ff
 .rodata.SD_PollingCardStatusBusy.str1.4
                0x0000d604       0x1d ./sdmmc/src/fsl_sd.o
 *fill*         0x0000d621        0x3 ff
 .rodata.SD_SendWriteSuccessBlocks.str1.4
                0x0000d624       0x1d ./sdmmc/src/fsl_sd.o
 *fill*         0x0000d641        0x3 ff
 .rodata.SD_SendRca.str1.4
                0x0000d644       0x1d ./sdmmc/src/fsl_sd.o
 *fill*         0x0000d661        0x3 ff
 .rodata.SD_SwitchFunction.str1.4
                0x0000d664       0x3f ./sdmmc/src/fsl_sd.o
 *fill*         0x0000d6a3        0x1 ff
 .rodata.SD_DecodeScr.str1.4
                0x0000d6a4       0x3f ./sdmmc/src/fsl_sd.o
 *fill*         0x0000d6e3        0x1 ff
 .rodata.SD_SendScr.str1.4
                0x0000d6e4       0x1d ./sdmmc/src/fsl_sd.o
 *fill*         0x0000d701        0x3 ff
 .rodata.SD_SelectFunction.str1.4
                0x0000d704       0x1d ./sdmmc/src/fsl_sd.o
 *fill*         0x0000d721        0x3 ff
 .rodata.SD_SetDataBusWidth.str1.4
                0x0000d724       0x1d ./sdmmc/src/fsl_sd.o
 *fill*         0x0000d741        0x3 ff
 .rodata.SD_DecodeCsd.str1.4
                0x0000d744       0x3f ./sdmmc/src/fsl_sd.o
 *fill*         0x0000d783        0x1 ff
 .rodata.SD_SendCsd.str1.4
                0x0000d784       0x1e ./sdmmc/src/fsl_sd.o
 *fill*         0x0000d7a2        0x2 ff
 .rodata.SD_DecodeCid.str1.4
                0x0000d7a4       0x40 ./sdmmc/src/fsl_sd.o
 .rodata.SD_AllSendCid.str1.4
                0x0000d7e4       0x1e ./sdmmc/src/fsl_sd.o
 *fill*         0x0000d802        0x2 ff
 .rodata.SD_ApplicationSendOperationCondition.str1.4
                0x0000d804       0x1e ./sdmmc/src/fsl_sd.o
 *fill*         0x0000d822        0x2 ff
 .rodata.SD_SendInterfaceCondition.str1.4
                0x0000d824       0x1e ./sdmmc/src/fsl_sd.o
 *fill*         0x0000d842        0x2 ff
 .rodata.SD_SelectBusTiming.str1.4
                0x0000d844       0x1e ./sdmmc/src/fsl_sd.o
 *fill*         0x0000d862        0x2 ff
 .rodata.SD_DecodeStatus.str1.4
                0x0000d864       0x3d ./sdmmc/src/fsl_sd.o
 *fill*         0x0000d8a1        0x3 ff
 .rodata.SD_ReadStatus.str1.4
                0x0000d8a4       0x1e ./sdmmc/src/fsl_sd.o
 *fill*         0x0000d8c2        0x2 ff
 .rodata.SD_SelectCard.str1.4
                0x0000d8c4       0x1e ./sdmmc/src/fsl_sd.o
 *fill*         0x0000d8e2        0x2 ff
 .rodata.SD_Read.str1.4
                0x0000d8e4       0x9f ./sdmmc/src/fsl_sd.o
 *fill*         0x0000d983        0x1 ff
 .rodata.SD_Write.str1.4
                0x0000d984       0x9f ./sdmmc/src/fsl_sd.o
 *fill*         0x0000da23        0x1 ff
 .rodata.SD_ReadBlocks.str1.4
                0x0000da24       0xa3 ./sdmmc/src/fsl_sd.o
 *fill*         0x0000dac7        0x1 ff
 .rodata.SD_WriteBlocks.str1.4
                0x0000dac8       0xa3 ./sdmmc/src/fsl_sd.o
 *fill*         0x0000db6b        0x1 ff
 .rodata.SD_ProbeBusVoltage.str1.4
                0x0000db6c       0x1e ./sdmmc/src/fsl_sd.o
 *fill*         0x0000db8a        0x2 ff
 .rodata.sdcard_init.str1.4
                0x0000db8c       0x4b ./sdmmc/src/fsl_sd.o
 *fill*         0x0000dbd7        0x1 ff
 .rodata.SD_CardInit.str1.4
                0x0000dbd8       0x1e ./sdmmc/src/fsl_sd.o
 *fill*         0x0000dbf6        0x2 ff
 .rodata.SD_CardDeinit.str1.4
                0x0000dbf8       0x1e ./sdmmc/src/fsl_sd.o
 *fill*         0x0000dc16        0x2 ff
 .rodata.SD_HostInit.str1.4
                0x0000dc18       0x4b ./sdmmc/src/fsl_sd.o
 *fill*         0x0000dc63        0x1 ff
 .rodata.SD_HostDeinit.str1.4
                0x0000dc64       0x1e ./sdmmc/src/fsl_sd.o
 *fill*         0x0000dc82        0x2 ff
 .rodata.SD_SetCardPower.str1.4
                0x0000dc84       0x1e ./sdmmc/src/fsl_sd.o
 *fill*         0x0000dca2        0x2 ff
 .rodata.SD_PollingCardInsert.str1.4
                0x0000dca4       0x4b ./sdmmc/src/fsl_sd.o
 *fill*         0x0000dcef        0x1 ff
 .rodata.SD_Init.str1.4
                0x0000dcf0       0x1e ./sdmmc/src/fsl_sd.o
 *fill*         0x0000dd0e        0x2 ff
 .rodata.SDMMC_OSAEventCreate.str1.4
                0x0000dd10       0x2a ./sdmmc/osa/fsl_sdmmc_osa.o
 *fill*         0x0000dd3a        0x2 ff
 .rodata.SDMMC_OSAEventWait.str1.4
                0x0000dd3c       0x2a ./sdmmc/osa/fsl_sdmmc_osa.o
 *fill*         0x0000dd66        0x2 ff
 .rodata.SDMMC_OSAEventSet.str1.4
                0x0000dd68       0x2b ./sdmmc/osa/fsl_sdmmc_osa.o
 *fill*         0x0000dd93        0x1 ff
 .rodata.SDMMC_OSAEventGet.str1.4
                0x0000dd94       0x50 ./sdmmc/osa/fsl_sdmmc_osa.o
 .rodata.SDMMC_OSAEventClear.str1.4
                0x0000dde4       0x2b ./sdmmc/osa/fsl_sdmmc_osa.o
 *fill*         0x0000de0f        0x1 ff
 .rodata.SDMMC_OSAEventDestroy.str1.4
                0x0000de10       0x2b ./sdmmc/osa/fsl_sdmmc_osa.o
 *fill*         0x0000de3b        0x1 ff
 .rodata.SDMMC_OSAMutexCreate.str1.4
                0x0000de3c       0x2b ./sdmmc/osa/fsl_sdmmc_osa.o
 *fill*         0x0000de67        0x1 ff
 .rodata.SDMMC_OSAMutexLock.str1.4
                0x0000de68       0x2b ./sdmmc/osa/fsl_sdmmc_osa.o
 *fill*         0x0000de93        0x1 ff
 .rodata.SDMMC_OSAMutexUnlock.str1.4
                0x0000de94       0x2b ./sdmmc/osa/fsl_sdmmc_osa.o
 *fill*         0x0000debf        0x1 ff
 .rodata.SDMMC_OSAMutexDestroy.str1.4
                0x0000dec0       0x2b ./sdmmc/osa/fsl_sdmmc_osa.o
 *fill*         0x0000deeb        0x1 ff
 .rodata.SDMMCHOST_PollingCardDetectStatus.str1.4
                0x0000deec       0x51 ./sdmmc/host/fsl_sdmmc_host.o
 *fill*         0x0000df3d        0x3 ff
 .rodata.SDMMCHOST_Init.str1.4
                0x0000df40       0x25 ./sdmmc/host/fsl_sdmmc_host.o
 *fill*         0x0000df65        0x3 ff
 .rodata.xTimerCreateTimerTask.str1.4
                0x0000df68        0x8 ./freertos/freertos_kernel/timers.o
 .rodata.prvCheckForValidListAndQueue.str1.4
                0x0000df70        0x5 ./freertos/freertos_kernel/timers.o
 *fill*         0x0000df75        0x3 ff
 .rodata.create_name.str1.4
                0x0000df78        0xf ./fatfs/source/ff.o
 *fill*         0x0000df87        0x1 ff
 .rodata.check_fs.str1.4
                0x0000df88        0x9 ./fatfs/source/ff.o
 *fill*         0x0000df91        0x3 ff
 .rodata.CLOCK_GetMcgExtClkFreq.str1.4
                0x0000df94       0x4e ./drivers/fsl_clock.o
 *fill*         0x0000dfe2        0x2 ff
 .rodata.CLOCK_GetOsc0ErClkFreq.str1.4
                0x0000dfe4       0x1f ./drivers/fsl_clock.o
 *fill*         0x0000e003        0x1 ff
 .rodata.CLOCK_GetEr32kClkFreq.str1.4
                0x0000e004       0x20 ./drivers/fsl_clock.o
 .rodata.CLOCK_GetPll0Freq.str1.4
                0x0000e024       0x1e ./drivers/fsl_clock.o
 *fill*         0x0000e042        0x2 ff
 .rodata.CLOCK_EnablePll0.str1.4
                0x0000e044       0x1b ./drivers/fsl_clock.o
 *fill*         0x0000e05f        0x1 ff
 .rodata.CLOCK_SetPbeMode.str1.4
                0x0000e060       0x1b ./drivers/fsl_clock.o
 *fill*         0x0000e07b        0x1 ff
 .rodata.CLOCK_BootToPeeMode.str1.4
                0x0000e07c       0x1b ./drivers/fsl_clock.o
 *fill*         0x0000e097        0x1 ff
 .rodata.fllFactorTable.1
                0x0000e098       0x10 ./drivers/fsl_clock.o
 .rodata.SDHC_GetInstance.str1.4
                0x0000e0a8       0x34 ./drivers/fsl_sdhc.o
 .rodata.SDHC_ReceiveCommandResponse.str1.4
                0x0000e0dc       0x22 ./drivers/fsl_sdhc.o
 *fill*         0x0000e0fe        0x2 ff
 .rodata.SDHC_TransferHandleCommand.str1.4
                0x0000e100       0x2a ./drivers/fsl_sdhc.o
 *fill*         0x0000e12a        0x2 ff
 .rodata.SDHC_TransferHandleData.str1.4
                0x0000e12c       0x27 ./drivers/fsl_sdhc.o
 *fill*         0x0000e153        0x1 ff
 .rodata.SDHC_Init.str1.4
                0x0000e154      0x11f ./drivers/fsl_sdhc.o
 *fill*         0x0000e273        0x1 ff
 .rodata.SDHC_SetSdClock.str1.4
                0x0000e274       0x6a ./drivers/fsl_sdhc.o
 *fill*         0x0000e2de        0x2 ff
 .rodata.SDHC_SetTransferConfig.str1.4
                0x0000e2e0       0xf1 ./drivers/fsl_sdhc.o
 *fill*         0x0000e3d1        0x3 ff
 .rodata.SDHC_TransferCreateHandle.str1.4
                0x0000e3d4       0x48 ./drivers/fsl_sdhc.o
 .rodata.SDHC_TransferNonBlocking.str1.4
                0x0000e41c       0x24 ./drivers/fsl_sdhc.o
 .rodata.SDHC_TransferHandleIRQ.str1.4
                0x0000e440       0x22 ./drivers/fsl_sdhc.o
 *fill*         0x0000e462        0x2 ff
 .rodata.SDHC_DriverIRQHandler.str1.4
                0x0000e464       0x2b ./drivers/fsl_sdhc.o
 *fill*         0x0000e48f        0x1 ff
 .rodata.OSA_SemaphoreCreate.str1.4
                0x0000e490       0x3e ./component/osa/fsl_os_abstraction_free_rtos.o
 *fill*         0x0000e4ce        0x2 ff
 .rodata.OSA_SemaphoreDestroy.str1.4
                0x0000e4d0       0x3e ./component/osa/fsl_os_abstraction_free_rtos.o
 *fill*         0x0000e50e        0x2 ff
 .rodata.OSA_SemaphoreWait.str1.4
                0x0000e510       0x3e ./component/osa/fsl_os_abstraction_free_rtos.o
 *fill*         0x0000e54e        0x2 ff
 .rodata.OSA_SemaphorePost.str1.4
                0x0000e550       0x3e ./component/osa/fsl_os_abstraction_free_rtos.o
 *fill*         0x0000e58e        0x2 ff
 .rodata.OSA_MutexCreate.str1.4
                0x0000e590       0x3a ./component/osa/fsl_os_abstraction_free_rtos.o
 *fill*         0x0000e5ca        0x2 ff
 .rodata.OSA_MutexLock.str1.4
                0x0000e5cc       0x3a ./component/osa/fsl_os_abstraction_free_rtos.o
 *fill*         0x0000e606        0x2 ff
 .rodata.OSA_MutexUnlock.str1.4
                0x0000e608       0x3a ./component/osa/fsl_os_abstraction_free_rtos.o
 *fill*         0x0000e642        0x2 ff
 .rodata.OSA_MutexDestroy.str1.4
                0x0000e644       0x3a ./component/osa/fsl_os_abstraction_free_rtos.o
 *fill*         0x0000e67e        0x2 ff
 .rodata.mcgConfig_BOARD_BootClockRUN
                0x0000e680        0xb ./board/clock_config.o
                0x0000e680                mcgConfig_BOARD_BootClockRUN
 *fill*         0x0000e68b        0x1 ff
 .rodata.simConfig_BOARD_BootClockRUN
                0x0000e68c        0x8 ./board/clock_config.o
                0x0000e68c                simConfig_BOARD_BootClockRUN
 .rodata.oscConfig_BOARD_BootClockRUN
                0x0000e694        0x8 ./board/clock_config.o
                0x0000e694                oscConfig_BOARD_BootClockRUN
 .rodata.BOARD_SD_Config.str1.4
                0x0000e69c       0x1b ./board/sdmmc_config.o
 *fill*         0x0000e6b7        0x1 ff
 .rodata.__num_Ciob_streams
                0x0000e6b8        0x4 e:/mcuxpressoide_11.4.1_6260/ide/plugins/com.nxp.mcuxpresso.tools.win32_11.4.0.202103011116/tools/bin/../lib/gcc/arm-none-eabi/10.2.1/../../../../arm-none-eabi/lib/thumb/v7e-m+fp/hard\libcr_semihost_nf.a(__ciob.o)
                0x0000e6b8                __num_Ciob_streams
 .rodata._Csys_alloc.str1.1
                0x0000e6bc       0x18 e:/mcuxpressoide_11.4.1_6260/ide/plugins/com.nxp.mcuxpresso.tools.win32_11.4.0.202103011116/tools/bin/../lib/gcc/arm-none-eabi/10.2.1/../../../../arm-none-eabi/lib/thumb/v7e-m+fp/hard\libcr_c.a(alloc.o)
 .rodata._initio.str1.1
                0x0000e6d4        0x4 e:/mcuxpressoide_11.4.1_6260/ide/plugins/com.nxp.mcuxpresso.tools.win32_11.4.0.202103011116/tools/bin/../lib/gcc/arm-none-eabi/10.2.1/../../../../arm-none-eabi/lib/thumb/v7e-m+fp/hard\libcr_c.a(initio.o)
 .rodata.__vfprintf.str1.1
                0x0000e6d8       0x37 e:/mcuxpressoide_11.4.1_6260/ide/plugins/com.nxp.mcuxpresso.tools.win32_11.4.0.202103011116/tools/bin/../lib/gcc/arm-none-eabi/10.2.1/../../../../arm-none-eabi/lib/thumb/v7e-m+fp/hard\libcr_c.a(printf.o)
                                 0x38 (size before relaxing)
                0x0000e710                . = ALIGN (0x8)
 *fill*         0x0000e70f        0x1 ff

.glue_7         0x0000e710        0x0
 .glue_7        0x0000e710        0x0 linker stubs

.glue_7t        0x0000e710        0x0
 .glue_7t       0x0000e710        0x0 linker stubs

.vfp11_veneer   0x0000e710        0x0
 .vfp11_veneer  0x0000e710        0x0 linker stubs

.v4_bx          0x0000e710        0x0
 .v4_bx         0x0000e710        0x0 linker stubs

.iplt           0x0000e710        0x0
 .iplt          0x0000e710        0x0 ./utilities/fsl_assert.o

.rel.dyn        0x0000e710        0x0
 .rel.iplt      0x0000e710        0x0 ./utilities/fsl_assert.o

.ARM.extab
 *(SORT_BY_ALIGNMENT(.ARM.extab*) SORT_BY_ALIGNMENT(.gnu.linkonce.armextab.*))

.ARM.exidx      0x0000e710        0x0
                0x0000e710                __exidx_start = .
 *(SORT_BY_ALIGNMENT(.ARM.exidx*) SORT_BY_ALIGNMENT(.gnu.linkonce.armexidx.*))
                0x0000e710                __exidx_end = .
                0x0000e710                _etext = .

.m_usb_data
 *(SORT_BY_ALIGNMENT(m_usb_bdt))

.data_RAM2      0x1fff0000        0x0 load address 0x0000e710
 FILL mask 0xff
                [!provide]                PROVIDE (__start_data_RAM2 = .)
                [!provide]                PROVIDE (__start_data_SRAM_LOWER = .)
 *(SORT_BY_ALIGNMENT(.ramfunc.$RAM2))
 *(SORT_BY_ALIGNMENT(.ramfunc.$SRAM_LOWER))
 *(SORT_BY_ALIGNMENT(.data.$RAM2))
 *(SORT_BY_ALIGNMENT(.data.$SRAM_LOWER))
 *(SORT_BY_ALIGNMENT(.data.$RAM2.*))
 *(SORT_BY_ALIGNMENT(.data.$SRAM_LOWER.*))
                0x1fff0000                . = ALIGN (0x8)
                [!provide]                PROVIDE (__end_data_RAM2 = .)
                [!provide]                PROVIDE (__end_data_SRAM_LOWER = .)
