Archive member included to satisfy reference by file (symbol)

e:/mcuxpressoide_11.4.1_6260/ide/plugins/com.nxp.mcuxpresso.tools.win32_11.4.0.202103011116/tools/bin/../lib/gcc/arm-none-eabi/10.2.1/../../../../arm-none-eabi/lib/thumb/v7e-m+fp/hard\libcr_semihost_nf.a(_cr__main.o)
                              ./startup/startup_mk64f12.o (__main)
e:/mcuxpressoide_11.4.1_6260/ide/plugins/com.nxp.mcuxpresso.tools.win32_11.4.0.202103011116/tools/bin/../lib/gcc/arm-none-eabi/10.2.1/../../../../arm-none-eabi/lib/thumb/v7e-m+fp/hard\libcr_c.a(memcpy.o)
                              ./utilities/fsl_str.o (memcpy)
e:/mcuxpressoide_11.4.1_6260/ide/plugins/com.nxp.mcuxpresso.tools.win32_11.4.0.202103011116/tools/bin/../lib/gcc/arm-none-eabi/10.2.1/../../../../arm-none-eabi/lib/thumb/v7e-m+fp/hard\libcr_c.a(memset.o)
                              ./sdmmc/src/fsl_sd.o (memset)
e:/mcuxpressoide_11.4.1_6260/ide/plugins/com.nxp.mcuxpresso.tools.win32_11.4.0.202103011116/tools/bin/../lib/gcc/arm-none-eabi/10.2.1/../../../../arm-none-eabi/lib/thumb/v7e-m+fp/hard\libcr_c.a(alloc.o)
                              ./drivers/fsl_common.o (malloc)
e:/mcuxpressoide_11.4.1_6260/ide/plugins/com.nxp.mcuxpresso.tools.win32_11.4.0.202103011116/tools/bin/../lib/gcc/arm-none-eabi/10.2.1/../../../../arm-none-eabi/lib/thumb/v7e-m+fp/hard\libcr_c.a(errno.o)
                              ./utilities/fsl_str.o (errno)
e:/mcuxpressoide_11.4.1_6260/ide/plugins/com.nxp.mcuxpresso.tools.win32_11.4.0.202103011116/tools/bin/../lib/gcc/arm-none-eabi/10.2.1/../../../../arm-none-eabi/lib/thumb/v7e-m+fp/hard\libcr_c.a(initio.o)
                              e:/mcuxpressoide_11.4.1_6260/ide/plugins/com.nxp.mcuxpresso.tools.win32_11.4.0.202103011116/tools/bin/../lib/gcc/arm-none-eabi/10.2.1/../../../../arm-none-eabi/lib/thumb/v7e-m+fp/hard\libcr_semihost_nf.a(_cr__main.o) (_initio)
e:/mcuxpressoide_11.4.1_6260/ide/plugins/com.nxp.mcuxpresso.tools.win32_11.4.0.202103011116/tools/bin/../lib/gcc/arm-none-eabi/10.2.1/../../../../arm-none-eabi/lib/thumb/v7e-m+fp/hard\libcr_c.a(printf.o)
                              ./freertos/freertos_kernel/tasks.o (_sprintf)
e:/mcuxpressoide_11.4.1_6260/ide/plugins/com.nxp.mcuxpresso.tools.win32_11.4.0.202103011116/tools/bin/../lib/gcc/arm-none-eabi/10.2.1/../../../../arm-none-eabi/lib/thumb/v7e-m+fp/hard\libcr_c.a(scanf.o)
                              ./utilities/fsl_str.o (strtoul)
e:/mcuxpressoide_11.4.1_6260/ide/plugins/com.nxp.mcuxpresso.tools.win32_11.4.0.202103011116/tools/bin/../lib/gcc/arm-none-eabi/10.2.1/../../../../arm-none-eabi/lib/thumb/v7e-m+fp/hard\libcr_c.a(setvbuf.o)
                              e:/mcuxpressoide_11.4.1_6260/ide/plugins/com.nxp.mcuxpresso.tools.win32_11.4.0.202103011116/tools/bin/../lib/gcc/arm-none-eabi/10.2.1/../../../../arm-none-eabi/lib/thumb/v7e-m+fp/hard\libcr_c.a(initio.o) (setvbuf)
e:/mcuxpressoide_11.4.1_6260/ide/plugins/com.nxp.mcuxpresso.tools.win32_11.4.0.202103011116/tools/bin/../lib/gcc/arm-none-eabi/10.2.1/../../../../arm-none-eabi/lib/thumb/v7e-m+fp/hard\libcr_c.a(strcpy.o)
                              ./freertos/freertos_kernel/tasks.o (strcpy)
e:/mcuxpressoide_11.4.1_6260/ide/plugins/com.nxp.mcuxpresso.tools.win32_11.4.0.202103011116/tools/bin/../lib/gcc/arm-none-eabi/10.2.1/../../../../arm-none-eabi/lib/thumb/v7e-m+fp/hard\libcr_c.a(strlen.o)
                              ./utilities/fsl_str.o (strlen)
e:/mcuxpressoide_11.4.1_6260/ide/plugins/com.nxp.mcuxpresso.tools.win32_11.4.0.202103011116/tools/bin/../lib/gcc/arm-none-eabi/10.2.1/../../../../arm-none-eabi/lib/thumb/v7e-m+fp/hard\libcr_c.a(ungetc.o)
                              e:/mcuxpressoide_11.4.1_6260/ide/plugins/com.nxp.mcuxpresso.tools.win32_11.4.0.202103011116/tools/bin/../lib/gcc/arm-none-eabi/10.2.1/../../../../arm-none-eabi/lib/thumb/v7e-m+fp/hard\libcr_c.a(scanf.o) (ungetc)
e:/mcuxpressoide_11.4.1_6260/ide/plugins/com.nxp.mcuxpresso.tools.win32_11.4.0.202103011116/tools/bin/../lib/gcc/arm-none-eabi/10.2.1/../../../../arm-none-eabi/lib/thumb/v7e-m+fp/hard\libcr_c.a(__fillbuf.o)
                              e:/mcuxpressoide_11.4.1_6260/ide/plugins/com.nxp.mcuxpresso.tools.win32_11.4.0.202103011116/tools/bin/../lib/gcc/arm-none-eabi/10.2.1/../../../../arm-none-eabi/lib/thumb/v7e-m+fp/hard\libcr_c.a(scanf.o) (__filbuf)
e:/mcuxpressoide_11.4.1_6260/ide/plugins/com.nxp.mcuxpresso.tools.win32_11.4.0.202103011116/tools/bin/../lib/gcc/arm-none-eabi/10.2.1/../../../../arm-none-eabi/lib/thumb/v7e-m+fp/hard\libcr_c.a(__init_alloc.o)
                              e:/mcuxpressoide_11.4.1_6260/ide/plugins/com.nxp.mcuxpresso.tools.win32_11.4.0.202103011116/tools/bin/../lib/gcc/arm-none-eabi/10.2.1/../../../../arm-none-eabi/lib/thumb/v7e-m+fp/hard\libcr_c.a(alloc.o) (__heaps)
e:/mcuxpressoide_11.4.1_6260/ide/plugins/com.nxp.mcuxpresso.tools.win32_11.4.0.202103011116/tools/bin/../lib/gcc/arm-none-eabi/10.2.1/../../../../arm-none-eabi/lib/thumb/v7e-m+fp/hard\libcr_c.a(_cr_sbrk.o)
[...]
Memory Configuration

Name             Origin             Length             Attributes
PROGRAM_FLASH    0x00000000         0x00100000         xr
SRAM_UPPER       0x20000000         0x00030000         xrw
SRAM_LOWER       0x1fff0000         0x00010000         xrw
FLEX_RAM         0x14000000         0x00001000         xrw
*default*        0x00000000         0xffffffff

Linker script and memory map

LOAD ./utilities/fsl_assert.o
LOAD ./utilities/fsl_debug_console.o
LOAD ./utilities/fsl_str.o
LOAD ./usb/device/source/khci/usb_device_khci.o
LOAD ./usb/device/source/usb_device_ch9.o
LOAD ./usb/device/source/usb_device_dci.o
LOAD ./usb/device/class/msc/usb_device_msc.o
LOAD ./usb/device/class/msc/usb_device_msc_ufi.o
LOAD ./usb/device/class/usb_device_class.o
LOAD ./startup/startup_mk64f12.o
LOAD ./source/disk.o
LOAD ./source/semihost_hardfault.o
LOAD ./source/usb_device_descriptor.o
LOAD ./source/usb_sdcard_adapter.o
LOAD ./sdmmc/src/fsl_sd.o
LOAD ./sdmmc/src/fsl_sdmmc_common.o
LOAD ./sdmmc/osa/fsl_sdmmc_osa.o
LOAD ./sdmmc/host/fsl_sdmmc_host.o
LOAD ./freertos/freertos_kernel/portable/MemMang/heap_4.o
LOAD ./freertos/freertos_kernel/portable/GCC/ARM_CM4F/port.o
LOAD ./freertos/freertos_kernel/croutine.o
LOAD ./freertos/freertos_kernel/event_groups.o
LOAD ./freertos/freertos_kernel/list.o
LOAD ./freertos/freertos_kernel/queue.o
LOAD ./freertos/freertos_kernel/stream_buffer.o
LOAD ./freertos/freertos_kernel/tasks.o
LOAD ./freertos/freertos_kernel/timers.o
LOAD ./drivers/fsl_clock.o
LOAD ./drivers/fsl_common.o
LOAD ./drivers/fsl_common_arm.o
LOAD ./drivers/fsl_gpio.o
LOAD ./drivers/fsl_sdhc.o
LOAD ./drivers/fsl_smc.o
LOAD ./drivers/fsl_sysmpu.o
LOAD ./drivers/fsl_uart.o
LOAD ./device/system_MK64F12.o
LOAD ./component/uart/fsl_adapter_uart.o
LOAD ./component/serial_manager/fsl_component_serial_manager.o
LOAD ./component/serial_manager/fsl_component_serial_port_uart.o
LOAD ./component/osa/fsl_os_abstraction_free_rtos.o
LOAD ./component/lists/fsl_component_generic_list.o
LOAD ./board/board.o
LOAD ./board/clock_config.o
LOAD ./board/pin_mux.o
LOAD ./board/sdmmc_config.o
START GROUP
LOAD e:/mcuxpressoide_11.4.1_6260/ide/plugins/com.nxp.mcuxpresso.tools.win32_11.4.0.202103011116/tools/bin/../lib/gcc/arm-none-eabi/10.2.1/../../../../arm-none-eabi/lib/thumb/v7e-m+fp/hard\libcr_semihost_nf.a
LOAD e:/mcuxpressoide_11.4.1_6260/ide/plugins/com.nxp.mcuxpresso.tools.win32_11.4.0.202103011116/tools/bin/../lib/gcc/arm-none-eabi/10.2.1/../../../../arm-none-eabi/lib/thumb/v7e-m+fp/hard\libcr_c.a
LOAD e:/mcuxpressoide_11.4.1_6260/ide/plugins/com.nxp.mcuxpresso.tools.win32_11.4.0.202103011116/tools/bin/../lib/gcc/arm-none-eabi/10.2.1/thumb/v7e-m+fp/hard\libcr_eabihelpers.a
LOAD e:/mcuxpressoide_11.4.1_6260/ide/plugins/com.nxp.mcuxpresso.tools.win32_11.4.0.202103011116/tools/bin/../lib/gcc/arm-none-eabi/10.2.1/thumb/v7e-m+fp/hard\libgcc.a
END GROUP
                0x00000000                __base_PROGRAM_FLASH = 0x0
                0x00000000                __base_Flash = 0x0
                0x00100000                __top_PROGRAM_FLASH = 0x100000
                0x00100000                __top_Flash = 0x100000
                0x20000000                __base_SRAM_UPPER = 0x20000000
                0x20000000                __base_RAM = 0x20000000
                0x20030000                __top_SRAM_UPPER = 0x20030000
                0x20030000                __top_RAM = 0x20030000
                0x1fff0000                __base_SRAM_LOWER = 0x1fff0000
                0x1fff0000                __base_RAM2 = 0x1fff0000
                0x20000000                __top_SRAM_LOWER = 0x20000000
                0x20000000                __top_RAM2 = 0x20000000
                0x14000000                __base_FLEX_RAM = 0x14000000
                0x14000000                __base_RAM3 = 0x14000000
                0x14001000                __top_FLEX_RAM = 0x14001000
                0x14001000                __top_RAM3 = 0x14001000

.text           0x00000000    0x11a88
 FILL mask 0xff
                0x00000000                __vectors_start__ = ABSOLUTE (.)
 *(SORT_BY_ALIGNMENT(.isr_vector))
 .isr_vector    0x00000000      0x198 ./startup/startup_mk64f12.o
                0x00000000                g_pfnVectors
                0x00000000                __Vectors
                0x00000198                . = ALIGN (0x4)
                0x00000198                __section_table_start = .
                0x00000198                __data_section_table = .
                0x00000198        0x4 LONG 0x11a88 LOADADDR (.data)
                0x0000019c        0x4 LONG 0x20000000 ADDR (.data)
                0x000001a0        0x4 LONG 0x198 SIZEOF (.data)
                0x000001a4        0x4 LONG 0x11a88 LOADADDR (.data_RAM2)
                0x000001a8        0x4 LONG 0x1fff0000 ADDR (.data_RAM2)
                0x000001ac        0x4 LONG 0x0 SIZEOF (.data_RAM2)
                0x000001b0        0x4 LONG 0x11a88 LOADADDR (.data_RAM3)
                0x000001b4        0x4 LONG 0x14000000 ADDR (.data_RAM3)
                0x000001b8        0x4 LONG 0x0 SIZEOF (.data_RAM3)
                0x000001bc                __data_section_table_end = .
                0x000001bc                __bss_section_table = .
                0x000001bc        0x4 LONG 0x20000200 ADDR (.bss)
                0x000001c0        0x4 LONG 0xabf8 SIZEOF (.bss)
                0x000001c4        0x4 LONG 0x1fff0000 ADDR (.bss_RAM2)
                0x000001c8        0x4 LONG 0x0 SIZEOF (.bss_RAM2)
                0x000001cc        0x4 LONG 0x14000000 ADDR (.bss_RAM3)
                0x000001d0        0x4 LONG 0x0 SIZEOF (.bss_RAM3)
                0x000001d4                __bss_section_table_end = .
                0x000001d4                __section_table_end = .
 *(SORT_BY_ALIGNMENT(.after_vectors*))
 .after_vectors.reset
                0x000001d4       0x4c ./startup/startup_mk64f12.o
                0x000001d4                ResetISR
 .after_vectors.init_data
                0x00000220       0x1e ./startup/startup_mk64f12.o
                0x00000220                data_init
 .after_vectors.init_bss
                0x0000023e       0x12 ./startup/startup_mk64f12.o
                0x0000023e                bss_init
 .after_vectors
                0x00000250       0x14 ./startup/startup_mk64f12.o
                0x00000250                NMI_Handler
                0x00000254                MemManage_Handler
                0x00000256                BusFault_Handler
                0x00000258                UsageFault_Handler
                0x0000025c                DebugMon_Handler
                0x00000262                LPTMR0_DriverIRQHandler
                0x00000262                DMA_Error_DriverIRQHandler
                0x00000262                SPI1_DriverIRQHandler
                0x00000262                FTM1_DriverIRQHandler
                0x00000262                FTM2_DriverIRQHandler
                0x00000262                PIT2_DriverIRQHandler
                0x00000262                I2S0_Tx_DriverIRQHandler
                0x00000262                RTC_Seconds_DriverIRQHandler
                0x00000262                DMA6_DriverIRQHandler
                0x00000262                LLWU_DriverIRQHandler
                0x00000262                MCM_DriverIRQHandler
                0x00000262                MCG_DriverIRQHandler
                0x00000262                ENET_1588_Timer_DriverIRQHandler
                0x00000262                I2C2_DriverIRQHandler
                0x00000262                DAC1_DriverIRQHandler
                0x00000262                DMA12_DriverIRQHandler
                0x00000262                CMP1_DriverIRQHandler
                0x00000262                FTM0_DriverIRQHandler
                0x00000262                IntDefaultHandler
                0x00000262                USB0_DriverIRQHandler
                0x00000262                UART5_ERR_DriverIRQHandler
                0x00000262                PORTC_DriverIRQHandler
                0x00000262                DMA11_DriverIRQHandler
                0x00000262                DAC0_DriverIRQHandler
                0x00000262                DMA10_DriverIRQHandler
                0x00000262                CMP2_DriverIRQHandler
                0x00000262                UART2_ERR_DriverIRQHandler
                0x00000262                SPI2_DriverIRQHandler
                0x00000262                LVD_LVW_DriverIRQHandler
                0x00000262                PIT0_DriverIRQHandler
                0x00000262                RNG_DriverIRQHandler
                0x00000262                PORTB_DriverIRQHandler
                0x00000262                DMA4_DriverIRQHandler
                0x00000262                USBDCD_DriverIRQHandler
                0x00000262                UART3_ERR_DriverIRQHandler
                0x00000262                DMA3_DriverIRQHandler
                0x00000262                DMA8_DriverIRQHandler
                0x00000262                DMA9_DriverIRQHandler
                0x00000262                UART0_ERR_DriverIRQHandler
                0x00000262                CMT_DriverIRQHandler
                0x00000262                Reserved71_DriverIRQHandler
                0x00000262                ADC1_DriverIRQHandler
                0x00000262                PORTA_DriverIRQHandler
                0x00000262                DMA14_DriverIRQHandler
                0x00000262                PIT3_DriverIRQHandler
                0x00000262                PIT1_DriverIRQHandler
                0x00000262                WDOG_EWM_DriverIRQHandler
                0x00000262                PDB0_DriverIRQHandler
                0x00000262                RTC_DriverIRQHandler
                0x00000262                I2S0_Rx_DriverIRQHandler
                0x00000262                Read_Collision_DriverIRQHandler
                0x00000262                SWI_DriverIRQHandler
                0x00000262                UART4_ERR_DriverIRQHandler
                0x00000262                DMA0_DriverIRQHandler
                0x00000262                UART0_LON_DriverIRQHandler
                0x00000262                DMA1_DriverIRQHandler
                0x00000262                I2C1_DriverIRQHandler
                0x00000262                ENET_Receive_DriverIRQHandler
                0x00000262                DMA13_DriverIRQHandler
                0x00000262                ENET_Error_DriverIRQHandler
                0x00000262                DMA15_DriverIRQHandler
                0x00000262                SPI0_DriverIRQHandler
                0x00000262                ADC0_DriverIRQHandler
                0x00000262                CMP0_DriverIRQHandler
                0x00000262                CAN0_DriverIRQHandler
                0x00000262                FTM3_DriverIRQHandler
                0x00000262                DMA5_DriverIRQHandler
                0x00000262                UART1_ERR_DriverIRQHandler
                0x00000262                DMA2_DriverIRQHandler
                0x00000262                ENET_Transmit_DriverIRQHandler
                0x00000262                PORTD_DriverIRQHandler
                0x00000262                PORTE_DriverIRQHandler
                0x00000262                FTFE_DriverIRQHandler
                0x00000262                I2C0_DriverIRQHandler
                0x00000262                DMA7_DriverIRQHandler
                0x00000400                . = 0x400
 *fill*         0x00000264      0x19c ff
                0x00000400                PROVIDE (__FLASH_CONFIG_START__ = .)
 *(SORT_BY_ALIGNMENT(.FlashConfig))
 .FlashConfig   0x00000400       0x10 ./startup/startup_mk64f12.o
                0x00000400                Flash_Config
                0x00000410                PROVIDE (__FLASH_CONFIG_END__ = .)
                0x00000001                ASSERT (! ((__FLASH_CONFIG_START__ == __FLASH_CONFIG_END__)), Linker Flash Config Support Enabled, but no .FlashConfig section provided within application)
 *(SORT_BY_ALIGNMENT(.text*))
 .text.SVC_Handler
                0x00000410       0x28 ./freertos/freertos_kernel/portable/GCC/ARM_CM4F/port.o
                0x00000410                SVC_Handler
 *fill*         0x00000438        0x8 ff
 .text.PendSV_Handler
                0x00000440       0x68 ./freertos/freertos_kernel/portable/GCC/ARM_CM4F/port.o
                0x00000440                PendSV_Handler
 .text.__assertion_failed
                0x000004a8       0x18 ./utilities/fsl_assert.o
                0x000004a8                __assertion_failed
 .text.USB_DeviceKhciEndpointTransfer
                0x000004c0      0x104 ./usb/device/source/khci/usb_device_khci.o
 .text.USB_DeviceKhciInit
                0x000005c4       0xd4 ./usb/device/source/khci/usb_device_khci.o
                0x000005c4                USB_DeviceKhciInit
 .text.USB_DeviceKhciControl
                0x00000698      0x2b0 ./usb/device/source/khci/usb_device_khci.o
                0x00000698                USB_DeviceKhciControl
 .text.USB_DeviceControlCallback
                0x00000948      0x3e4 ./usb/device/source/usb_device_ch9.o
 .text.USB_DeviceControlPipeInit
                0x00000d2c       0x7c ./usb/device/source/usb_device_ch9.o
                0x00000d2c                USB_DeviceControlPipeInit
 .text.USB_DeviceAllocateHandle
                0x00000da8       0xd0 ./usb/device/source/usb_device_dci.o
 .text.USB_DeviceGetControllerInterface
                0x00000e78       0x3c ./usb/device/source/usb_device_dci.o
 .text.USB_DeviceGetStatus
                0x00000eb4       0xcc ./usb/device/source/usb_device_dci.o
                0x00000eb4                USB_DeviceGetStatus
 .text.USB_DeviceSetStatus
                0x00000f80      0x118 ./usb/device/source/usb_device_dci.o
                0x00000f80                USB_DeviceSetStatus
 .text.USB_DeviceMscAllocateHandle
                0x00001098      0x138 ./usb/device/class/msc/usb_device_msc.o
 .text.USB_DeviceMscProcessUfiCommand
                0x000011d0      0x2dc ./usb/device/class/msc/usb_device_msc.o
 .text.USB_DeviceMscBulkIn
                0x000014ac      0x240 ./usb/device/class/msc/usb_device_msc.o
 .text.USB_DeviceMscBulkOut
                0x000016ec      0x42c ./usb/device/class/msc/usb_device_msc.o
 .text.USB_DeviceMscEndpointsInit
                0x00001b18      0x240 ./usb/device/class/msc/usb_device_msc.o
                0x00001b18                USB_DeviceMscEndpointsInit
 .text.USB_DeviceMscEvent
                0x00001d58      0x590 ./usb/device/class/msc/usb_device_msc.o
                0x00001d58                USB_DeviceMscEvent
 .text.USB_DeviceMscUfiReadFormatCapacityCommand
                0x000022e8      0x3d8 ./usb/device/class/msc/usb_device_msc_ufi.o
                0x000022e8                USB_DeviceMscUfiReadFormatCapacityCommand
 .text.USB_DeviceClassAllocateHandle
                0x000026c0       0xc8 ./usb/device/class/usb_device_class.o
 .text.USB_DeviceClassFreeHandle
                0x00002788       0x90 ./usb/device/class/usb_device_class.o
 .text.USB_DeviceClassGetHandleByDeviceHandle
                0x00002818       0x64 ./usb/device/class/usb_device_class.o
 .text.USB_DeviceClassGetDeviceHandle
                0x0000287c       0x78 ./usb/device/class/usb_device_class.o
                0x0000287c                USB_DeviceClassGetDeviceHandle
 .text.USB_DeviceClassEvent
                0x000028f4       0xdc ./usb/device/class/usb_device_class.o
                0x000028f4                USB_DeviceClassEvent
 .text.USB_DeviceClassInit
                0x000029d0      0x118 ./usb/device/class/usb_device_class.o
                0x000029d0                USB_DeviceClassInit
 .text.__NVIC_EnableIRQ
                0x00002ae8       0x3c ./source/disk.o
 .text.__NVIC_SetPriority
                0x00002b24       0x54 ./source/disk.o
 .text.USB0_IRQHandler
                0x00002b78       0x1c ./source/disk.o
                0x00002b78                USB0_IRQHandler
 .text.USB_DeviceClockInit
                0x00002b94       0x1c ./source/disk.o
                0x00002b94                USB_DeviceClockInit
 .text.USB_DeviceMscCallback
                0x00002bb0      0x1dc ./source/disk.o
                0x00002bb0                USB_DeviceMscCallback
 .text.USB_DeviceCallback
                0x00002d8c      0x1b0 ./source/disk.o
                0x00002d8c                USB_DeviceCallback
 .text.USB_DeviceApplicationInit
                0x00002f3c       0xa4 ./source/disk.o
                0x00002f3c                USB_DeviceApplicationInit
 .text.APP_task
                0x00002fe0       0x58 ./source/disk.o
                0x00002fe0                APP_task
 .text.main     0x00003038       0x60 ./source/disk.o
                0x00003038                main
 .text.USB_DeviceGetDeviceDescriptor
                0x00003098       0x28 ./source/usb_device_descriptor.o
                0x00003098                USB_DeviceGetDeviceDescriptor
 .text.USB_DeviceGetConfigurationDescriptor
                0x000030c0       0x34 ./source/usb_device_descriptor.o
                0x000030c0                USB_DeviceGetConfigurationDescriptor
 .text.USB_DeviceGetStringDescriptor
                0x000030f4       0xc0 ./source/usb_device_descriptor.o
                0x000030f4                USB_DeviceGetStringDescriptor
 .text.BOARD_USB_Disk_Config
                0x000031b4       0x24 ./source/usb_sdcard_adapter.o
                0x000031b4                BOARD_USB_Disk_Config
 .text.USB_DeviceMscDiskStorageInit
                0x000031d8       0x40 ./source/usb_sdcard_adapter.o
                0x000031d8                USB_DeviceMscDiskStorageInit
 .text.USB_Disk_WriteBlocks
                0x00003218       0x28 ./source/usb_sdcard_adapter.o
                0x00003218                USB_Disk_WriteBlocks
 .text.USB_Disk_ReadBlocks
                0x00003240       0x28 ./source/usb_sdcard_adapter.o
                0x00003240                USB_Disk_ReadBlocks
 .text.USB_Disk_GetBlockSize
                0x00003268       0x1c ./source/usb_sdcard_adapter.o
                0x00003268                USB_Disk_GetBlockSize
 .text.USB_Disk_GetBlockCount
                0x00003284       0x1c ./source/usb_sdcard_adapter.o
                0x00003284                USB_Disk_GetBlockCount
 .text.SD_SendApplicationCmd
                0x000032a0       0x30 ./sdmmc/src/fsl_sd.o
 .text.SD_GoIdle
                0x000032d0       0x2c ./sdmmc/src/fsl_sd.o
 .text.SD_SetBlockSize
                0x000032fc       0x30 ./sdmmc/src/fsl_sd.o
 .text.SD_ExecuteTuning
                0x0000332c       0x3c ./sdmmc/src/fsl_sd.o
 .text.SD_SwitchVoltage
                0x00003368      0x10c ./sdmmc/src/fsl_sd.o
 .text.SD_StopTransmission
                0x00003474       0x80 ./sdmmc/src/fsl_sd.o
 .text.SD_Transfer
                0x000034f4       0xc8 ./sdmmc/src/fsl_sd.o
 .text.SD_SendCardStatus
                0x000035bc       0xac ./sdmmc/src/fsl_sd.o
 .text.SD_PollingCardStatusBusy
                0x00003668       0x7c ./sdmmc/src/fsl_sd.o
                0x00003668                SD_PollingCardStatusBusy
 .text.SD_SendWriteSuccessBlocks
                0x000036e4       0xf0 ./sdmmc/src/fsl_sd.o
 .text.SD_SendRca
                0x000037d4       0x74 ./sdmmc/src/fsl_sd.o
 .text.SD_SwitchFunction
                0x00003848       0xc8 ./sdmmc/src/fsl_sd.o
 .text.SD_DecodeScr
                0x00003910      0x178 ./sdmmc/src/fsl_sd.o
 .text.SD_SendScr
                0x00003a88       0xe0 ./sdmmc/src/fsl_sd.o
 .text.SD_SelectFunction
                0x00003b68      0x188 ./sdmmc/src/fsl_sd.o
 .text.SD_SetDataBusWidth
                0x00003cf0       0x9c ./sdmmc/src/fsl_sd.o
 .text.SD_DecodeCsd
                0x00003d8c      0x374 ./sdmmc/src/fsl_sd.o
 .text.SD_SendCsd
                0x00004100       0x98 ./sdmmc/src/fsl_sd.o
 .text.SD_DecodeCid
                0x00004198       0xd4 ./sdmmc/src/fsl_sd.o
 .text.SD_AllSendCid
                0x0000426c       0x94 ./sdmmc/src/fsl_sd.o
 .text.SD_ApplicationSendOperationCondition
                0x00004300       0xdc ./sdmmc/src/fsl_sd.o
 .text.SD_SendInterfaceCondition
                0x000043dc       0x98 ./sdmmc/src/fsl_sd.o
 .text.SD_SelectBusTiming
                0x00004474      0x268 ./sdmmc/src/fsl_sd.o
 .text.SD_DecodeStatus
                0x000046dc      0x114 ./sdmmc/src/fsl_sd.o
 .text.SD_ReadStatus
                0x000047f0       0xfc ./sdmmc/src/fsl_sd.o
                0x000047f0                SD_ReadStatus
 .text.SD_SelectCard
                0x000048ec       0x38 ./sdmmc/src/fsl_sd.o
                0x000048ec                SD_SelectCard
 .text.SD_Read  0x00004924      0x14c ./sdmmc/src/fsl_sd.o
 .text.SD_Write
                0x00004a70      0x164 ./sdmmc/src/fsl_sd.o
 .text.SD_ReadBlocks
                0x00004bd4      0x188 ./sdmmc/src/fsl_sd.o
                0x00004bd4                SD_ReadBlocks
 .text.SD_WriteBlocks
                0x00004d5c      0x184 ./sdmmc/src/fsl_sd.o
                0x00004d5c                SD_WriteBlocks
 .text.SD_ProbeBusVoltage
                0x00004ee0      0x164 ./sdmmc/src/fsl_sd.o
 .text.sdcard_init
                0x00005044      0x160 ./sdmmc/src/fsl_sd.o
 .text.SD_CardInit
                0x000051a4       0x60 ./sdmmc/src/fsl_sd.o
                0x000051a4                SD_CardInit
 .text.SD_HostInit
                0x00005204       0x8c ./sdmmc/src/fsl_sd.o
                0x00005204                SD_HostInit
 .text.SD_SetCardPower
                0x00005290       0x80 ./sdmmc/src/fsl_sd.o
                0x00005290                SD_SetCardPower
 .text.SD_PollingCardInsert
                0x00005310       0xcc ./sdmmc/src/fsl_sd.o
                0x00005310                SD_PollingCardInsert
 .text.SD_Init  0x000053dc       0x84 ./sdmmc/src/fsl_sd.o
                0x000053dc                SD_Init
 .text.SDMMC_SelectCard
                0x00005460       0x84 ./sdmmc/src/fsl_sdmmc_common.o
                0x00005460                SDMMC_SelectCard
 .text.SDMMC_SendApplicationCommand
                0x000054e4       0x80 ./sdmmc/src/fsl_sdmmc_common.o
                0x000054e4                SDMMC_SendApplicationCommand
 .text.SDMMC_SetBlockSize
                0x00005564       0x70 ./sdmmc/src/fsl_sdmmc_common.o
                0x00005564                SDMMC_SetBlockSize
 .text.SDMMC_OSAEventCreate
                0x000055d4       0x30 ./sdmmc/osa/fsl_sdmmc_osa.o
                0x000055d4                SDMMC_OSAEventCreate
 .text.SDMMC_OSAEventWait
                0x00005604       0x6c ./sdmmc/osa/fsl_sdmmc_osa.o
                0x00005604                SDMMC_OSAEventWait
 .text.SDMMC_OSAEventSet
                0x00005670       0x4c ./sdmmc/osa/fsl_sdmmc_osa.o
                0x00005670                SDMMC_OSAEventSet
 .text.SDMMC_OSAEventGet
                0x000056bc       0x40 ./sdmmc/osa/fsl_sdmmc_osa.o
                0x000056bc                SDMMC_OSAEventGet
 .text.SDMMC_OSAEventClear
                0x000056fc       0x44 ./sdmmc/osa/fsl_sdmmc_osa.o
                0x000056fc                SDMMC_OSAEventClear
 .text.SDMMC_OSAMutexCreate
                0x00005740       0x2c ./sdmmc/osa/fsl_sdmmc_osa.o
                0x00005740                SDMMC_OSAMutexCreate
 .text.SDMMC_OSAMutexLock
                0x0000576c       0x30 ./sdmmc/osa/fsl_sdmmc_osa.o
                0x0000576c                SDMMC_OSAMutexLock
 .text.SDMMC_OSAMutexUnlock
                0x0000579c       0x2c ./sdmmc/osa/fsl_sdmmc_osa.o
                0x0000579c                SDMMC_OSAMutexUnlock
 .text.SDMMC_OSADelay
                0x000057c8       0x28 ./sdmmc/osa/fsl_sdmmc_osa.o
                0x000057c8                SDMMC_OSADelay
 .text.SDMMC_OSADelayUs
                0x000057f0       0x20 ./sdmmc/osa/fsl_sdmmc_osa.o
                0x000057f0                SDMMC_OSADelayUs
 .text.SDMMCHOST_PollingCardDetectStatus
                0x00005810      0x120 ./sdmmc/host/fsl_sdmmc_host.o
                0x00005810                SDMMCHOST_PollingCardDetectStatus
 .text.SDMMCHOST_Init
                0x00005930       0xdc ./sdmmc/host/fsl_sdmmc_host.o
                0x00005930                SDMMCHOST_Init
 .text.pvPortMalloc
                0x00005a0c      0x1c0 ./freertos/freertos_kernel/portable/MemMang/heap_4.o
                0x00005a0c                pvPortMalloc
 .text.vPortFree
                0x00005bcc       0xc4 ./freertos/freertos_kernel/portable/MemMang/heap_4.o
                0x00005bcc                vPortFree
 .text.prvHeapInit
                0x00005c90       0xc4 ./freertos/freertos_kernel/portable/MemMang/heap_4.o
 .text.prvInsertBlockIntoFreeList
                0x00005d54       0xb4 ./freertos/freertos_kernel/portable/MemMang/heap_4.o
 .text.pxPortInitialiseStack
                0x00005e08       0x68 ./freertos/freertos_kernel/portable/GCC/ARM_CM4F/port.o
                0x00005e08                pxPortInitialiseStack
 .text.prvTaskExitError
                0x00005e70       0x58 ./freertos/freertos_kernel/portable/GCC/ARM_CM4F/port.o
 .text.prvPortStartFirstTask
                0x00005ec8       0x2c ./freertos/freertos_kernel/portable/GCC/ARM_CM4F/port.o
 .text.xPortStartScheduler
                0x00005ef4      0x144 ./freertos/freertos_kernel/portable/GCC/ARM_CM4F/port.o
                0x00005ef4                xPortStartScheduler
 .text.vPortEnterCritical
                0x00006038       0x60 ./freertos/freertos_kernel/portable/GCC/ARM_CM4F/port.o
                0x00006038                vPortEnterCritical
 .text.vPortExitCritical
                0x00006098       0x54 ./freertos/freertos_kernel/portable/GCC/ARM_CM4F/port.o
                0x00006098                vPortExitCritical
 .text.SysTick_Handler
                0x000060ec       0x44 ./freertos/freertos_kernel/portable/GCC/ARM_CM4F/port.o
                0x000060ec                SysTick_Handler
 .text.vPortSetupTimerInterrupt
                0x00006130       0x48 ./freertos/freertos_kernel/portable/GCC/ARM_CM4F/port.o
                0x00006130                vPortSetupTimerInterrupt
 .text.vPortEnableVFP
                0x00006178       0x18 ./freertos/freertos_kernel/portable/GCC/ARM_CM4F/port.o
 .text.vPortValidateInterruptPriority
                0x00006190       0x80 ./freertos/freertos_kernel/portable/GCC/ARM_CM4F/port.o
                0x00006190                vPortValidateInterruptPriority
 .text.xQueueGenericReset
                0x00006210       0xd0 ./freertos/freertos_kernel/queue.o
                0x00006210                xQueueGenericReset
 .text.xQueueGenericSend
                0x000062e0      0x1fc ./freertos/freertos_kernel/queue.o
                0x000062e0                xQueueGenericSend
 .text.xQueueReceive
                0x000064dc      0x1c0 ./freertos/freertos_kernel/queue.o
                0x000064dc                xQueueReceive
 .text.xQueueSemaphoreTake
                0x0000669c      0x21c ./freertos/freertos_kernel/queue.o
                0x0000669c                xQueueSemaphoreTake
 .text.vQueueAddToRegistry
                0x000068b8       0x54 ./freertos/freertos_kernel/queue.o
                0x000068b8                vQueueAddToRegistry
 .text.vQueueUnregisterQueue
                0x0000690c       0x54 ./freertos/freertos_kernel/queue.o
                0x0000690c                vQueueUnregisterQueue
 .text.prvAddNewTaskToReadyList
                0x00006960       0xdc ./freertos/freertos_kernel/tasks.o
 .text.vTaskStartScheduler
                0x00006a3c       0xa4 ./freertos/freertos_kernel/tasks.o
                0x00006a3c                vTaskStartScheduler
 .text.vTaskSuspendAll
                0x00006ae0       0x1c ./freertos/freertos_kernel/tasks.o
                0x00006ae0                vTaskSuspendAll
 .text.xTaskResumeAll
                0x00006afc      0x138 ./freertos/freertos_kernel/tasks.o
                0x00006afc                xTaskResumeAll
 .text.xTaskGetTickCount
                0x00006c34       0x20 ./freertos/freertos_kernel/tasks.o
                0x00006c34                xTaskGetTickCount
 .text.xTaskIncrementTick
                0x00006c54      0x170 ./freertos/freertos_kernel/tasks.o
                0x00006c54                xTaskIncrementTick
 .text.vTaskSwitchContext
                0x00006dc4       0xb8 ./freertos/freertos_kernel/tasks.o
                0x00006dc4                vTaskSwitchContext
 .text.vTaskPlaceOnEventList
                0x00006e7c       0x48 ./freertos/freertos_kernel/tasks.o
                0x00006e7c                vTaskPlaceOnEventList
 .text.vTaskPlaceOnEventListRestricted
                0x00006ec4       0x58 ./freertos/freertos_kernel/tasks.o
                0x00006ec4                vTaskPlaceOnEventListRestricted
 .text.xTaskRemoveFromEventList
                0x00006f1c       0xc4 ./freertos/freertos_kernel/tasks.o
                0x00006f1c                xTaskRemoveFromEventList
 .text.vTaskInternalSetTimeOutState
                0x00006fe0       0x2c ./freertos/freertos_kernel/tasks.o
                0x00006fe0                vTaskInternalSetTimeOutState
 .text.xTaskCheckForTimeOut
                0x0000700c       0xcc ./freertos/freertos_kernel/tasks.o
                0x0000700c                xTaskCheckForTimeOut
 .text.vTaskMissedYield
                0x000070d8       0x18 ./freertos/freertos_kernel/tasks.o
                0x000070d8                vTaskMissedYield
 .text.prvIdleTask
                0x000070f0       0x30 ./freertos/freertos_kernel/tasks.o
 .text.prvInitialiseTaskLists
                0x00007120       0x80 ./freertos/freertos_kernel/tasks.o
 .text.prvCheckTasksWaitingTermination
                0x000071a0       0x5c ./freertos/freertos_kernel/tasks.o
 .text.prvResetNextTaskUnblockTime
                0x000071fc       0x38 ./freertos/freertos_kernel/tasks.o
 .text.xTaskGetCurrentTaskHandle
                0x00007234       0x20 ./freertos/freertos_kernel/tasks.o
                0x00007234                xTaskGetCurrentTaskHandle
 .text.xTaskGetSchedulerState
                0x00007254       0x3c ./freertos/freertos_kernel/tasks.o
                0x00007254                xTaskGetSchedulerState
 .text.xTaskPriorityInherit
                0x00007290       0xec ./freertos/freertos_kernel/tasks.o
                0x00007290                xTaskPriorityInherit
 .text.xTaskPriorityDisinherit
                0x0000737c       0xf4 ./freertos/freertos_kernel/tasks.o
                0x0000737c                xTaskPriorityDisinherit
 .text.vTaskPriorityDisinheritAfterTimeout
                0x00007470      0x11c ./freertos/freertos_kernel/tasks.o
                0x00007470                vTaskPriorityDisinheritAfterTimeout
 .text.pvTaskIncrementMutexHeldCount
                0x0000758c       0x28 ./freertos/freertos_kernel/tasks.o
                0x0000758c                pvTaskIncrementMutexHeldCount
 .text.prvAddCurrentTaskToDelayedList
                0x000075b4       0xcc ./freertos/freertos_kernel/tasks.o
 .text.xTimerCreateTimerTask
                0x00007680       0x64 ./freertos/freertos_kernel/timers.o
                0x00007680                xTimerCreateTimerTask
 .text.xTimerGenericCommand
                0x000076e4       0x9c ./freertos/freertos_kernel/timers.o
                0x000076e4                xTimerGenericCommand
 .text.prvProcessExpiredTimer
                0x00007780       0x98 ./freertos/freertos_kernel/timers.o
 .text.prvProcessTimerOrBlockTask
                0x00007818       0x9c ./freertos/freertos_kernel/timers.o
 .text.prvGetNextExpireTime
                0x000078b4       0x48 ./freertos/freertos_kernel/timers.o
 .text.prvSampleTimeNow
                0x000078fc       0x40 ./freertos/freertos_kernel/timers.o
 .text.prvInsertTimerInActiveList
                0x0000793c       0x84 ./freertos/freertos_kernel/timers.o
 .text.prvProcessReceivedCommands
                0x000079c0      0x1c4 ./freertos/freertos_kernel/timers.o
 .text.prvSwitchTimerLists
                0x00007b84       0xc8 ./freertos/freertos_kernel/timers.o
 .text.prvCheckForValidListAndQueue
                0x00007c4c       0x6c ./freertos/freertos_kernel/timers.o
 .text.CLOCK_SetEr32kClock
                0x00007cb8       0x30 ./drivers/fsl_clock.o
 .text.CLOCK_SetPllFllSelClock
                0x00007ce8       0x38 ./drivers/fsl_clock.o
 .text.CLOCK_GetMcgExtClkFreq
                0x00007d20       0x7c ./drivers/fsl_clock.o
 .text.CLOCK_GetFllExtRefClkFreq
                0x00007d9c       0xb0 ./drivers/fsl_clock.o
 .text.CLOCK_GetInternalRefClkSelectFreq
                0x00007e4c       0x4c ./drivers/fsl_clock.o
 .text.CLOCK_GetFllRefClkFreq
                0x00007e98       0x34 ./drivers/fsl_clock.o
 .text.CLOCK_GetOscRangeFromFreq
                0x00007ecc       0x3c ./drivers/fsl_clock.o
 .text.CLOCK_GetOsc0ErClkFreq
                0x00007f08       0x44 ./drivers/fsl_clock.o
                0x00007f08                CLOCK_GetOsc0ErClkFreq
 .text.CLOCK_GetEr32kClkFreq
                0x00007f4c       0x74 ./drivers/fsl_clock.o
                0x00007f4c                CLOCK_GetEr32kClkFreq
 .text.CLOCK_GetPllFllSelClkFreq
                0x00007fc0       0x54 ./drivers/fsl_clock.o
                0x00007fc0                CLOCK_GetPllFllSelClkFreq
 .text.CLOCK_GetCoreSysClkFreq
                0x00008014       0x28 ./drivers/fsl_clock.o
                0x00008014                CLOCK_GetCoreSysClkFreq
 .text.CLOCK_GetFreq
                0x0000803c      0x140 ./drivers/fsl_clock.o
                0x0000803c                CLOCK_GetFreq
 .text.CLOCK_SetSimConfig
                0x0000817c       0x34 ./drivers/fsl_clock.o
                0x0000817c                CLOCK_SetSimConfig
 .text.CLOCK_EnableUsbfs0Clock
                0x000081b0      0x108 ./drivers/fsl_clock.o
                0x000081b0                CLOCK_EnableUsbfs0Clock
 .text.CLOCK_GetOutClkFreq
                0x000082b8       0x64 ./drivers/fsl_clock.o
                0x000082b8                CLOCK_GetOutClkFreq
 .text.CLOCK_GetFllFreq
                0x0000831c       0x84 ./drivers/fsl_clock.o
                0x0000831c                CLOCK_GetFllFreq
 .text.CLOCK_GetInternalRefClkFreq
                0x000083a0       0x30 ./drivers/fsl_clock.o
                0x000083a0                CLOCK_GetInternalRefClkFreq
 .text.CLOCK_GetPll0Freq
                0x000083d0       0x78 ./drivers/fsl_clock.o
                0x000083d0                CLOCK_GetPll0Freq
 .text.CLOCK_SetExternalRefClkConfig
                0x00008448       0x6c ./drivers/fsl_clock.o
                0x00008448                CLOCK_SetExternalRefClkConfig
 .text.CLOCK_SetInternalRefClkConfig
                0x000084b4      0x104 ./drivers/fsl_clock.o
                0x000084b4                CLOCK_SetInternalRefClkConfig
 .text.CLOCK_EnablePll0
                0x000085b8       0x88 ./drivers/fsl_clock.o
                0x000085b8                CLOCK_EnablePll0
 .text.CLOCK_InitOsc0
                0x00008640       0x8c ./drivers/fsl_clock.o
                0x00008640                CLOCK_InitOsc0
 .text.CLOCK_SetPbeMode
                0x000086cc       0xa8 ./drivers/fsl_clock.o
                0x000086cc                CLOCK_SetPbeMode
 .text.CLOCK_BootToPeeMode
                0x00008774       0x64 ./drivers/fsl_clock.o
                0x00008774                CLOCK_BootToPeeMode
 .text.SDK_DelayAtLeastUs
                0x000087d8       0x8c ./drivers/fsl_common_arm.o
                0x000087d8                SDK_DelayAtLeastUs
 .text.__NVIC_EnableIRQ
                0x00008864       0x3c ./drivers/fsl_sdhc.o
 .text.SDHC_GetInstance
                0x000088a0       0x40 ./drivers/fsl_sdhc.o
 .text.SDHC_ReceiveCommandResponse
                0x000088e0       0xc0 ./drivers/fsl_sdhc.o
 .text.SDHC_TransferHandleCommand
                0x000089a0       0xb0 ./drivers/fsl_sdhc.o
 .text.SDHC_TransferHandleData
                0x00008a50       0xdc ./drivers/fsl_sdhc.o
 .text.SDHC_Init
                0x00008b2c      0x114 ./drivers/fsl_sdhc.o
                0x00008b2c                SDHC_Init
 .text.SDHC_SetSdClock
                0x00008c40      0x17c ./drivers/fsl_sdhc.o
                0x00008c40                SDHC_SetSdClock
 .text.SDHC_SetTransferConfig
                0x00008dbc       0x8c ./drivers/fsl_sdhc.o
                0x00008dbc                SDHC_SetTransferConfig
 .text.SDHC_SetAdmaTableConfig
                0x00008e48      0x15c ./drivers/fsl_sdhc.o
                0x00008e48                SDHC_SetAdmaTableConfig
 .text.SDHC_TransferCreateHandle
                0x00008fa4       0xa0 ./drivers/fsl_sdhc.o
                0x00008fa4                SDHC_TransferCreateHandle
 .text.SDHC_TransferNonBlocking
                0x00009044      0x13c ./drivers/fsl_sdhc.o
                0x00009044                SDHC_TransferNonBlocking
 .text.SDHC_TransferHandleIRQ
                0x00009180       0x9c ./drivers/fsl_sdhc.o
                0x00009180                SDHC_TransferHandleIRQ
 .text.SDHC_DriverIRQHandler
                0x0000921c       0x3c ./drivers/fsl_sdhc.o
                0x0000921c                SDHC_DriverIRQHandler
 .text.UART0_DriverIRQHandler
                0x00009258       0x28 ./drivers/fsl_uart.o
                0x00009258                UART0_DriverIRQHandler
 .text.UART1_DriverIRQHandler
                0x00009280       0x28 ./drivers/fsl_uart.o
                0x00009280                UART1_DriverIRQHandler
 .text.UART2_DriverIRQHandler
                0x000092a8       0x28 ./drivers/fsl_uart.o
                0x000092a8                UART2_DriverIRQHandler
 .text.UART3_DriverIRQHandler
                0x000092d0       0x28 ./drivers/fsl_uart.o
                0x000092d0                UART3_DriverIRQHandler
 .text.UART4_DriverIRQHandler
                0x000092f8       0x28 ./drivers/fsl_uart.o
                0x000092f8                UART4_DriverIRQHandler
 .text.UART5_DriverIRQHandler
                0x00009320       0x28 ./drivers/fsl_uart.o
                0x00009320                UART5_DriverIRQHandler
 .text.SystemInit
                0x00009348       0x3c ./device/system_MK64F12.o
                0x00009348                SystemInit
 .text.SystemCoreClockUpdate
                0x00009384      0x294 ./device/system_MK64F12.o
                0x00009384                SystemCoreClockUpdate
 .text.OSA_SemaphoreCreate
                0x00009618       0x44 ./component/osa/fsl_os_abstraction_free_rtos.o
                0x00009618                OSA_SemaphoreCreate
 .text.OSA_SemaphoreWait
                0x0000965c       0x68 ./component/osa/fsl_os_abstraction_free_rtos.o
                0x0000965c                OSA_SemaphoreWait
 .text.OSA_SemaphorePost
                0x000096c4       0x98 ./component/osa/fsl_os_abstraction_free_rtos.o
                0x000096c4                OSA_SemaphorePost
 .text.OSA_MutexCreate
                0x0000975c       0x40 ./component/osa/fsl_os_abstraction_free_rtos.o
                0x0000975c                OSA_MutexCreate
 .text.OSA_MutexLock
                0x0000979c       0x68 ./component/osa/fsl_os_abstraction_free_rtos.o
                0x0000979c                OSA_MutexLock
 .text.OSA_MutexUnlock
                0x00009804       0x3c ./component/osa/fsl_os_abstraction_free_rtos.o
                0x00009804                OSA_MutexUnlock
 .text.OSA_MsgQCreate
                0x00009840       0x48 ./component/osa/fsl_os_abstraction_free_rtos.o
                0x00009840                OSA_MsgQCreate
 .text.OSA_MsgQPut
                0x00009888       0x94 ./component/osa/fsl_os_abstraction_free_rtos.o
                0x00009888                OSA_MsgQPut
 .text.OSA_MsgQGet
                0x0000991c       0x70 ./component/osa/fsl_os_abstraction_free_rtos.o
                0x0000991c                OSA_MsgQGet
 .text.OSA_MsgQDestroy
                0x0000998c       0x30 ./component/osa/fsl_os_abstraction_free_rtos.o
                0x0000998c                OSA_MsgQDestroy
 .text.CLOCK_SetSimSafeDivs
                0x000099bc       0x20 ./board/clock_config.o
 .text.CLOCK_SetXtal0Freq
                0x000099dc       0x20 ./board/clock_config.o
 .text.CLOCK_CONFIG_SetFllExtRefDiv
                0x000099fc       0x3c ./board/clock_config.o
 .text.BOARD_BootClockRUN
                0x00009a38       0x60 ./board/clock_config.o
                0x00009a38                BOARD_BootClockRUN
 .text.PORT_SetPinConfig
                0x00009a98       0x38 ./board/pin_mux.o
 .text.BOARD_InitPins
                0x00009ad0      0x164 ./board/pin_mux.o
                0x00009ad0                BOARD_InitPins
 .text.__NVIC_EnableIRQ
                0x00009c34       0x3c ./board/sdmmc_config.o
 .text.__NVIC_SetPriority
                0x00009c70       0x54 ./board/sdmmc_config.o
 .text.BOARD_SDCardGetDetectStatus
                0x00009cc4       0x20 ./board/sdmmc_config.o
                0x00009cc4                BOARD_SDCardGetDetectStatus
 .text.PORTE_IRQHandler
                0x00009ce4       0x48 ./board/sdmmc_config.o
                0x00009ce4                PORTE_IRQHandler
 .text.BOARD_SDCardDetectInit
                0x00009d2c       0x74 ./board/sdmmc_config.o
                0x00009d2c                BOARD_SDCardDetectInit
 .text.BOARD_SD_Config
                0x00009da0       0x74 ./board/sdmmc_config.o
                0x00009da0                BOARD_SD_Config
 .text.malloc   0x00009e14       0xc8 e:/mcuxpressoide_11.4.1_6260/ide/plugins/com.nxp.mcuxpresso.tools.win32_11.4.0.202103011116/tools/bin/../lib/gcc/arm-none-eabi/10.2.1/../../../../arm-none-eabi/lib/thumb/v7e-m+fp/hard\libcr_c.a(alloc.o)
                0x00009e14                malloc
 .text._Csys_alloc
                0x00009edc       0x20 e:/mcuxpressoide_11.4.1_6260/ide/plugins/com.nxp.mcuxpresso.tools.win32_11.4.0.202103011116/tools/bin/../lib/gcc/arm-none-eabi/10.2.1/../../../../arm-none-eabi/lib/thumb/v7e-m+fp/hard\libcr_c.a(alloc.o)
                0x00009edc                _Csys_alloc
 .text._initio  0x00009efc       0x78 e:/mcuxpressoide_11.4.1_6260/ide/plugins/com.nxp.mcuxpresso.tools.win32_11.4.0.202103011116/tools/bin/../lib/gcc/arm-none-eabi/10.2.1/../../../../arm-none-eabi/lib/thumb/v7e-m+fp/hard\libcr_c.a(initio.o)
                0x00009efc                _initio
 .text.__vfprintf
                0x00009f74      0xbf4 e:/mcuxpressoide_11.4.1_6260/ide/plugins/com.nxp.mcuxpresso.tools.win32_11.4.0.202103011116/tools/bin/../lib/gcc/arm-none-eabi/10.2.1/../../../../arm-none-eabi/lib/thumb/v7e-m+fp/hard\libcr_c.a(printf.o)
                0x00009f74                __vfprintf
 .text._vsnprintf
                0x0000ab68       0x68 e:/mcuxpressoide_11.4.1_6260/ide/plugins/com.nxp.mcuxpresso.tools.win32_11.4.0.202103011116/tools/bin/../lib/gcc/arm-none-eabi/10.2.1/../../../../arm-none-eabi/lib/thumb/v7e-m+fp/hard\libcr_c.a(printf.o)
                0x0000ab68                _vsnprintf
 .text._printf  0x0000abd0       0x54 e:/mcuxpressoide_11.4.1_6260/ide/plugins/com.nxp.mcuxpresso.tools.win32_11.4.0.202103011116/tools/bin/../lib/gcc/arm-none-eabi/10.2.1/../../../../arm-none-eabi/lib/thumb/v7e-m+fp/hard\libcr_c.a(printf.o)
                0x0000abd0                _printf
 .text._sbrk    0x0000ac24       0x3c e:/mcuxpressoide_11.4.1_6260/ide/plugins/com.nxp.mcuxpresso.tools.win32_11.4.0.202103011116/tools/bin/../lib/gcc/arm-none-eabi/10.2.1/../../../../arm-none-eabi/lib/thumb/v7e-m+fp/hard\libcr_c.a(_cr_sbrk.o)
                0x0000ac24                _sbrk
 .text._Cwritebuf
                0x0000ac60       0x6c e:/mcuxpressoide_11.4.1_6260/ide/plugins/com.nxp.mcuxpresso.tools.win32_11.4.0.202103011116/tools/bin/../lib/gcc/arm-none-eabi/10.2.1/../../../../arm-none-eabi/lib/thumb/v7e-m+fp/hard\libcr_c.a(_writebuf.o)
                0x0000ac60                _Cwritebuf
 .text.fflush   0x0000accc       0x3c e:/mcuxpressoide_11.4.1_6260/ide/plugins/com.nxp.mcuxpresso.tools.win32_11.4.0.202103011116/tools/bin/../lib/gcc/arm-none-eabi/10.2.1/../../../../arm-none-eabi/lib/thumb/v7e-m+fp/hard\libcr_c.a(fflush.o)
                0x0000accc                fflush
 .text.fseek    0x0000ad08      0x100 e:/mcuxpressoide_11.4.1_6260/ide/plugins/com.nxp.mcuxpresso.tools.win32_11.4.0.202103011116/tools/bin/../lib/gcc/arm-none-eabi/10.2.1/../../../../arm-none-eabi/lib/thumb/v7e-m+fp/hard\libcr_c.a(fseek.o)
                0x0000ad08                fseek
 .text.ftell    0x0000ae08       0x44 e:/mcuxpressoide_11.4.1_6260/ide/plugins/com.nxp.mcuxpresso.tools.win32_11.4.0.202103011116/tools/bin/../lib/gcc/arm-none-eabi/10.2.1/../../../../arm-none-eabi/lib/thumb/v7e-m+fp/hard\libcr_c.a(ftell.o)
                0x0000ae08                ftell
 .text.__check_heap_overflow
                0x0000ae4c       0x18 e:/mcuxpressoide_11.4.1_6260/ide/plugins/com.nxp.mcuxpresso.tools.win32_11.4.0.202103011116/tools/bin/../lib/gcc/arm-none-eabi/10.2.1/../../../../arm-none-eabi/lib/thumb/v7e-m+fp/hard\libcr_c.a(_cr_check_heap.o)
                0x0000ae4c                __check_heap_overflow
 .text.__sys_appexit
                0x0000ae64        0xc e:/mcuxpressoide_11.4.1_6260/ide/plugins/com.nxp.mcuxpresso.tools.win32_11.4.0.202103011116/tools/bin/../lib/gcc/arm-none-eabi/10.2.1/../../../../arm-none-eabi/lib/thumb/v7e-m+fp/hard\libcr_semihost_nf.a(__sys_appexit.o)
                0x0000ae64                __sys_appexit
                0x0000ae64                __exit
 .text.USB_DeviceKhciPrimeNextSetup
                0x0000ae70       0x64 ./usb/device/source/khci/usb_device_khci.o
 .text.USB_DeviceKhciSetDefaultState
                0x0000aed4      0x158 ./usb/device/source/khci/usb_device_khci.o
 .text.USB_DeviceKhciEndpointInit
                0x0000b02c      0x12c ./usb/device/source/khci/usb_device_khci.o
 .text.USB_DeviceKhciEndpointDeinit
                0x0000b158       0x5c ./usb/device/source/khci/usb_device_khci.o
 .text.USB_DeviceKhciEndpointStall
                0x0000b1b4      0x176 ./usb/device/source/khci/usb_device_khci.o
 .text.USB_DeviceKhciEndpointUnstall
                0x0000b32a      0x10a ./usb/device/source/khci/usb_device_khci.o
 .text.USB_DeviceKhciInterruptTokenDone
                0x0000b434      0x538 ./usb/device/source/khci/usb_device_khci.o
 .text.USB_DeviceKhciInterruptReset
                0x0000b96c       0x42 ./usb/device/source/khci/usb_device_khci.o
 .text.USB_DeviceKhciInterruptStall
                0x0000b9ae       0x5c ./usb/device/source/khci/usb_device_khci.o
 .text.USB_DeviceKhciDeinit
                0x0000ba0a       0x64 ./usb/device/source/khci/usb_device_khci.o
                0x0000ba0a                USB_DeviceKhciDeinit
 .text.USB_DeviceKhciSend
                0x0000ba6e      0x11c ./usb/device/source/khci/usb_device_khci.o
                0x0000ba6e                USB_DeviceKhciSend
 .text.USB_DeviceKhciRecv
                0x0000bb8a      0x160 ./usb/device/source/khci/usb_device_khci.o
                0x0000bb8a                USB_DeviceKhciRecv
 .text.USB_DeviceKhciCancel
                0x0000bcea       0x86 ./usb/device/source/khci/usb_device_khci.o
                0x0000bcea                USB_DeviceKhciCancel
 .text.USB_DeviceKhciIsrFunction
                0x0000bd70       0x84 ./usb/device/source/khci/usb_device_khci.o
                0x0000bd70                USB_DeviceKhciIsrFunction
 .text.USB_DeviceCh9GetStatus
                0x0000bdf4      0x10a ./usb/device/source/usb_device_ch9.o
 .text.USB_DeviceCh9SetClearFeature
                0x0000befe      0x10c ./usb/device/source/usb_device_ch9.o
 .text.USB_DeviceCh9SetAddress
                0x0000c00a       0xca ./usb/device/source/usb_device_ch9.o
 .text.USB_DeviceCh9GetDescriptor
                0x0000c0d4      0x132 ./usb/device/source/usb_device_ch9.o
 .text.USB_DeviceCh9GetConfiguration
                0x0000c206       0x8e ./usb/device/source/usb_device_ch9.o
 .text.USB_DeviceCh9SetConfiguration
                0x0000c294       0xb6 ./usb/device/source/usb_device_ch9.o
 .text.USB_DeviceCh9GetInterface
                0x0000c34a       0x9c ./usb/device/source/usb_device_ch9.o
 .text.USB_DeviceCh9SetInterface
                0x0000c3e6       0x90 ./usb/device/source/usb_device_ch9.o
 .text.USB_DeviceCh9SynchFrame
                0x0000c476       0x90 ./usb/device/source/usb_device_ch9.o
 .text.USB_DeviceControlCallbackFeedback
                0x0000c506       0x96 ./usb/device/source/usb_device_ch9.o
 .text.USB_DeviceFreeHandle
                0x0000c59c       0x32 ./usb/device/source/usb_device_dci.o
 .text.USB_DeviceTransfer
                0x0000c5ce      0x10a ./usb/device/source/usb_device_dci.o
 .text.USB_DeviceControl
                0x0000c6d8       0x48 ./usb/device/source/usb_device_dci.o
 .text.USB_DeviceResetNotification
                0x0000c720       0xcc ./usb/device/source/usb_device_dci.o
 .text.USB_DeviceNotification
                0x0000c7ec      0x102 ./usb/device/source/usb_device_dci.o
 .text.USB_DeviceNotificationTrigger
                0x0000c8ee       0x7c ./usb/device/source/usb_device_dci.o
                0x0000c8ee                USB_DeviceNotificationTrigger
 .text.USB_DeviceInit
                0x0000c96a      0x18e ./usb/device/source/usb_device_dci.o
                0x0000c96a                USB_DeviceInit
 .text.USB_DeviceRun
                0x0000caf8       0x1c ./usb/device/source/usb_device_dci.o
                0x0000caf8                USB_DeviceRun
 .text.USB_DeviceDeinit
                0x0000cb14       0x5a ./usb/device/source/usb_device_dci.o
                0x0000cb14                USB_DeviceDeinit
 .text.USB_DeviceSendRequest
                0x0000cb6e       0x32 ./usb/device/source/usb_device_dci.o
                0x0000cb6e                USB_DeviceSendRequest
 .text.USB_DeviceRecvRequest
                0x0000cba0       0x2c ./usb/device/source/usb_device_dci.o
                0x0000cba0                USB_DeviceRecvRequest
 .text.USB_DeviceCancel
                0x0000cbcc       0x46 ./usb/device/source/usb_device_dci.o
                0x0000cbcc                USB_DeviceCancel
 .text.USB_DeviceInitEndpoint
                0x0000cc12       0xbe ./usb/device/source/usb_device_dci.o
                0x0000cc12                USB_DeviceInitEndpoint
 .text.USB_DeviceDeinitEndpoint
                0x0000ccd0       0xe0 ./usb/device/source/usb_device_dci.o
                0x0000ccd0                USB_DeviceDeinitEndpoint
 .text.USB_DeviceStallEndpoint
                0x0000cdb0       0x30 ./usb/device/source/usb_device_dci.o
                0x0000cdb0                USB_DeviceStallEndpoint
 .text.USB_DeviceUnstallEndpoint
                0x0000cde0       0x30 ./usb/device/source/usb_device_dci.o
                0x0000cde0                USB_DeviceUnstallEndpoint
 .text.USB_DeviceTaskFunction
                0x0000ce10       0x4e ./usb/device/source/usb_device_dci.o
                0x0000ce10                USB_DeviceTaskFunction
 .text.USB_DeviceMscFreeHandle
                0x0000ce5e       0x32 ./usb/device/class/msc/usb_device_msc.o
 .text.USB_DeviceMscEndpointsDeinit
                0x0000ce90       0x64 ./usb/device/class/msc/usb_device_msc.o
                0x0000ce90                USB_DeviceMscEndpointsDeinit
 .text.USB_DeviceMscInit
                0x0000cef4       0xd0 ./usb/device/class/msc/usb_device_msc.o
                0x0000cef4                USB_DeviceMscInit
 .text.USB_DeviceMscDeinit
                0x0000cfc4       0x34 ./usb/device/class/msc/usb_device_msc.o
                0x0000cfc4                USB_DeviceMscDeinit
 .text.USB_DeviceMscSend
                0x0000cff8       0xc6 ./usb/device/class/msc/usb_device_msc.o
                0x0000cff8                USB_DeviceMscSend
 .text.USB_DeviceMscRecv
                0x0000d0be       0xc6 ./usb/device/class/msc/usb_device_msc.o
                0x0000d0be                USB_DeviceMscRecv
 .text.USB_DeviceMscLbaTransfer
                0x0000d184       0x5e ./usb/device/class/msc/usb_device_msc.o
                0x0000d184                USB_DeviceMscLbaTransfer
 .text.USB_DeviceMscUfiThirteenCasesCheck
                0x0000d1e2      0x4bc ./usb/device/class/msc/usb_device_msc_ufi.o
                0x0000d1e2                USB_DeviceMscUfiThirteenCasesCheck
 .text.USB_DeviceMscUfiRequestSenseCommand
                0x0000d69e       0x74 ./usb/device/class/msc/usb_device_msc_ufi.o
                0x0000d69e                USB_DeviceMscUfiRequestSenseCommand
 .text.USB_DeviceMscUfiInquiryCommand
                0x0000d712       0x7a ./usb/device/class/msc/usb_device_msc_ufi.o
                0x0000d712                USB_DeviceMscUfiInquiryCommand
 .text.USB_DeviceMscUfiReadCommand
                0x0000d78c      0x102 ./usb/device/class/msc/usb_device_msc_ufi.o
                0x0000d78c                USB_DeviceMscUfiReadCommand
 .text.USB_DeviceMscUfiWriteCommand
                0x0000d88e      0x102 ./usb/device/class/msc/usb_device_msc_ufi.o
                0x0000d88e                USB_DeviceMscUfiWriteCommand
 .text.USB_DeviceMscUfiTestUnitReadyCommand
                0x0000d990       0x72 ./usb/device/class/msc/usb_device_msc_ufi.o
                0x0000d990                USB_DeviceMscUfiTestUnitReadyCommand
 .text.USB_DeviceMscUfiVerifyCommand
                0x0000da02       0x3e ./usb/device/class/msc/usb_device_msc_ufi.o
                0x0000da02                USB_DeviceMscUfiVerifyCommand
 .text.USB_DeviceMscUfiModeSenseCommand
                0x0000da40       0x7a ./usb/device/class/msc/usb_device_msc_ufi.o
                0x0000da40                USB_DeviceMscUfiModeSenseCommand
 .text.USB_DeviceMscUfiModeSelectCommand
                0x0000daba       0x98 ./usb/device/class/msc/usb_device_msc_ufi.o
                0x0000daba                USB_DeviceMscUfiModeSelectCommand
 .text.USB_DeviceMscUfiReadCapacityCommand
                0x0000db52      0x28a ./usb/device/class/msc/usb_device_msc_ufi.o
                0x0000db52                USB_DeviceMscUfiReadCapacityCommand
 .text.USB_DeviceMscUfiFormatUnitCommand
                0x0000dddc       0x78 ./usb/device/class/msc/usb_device_msc_ufi.o
                0x0000dddc                USB_DeviceMscUfiFormatUnitCommand
 .text.USB_DeviceMscUfiPreventAllowMediumCommand
                0x0000de54       0x72 ./usb/device/class/msc/usb_device_msc_ufi.o
                0x0000de54                USB_DeviceMscUfiPreventAllowMediumCommand
 .text.USB_DeviceMscUfiSendDiagnosticCommand
                0x0000dec6       0x72 ./usb/device/class/msc/usb_device_msc_ufi.o
                0x0000dec6                USB_DeviceMscUfiSendDiagnosticCommand
 .text.USB_DeviceMscUfiStartStopUnitCommand
                0x0000df38       0x7c ./usb/device/class/msc/usb_device_msc_ufi.o
                0x0000df38                USB_DeviceMscUfiStartStopUnitCommand
 .text.USB_DeviceMscUfiUnsupportCommand
                0x0000dfb4       0x54 ./usb/device/class/msc/usb_device_msc_ufi.o
                0x0000dfb4                USB_DeviceMscUfiUnsupportCommand
 .text.USB_DeviceClassCallback
                0x0000e008       0x5e ./usb/device/class/usb_device_class.o
                0x0000e008                USB_DeviceClassCallback
 .text.DMA0_IRQHandler
                0x0000e066        0x8 ./startup/startup_mk64f12.o
                0x0000e066                DMA0_IRQHandler
 .text.DMA1_IRQHandler
                0x0000e06e        0x8 ./startup/startup_mk64f12.o
                0x0000e06e                DMA1_IRQHandler
 .text.DMA2_IRQHandler
                0x0000e076        0x8 ./startup/startup_mk64f12.o
                0x0000e076                DMA2_IRQHandler
 .text.DMA3_IRQHandler
                0x0000e07e        0x8 ./startup/startup_mk64f12.o
                0x0000e07e                DMA3_IRQHandler
 .text.DMA4_IRQHandler
                0x0000e086        0x8 ./startup/startup_mk64f12.o
                0x0000e086                DMA4_IRQHandler
 .text.DMA5_IRQHandler
                0x0000e08e        0x8 ./startup/startup_mk64f12.o
                0x0000e08e                DMA5_IRQHandler
 .text.DMA6_IRQHandler
                0x0000e096        0x8 ./startup/startup_mk64f12.o
                0x0000e096                DMA6_IRQHandler
 .text.DMA7_IRQHandler
                0x0000e09e        0x8 ./startup/startup_mk64f12.o
                0x0000e09e                DMA7_IRQHandler
 .text.DMA8_IRQHandler
                0x0000e0a6        0x8 ./startup/startup_mk64f12.o
                0x0000e0a6                DMA8_IRQHandler
 .text.DMA9_IRQHandler
                0x0000e0ae        0x8 ./startup/startup_mk64f12.o
                0x0000e0ae                DMA9_IRQHandler
 .text.DMA10_IRQHandler
                0x0000e0b6        0x8 ./startup/startup_mk64f12.o
                0x0000e0b6                DMA10_IRQHandler
 .text.DMA11_IRQHandler
                0x0000e0be        0x8 ./startup/startup_mk64f12.o
                0x0000e0be                DMA11_IRQHandler
 .text.DMA12_IRQHandler
                0x0000e0c6        0x8 ./startup/startup_mk64f12.o
                0x0000e0c6                DMA12_IRQHandler
 .text.DMA13_IRQHandler
                0x0000e0ce        0x8 ./startup/startup_mk64f12.o
                0x0000e0ce                DMA13_IRQHandler
 .text.DMA14_IRQHandler
                0x0000e0d6        0x8 ./startup/startup_mk64f12.o
                0x0000e0d6                DMA14_IRQHandler
 .text.DMA15_IRQHandler
                0x0000e0de        0x8 ./startup/startup_mk64f12.o
                0x0000e0de                DMA15_IRQHandler
 .text.DMA_Error_IRQHandler
                0x0000e0e6        0x8 ./startup/startup_mk64f12.o
                0x0000e0e6                DMA_Error_IRQHandler
 .text.MCM_IRQHandler
                0x0000e0ee        0x8 ./startup/startup_mk64f12.o
                0x0000e0ee                MCM_IRQHandler
 .text.FTFE_IRQHandler
                0x0000e0f6        0x8 ./startup/startup_mk64f12.o
                0x0000e0f6                FTFE_IRQHandler
 .text.Read_Collision_IRQHandler
                0x0000e0fe        0x8 ./startup/startup_mk64f12.o
                0x0000e0fe                Read_Collision_IRQHandler
 .text.LVD_LVW_IRQHandler
                0x0000e106        0x8 ./startup/startup_mk64f12.o
                0x0000e106                LVD_LVW_IRQHandler
 .text.LLWU_IRQHandler
                0x0000e10e        0x8 ./startup/startup_mk64f12.o
                0x0000e10e                LLWU_IRQHandler
 .text.WDOG_EWM_IRQHandler
                0x0000e116        0x8 ./startup/startup_mk64f12.o
                0x0000e116                WDOG_EWM_IRQHandler
 .text.RNG_IRQHandler
                0x0000e11e        0x8 ./startup/startup_mk64f12.o
                0x0000e11e                RNG_IRQHandler
 .text.I2C0_IRQHandler
                0x0000e126        0x8 ./startup/startup_mk64f12.o
                0x0000e126                I2C0_IRQHandler
 .text.I2C1_IRQHandler
                0x0000e12e        0x8 ./startup/startup_mk64f12.o
                0x0000e12e                I2C1_IRQHandler
 .text.SPI0_IRQHandler
                0x0000e136        0x8 ./startup/startup_mk64f12.o
                0x0000e136                SPI0_IRQHandler
 .text.SPI1_IRQHandler
                0x0000e13e        0x8 ./startup/startup_mk64f12.o
                0x0000e13e                SPI1_IRQHandler
 .text.I2S0_Tx_IRQHandler
                0x0000e146        0x8 ./startup/startup_mk64f12.o
                0x0000e146                I2S0_Tx_IRQHandler
 .text.I2S0_Rx_IRQHandler
                0x0000e14e        0x8 ./startup/startup_mk64f12.o
                0x0000e14e                I2S0_Rx_IRQHandler
 .text.UART0_LON_IRQHandler
                0x0000e156        0x8 ./startup/startup_mk64f12.o
                0x0000e156                UART0_LON_IRQHandler
 .text.UART0_RX_TX_IRQHandler
                0x0000e15e        0x8 ./startup/startup_mk64f12.o
                0x0000e15e                UART0_RX_TX_IRQHandler
 .text.UART0_ERR_IRQHandler
                0x0000e166        0x8 ./startup/startup_mk64f12.o
                0x0000e166                UART0_ERR_IRQHandler
 .text.UART1_RX_TX_IRQHandler
                0x0000e16e        0x8 ./startup/startup_mk64f12.o
                0x0000e16e                UART1_RX_TX_IRQHandler
 .text.UART1_ERR_IRQHandler
                0x0000e176        0x8 ./startup/startup_mk64f12.o
                0x0000e176                UART1_ERR_IRQHandler
 .text.UART2_RX_TX_IRQHandler
                0x0000e17e        0x8 ./startup/startup_mk64f12.o
                0x0000e17e                UART2_RX_TX_IRQHandler
 .text.UART2_ERR_IRQHandler
                0x0000e186        0x8 ./startup/startup_mk64f12.o
                0x0000e186                UART2_ERR_IRQHandler
 .text.UART3_RX_TX_IRQHandler
                0x0000e18e        0x8 ./startup/startup_mk64f12.o
                0x0000e18e                UART3_RX_TX_IRQHandler
 .text.UART3_ERR_IRQHandler
                0x0000e196        0x8 ./startup/startup_mk64f12.o
                0x0000e196                UART3_ERR_IRQHandler
 .text.ADC0_IRQHandler
                0x0000e19e        0x8 ./startup/startup_mk64f12.o
                0x0000e19e                ADC0_IRQHandler
 .text.CMP0_IRQHandler
                0x0000e1a6        0x8 ./startup/startup_mk64f12.o
                0x0000e1a6                CMP0_IRQHandler
 .text.CMP1_IRQHandler
                0x0000e1ae        0x8 ./startup/startup_mk64f12.o
                0x0000e1ae                CMP1_IRQHandler
 .text.FTM0_IRQHandler
                0x0000e1b6        0x8 ./startup/startup_mk64f12.o
                0x0000e1b6                FTM0_IRQHandler
 .text.FTM1_IRQHandler
                0x0000e1be        0x8 ./startup/startup_mk64f12.o
                0x0000e1be                FTM1_IRQHandler
 .text.FTM2_IRQHandler
                0x0000e1c6        0x8 ./startup/startup_mk64f12.o
                0x0000e1c6                FTM2_IRQHandler
 .text.CMT_IRQHandler
                0x0000e1ce        0x8 ./startup/startup_mk64f12.o
                0x0000e1ce                CMT_IRQHandler
 .text.RTC_IRQHandler
                0x0000e1d6        0x8 ./startup/startup_mk64f12.o
                0x0000e1d6                RTC_IRQHandler
 .text.RTC_Seconds_IRQHandler
                0x0000e1de        0x8 ./startup/startup_mk64f12.o
                0x0000e1de                RTC_Seconds_IRQHandler
 .text.PIT0_IRQHandler
                0x0000e1e6        0x8 ./startup/startup_mk64f12.o
                0x0000e1e6                PIT0_IRQHandler
 .text.PIT1_IRQHandler
                0x0000e1ee        0x8 ./startup/startup_mk64f12.o
                0x0000e1ee                PIT1_IRQHandler
 .text.PIT2_IRQHandler
                0x0000e1f6        0x8 ./startup/startup_mk64f12.o
                0x0000e1f6                PIT2_IRQHandler
 .text.PIT3_IRQHandler
                0x0000e1fe        0x8 ./startup/startup_mk64f12.o
                0x0000e1fe                PIT3_IRQHandler
 .text.PDB0_IRQHandler
                0x0000e206        0x8 ./startup/startup_mk64f12.o
                0x0000e206                PDB0_IRQHandler
 .text.USBDCD_IRQHandler
                0x0000e20e        0x8 ./startup/startup_mk64f12.o
                0x0000e20e                USBDCD_IRQHandler
 .text.Reserved71_IRQHandler
                0x0000e216        0x8 ./startup/startup_mk64f12.o
                0x0000e216                Reserved71_IRQHandler
 .text.DAC0_IRQHandler
                0x0000e21e        0x8 ./startup/startup_mk64f12.o
                0x0000e21e                DAC0_IRQHandler
 .text.MCG_IRQHandler
                0x0000e226        0x8 ./startup/startup_mk64f12.o
                0x0000e226                MCG_IRQHandler
 .text.LPTMR0_IRQHandler
                0x0000e22e        0x8 ./startup/startup_mk64f12.o
                0x0000e22e                LPTMR0_IRQHandler
 .text.PORTA_IRQHandler
                0x0000e236        0x8 ./startup/startup_mk64f12.o
                0x0000e236                PORTA_IRQHandler
 .text.PORTB_IRQHandler
                0x0000e23e        0x8 ./startup/startup_mk64f12.o
                0x0000e23e                PORTB_IRQHandler
 .text.PORTC_IRQHandler
                0x0000e246        0x8 ./startup/startup_mk64f12.o
                0x0000e246                PORTC_IRQHandler
 .text.PORTD_IRQHandler
                0x0000e24e        0x8 ./startup/startup_mk64f12.o
                0x0000e24e                PORTD_IRQHandler
 .text.SWI_IRQHandler
                0x0000e256        0x8 ./startup/startup_mk64f12.o
                0x0000e256                SWI_IRQHandler
 .text.SPI2_IRQHandler
                0x0000e25e        0x8 ./startup/startup_mk64f12.o
                0x0000e25e                SPI2_IRQHandler
 .text.UART4_RX_TX_IRQHandler
                0x0000e266        0x8 ./startup/startup_mk64f12.o
                0x0000e266                UART4_RX_TX_IRQHandler
 .text.UART4_ERR_IRQHandler
                0x0000e26e        0x8 ./startup/startup_mk64f12.o
                0x0000e26e                UART4_ERR_IRQHandler
 .text.UART5_RX_TX_IRQHandler
                0x0000e276        0x8 ./startup/startup_mk64f12.o
                0x0000e276                UART5_RX_TX_IRQHandler
 .text.UART5_ERR_IRQHandler
                0x0000e27e        0x8 ./startup/startup_mk64f12.o
                0x0000e27e                UART5_ERR_IRQHandler
 .text.CMP2_IRQHandler
                0x0000e286        0x8 ./startup/startup_mk64f12.o
                0x0000e286                CMP2_IRQHandler
 .text.FTM3_IRQHandler
                0x0000e28e        0x8 ./startup/startup_mk64f12.o
                0x0000e28e                FTM3_IRQHandler
 .text.DAC1_IRQHandler
                0x0000e296        0x8 ./startup/startup_mk64f12.o
                0x0000e296                DAC1_IRQHandler
 .text.ADC1_IRQHandler
                0x0000e29e        0x8 ./startup/startup_mk64f12.o
                0x0000e29e                ADC1_IRQHandler
 .text.I2C2_IRQHandler
                0x0000e2a6        0x8 ./startup/startup_mk64f12.o
                0x0000e2a6                I2C2_IRQHandler
 .text.CAN0_ORed_Message_buffer_IRQHandler
                0x0000e2ae        0x8 ./startup/startup_mk64f12.o
                0x0000e2ae                CAN0_ORed_Message_buffer_IRQHandler
 .text.CAN0_Bus_Off_IRQHandler
                0x0000e2b6        0x8 ./startup/startup_mk64f12.o
                0x0000e2b6                CAN0_Bus_Off_IRQHandler
 .text.CAN0_Error_IRQHandler
                0x0000e2be        0x8 ./startup/startup_mk64f12.o
                0x0000e2be                CAN0_Error_IRQHandler
 .text.CAN0_Tx_Warning_IRQHandler
                0x0000e2c6        0x8 ./startup/startup_mk64f12.o
                0x0000e2c6                CAN0_Tx_Warning_IRQHandler
 .text.CAN0_Rx_Warning_IRQHandler
                0x0000e2ce        0x8 ./startup/startup_mk64f12.o
                0x0000e2ce                CAN0_Rx_Warning_IRQHandler
 .text.CAN0_Wake_Up_IRQHandler
                0x0000e2d6        0x8 ./startup/startup_mk64f12.o
                0x0000e2d6                CAN0_Wake_Up_IRQHandler
 .text.SDHC_IRQHandler
                0x0000e2de        0x8 ./startup/startup_mk64f12.o
                0x0000e2de                SDHC_IRQHandler
 .text.ENET_1588_Timer_IRQHandler
                0x0000e2e6        0x8 ./startup/startup_mk64f12.o
                0x0000e2e6                ENET_1588_Timer_IRQHandler
 .text.ENET_Transmit_IRQHandler
                0x0000e2ee        0x8 ./startup/startup_mk64f12.o
                0x0000e2ee                ENET_Transmit_IRQHandler
 .text.ENET_Receive_IRQHandler
                0x0000e2f6        0x8 ./startup/startup_mk64f12.o
                0x0000e2f6                ENET_Receive_IRQHandler
 .text.ENET_Error_IRQHandler
                0x0000e2fe        0x8 ./startup/startup_mk64f12.o
                0x0000e2fe                ENET_Error_IRQHandler
 .text.EnableIRQ
                0x0000e306       0x32 ./source/disk.o
 .text.SYSMPU_Enable
                0x0000e338       0x38 ./source/disk.o
 .text.USB_DeviceIsrEnable
                0x0000e370       0x2c ./source/disk.o
                0x0000e370                USB_DeviceIsrEnable
 .text.USB_DeviceTaskFn
                0x0000e39c       0x16 ./source/disk.o
                0x0000e39c                USB_DeviceTaskFn
 .text.USB_DeviceTask
                0x0000e3b2       0x10 ./source/disk.o
                0x0000e3b2                USB_DeviceTask
 .text.HardFault_Handler
                0x0000e3c2       0x2c ./source/semihost_hardfault.o
                0x0000e3c2                HardFault_Handler
 .text.SDHC_GetPresentStatusFlags
                0x0000e3ee       0x18 ./sdmmc/src/fsl_sd.o
 .text.SDMMCHOST_SendCardActive
                0x0000e406       0x1c ./sdmmc/src/fsl_sd.o
 .text.SDMMCHOST_SetCardClock
                0x0000e422       0x24 ./sdmmc/src/fsl_sd.o
 .text.SDMMCHOST_IsCardBusy
                0x0000e446       0x2c ./sdmmc/src/fsl_sd.o
 .text.SDMMCHOST_SetCardPower
                0x0000e472       0x18 ./sdmmc/src/fsl_sd.o
 .text.SDMMCHOST_SwitchToVoltage
                0x0000e48a       0x16 ./sdmmc/src/fsl_sd.o
 .text.SDMMCHOST_ExecuteTuning
                0x0000e4a0       0x1c ./sdmmc/src/fsl_sd.o
 .text.SDMMCHOST_EnableDDRMode
                0x0000e4bc       0x1a ./sdmmc/src/fsl_sd.o
 .text.SDMMCHOST_GetSignalLineStatus
                0x0000e4d6       0x18 ./sdmmc/src/fsl_sd.o
 .text.SDMMCHOST_ForceClockOn
                0x0000e4ee       0x18 ./sdmmc/src/fsl_sd.o
 .text.SD_SwitchIOVoltage
                0x0000e506       0x68 ./sdmmc/src/fsl_sd.o
 .text.SD_HostDoReset
                0x0000e56e       0x1a ./sdmmc/src/fsl_sd.o
                0x0000e56e                SD_HostDoReset
 .text.SDMMC_GoIdle
                0x0000e588       0x56 ./sdmmc/src/fsl_sdmmc_common.o
                0x0000e588                SDMMC_GoIdle
 .text.SDHC_EnableInterruptStatus
                0x0000e5de       0x22 ./sdmmc/host/fsl_sdmmc_host.o
 .text.SDHC_EnableInterruptSignal
                0x0000e600       0x22 ./sdmmc/host/fsl_sdmmc_host.o
 .text.SDHC_DisableInterruptSignal
                0x0000e622       0x24 ./sdmmc/host/fsl_sdmmc_host.o
 .text.SDHC_ClearInterruptStatusFlags
                0x0000e646       0x1c ./sdmmc/host/fsl_sdmmc_host.o
 .text.SDHC_GetPresentStatusFlags
                0x0000e662       0x18 ./sdmmc/host/fsl_sdmmc_host.o
 .text.SDHC_SetDataBusWidth
                0x0000e67a       0x2e ./sdmmc/host/fsl_sdmmc_host.o
 .text.SDHC_CardDetectByData3
                0x0000e6a8       0x38 ./sdmmc/host/fsl_sdmmc_host.o
 .text.SDMMCHOST_DetectCardInsertByHost
                0x0000e6e0       0x72 ./sdmmc/host/fsl_sdmmc_host.o
 .text.SDMMCHOST_DetectCardRemoveByHost
                0x0000e752       0x72 ./sdmmc/host/fsl_sdmmc_host.o
 .text.SDMMCHOST_CardDetectInit
                0x0000e7c4       0x96 ./sdmmc/host/fsl_sdmmc_host.o
                0x0000e7c4                SDMMCHOST_CardDetectInit
 .text.SDMMCHOST_CardDetectStatus
                0x0000e85a       0x72 ./sdmmc/host/fsl_sdmmc_host.o
                0x0000e85a                SDMMCHOST_CardDetectStatus
 .text.SDMMCHOST_TransferCompleteCallback
                0x0000e8cc       0x5a ./sdmmc/host/fsl_sdmmc_host.o
 .text.SDMMCHOST_TransferFunction
                0x0000e926       0xec ./sdmmc/host/fsl_sdmmc_host.o
                0x0000e926                SDMMCHOST_TransferFunction
 .text.SDMMCHOST_ErrorRecovery
                0x0000ea12       0x48 ./sdmmc/host/fsl_sdmmc_host.o
 .text.SDMMCHOST_ConvertDataToLittleEndian
                0x0000ea5a       0xe2 ./sdmmc/host/fsl_sdmmc_host.o
                0x0000ea5a                SDMMCHOST_ConvertDataToLittleEndian
 .text.SDMMCHOST_Reset
                0x0000eb3c       0x14 ./sdmmc/host/fsl_sdmmc_host.o
                0x0000eb3c                SDMMCHOST_Reset
 .text.SDMMCHOST_SetCardBusWidth
                0x0000eb50       0x34 ./sdmmc/host/fsl_sdmmc_host.o
                0x0000eb50                SDMMCHOST_SetCardBusWidth
 .text.vListInitialise
                0x0000eb84       0x40 ./freertos/freertos_kernel/list.o
                0x0000eb84                vListInitialise
 .text.vListInitialiseItem
                0x0000ebc4       0x1a ./freertos/freertos_kernel/list.o
                0x0000ebc4                vListInitialiseItem
 .text.vListInsertEnd
                0x0000ebde       0x48 ./freertos/freertos_kernel/list.o
                0x0000ebde                vListInsertEnd
 .text.vListInsert
                0x0000ec26       0x72 ./freertos/freertos_kernel/list.o
                0x0000ec26                vListInsert
 .text.uxListRemove
                0x0000ec98       0x54 ./freertos/freertos_kernel/list.o
                0x0000ec98                uxListRemove
 .text.xQueueGenericCreate
                0x0000ecec       0xbe ./freertos/freertos_kernel/queue.o
                0x0000ecec                xQueueGenericCreate
 .text.prvInitialiseNewQueue
                0x0000edaa       0x46 ./freertos/freertos_kernel/queue.o
 .text.prvInitialiseMutex
                0x0000edf0       0x34 ./freertos/freertos_kernel/queue.o
 .text.xQueueCreateMutex
                0x0000ee24       0x30 ./freertos/freertos_kernel/queue.o
                0x0000ee24                xQueueCreateMutex
 .text.xQueueGiveMutexRecursive
                0x0000ee54       0x68 ./freertos/freertos_kernel/queue.o
                0x0000ee54                xQueueGiveMutexRecursive
 .text.xQueueTakeMutexRecursive
                0x0000eebc       0x6c ./freertos/freertos_kernel/queue.o
                0x0000eebc                xQueueTakeMutexRecursive
 .text.xQueueCreateCountingSemaphore
                0x0000ef28       0x66 ./freertos/freertos_kernel/queue.o
                0x0000ef28                xQueueCreateCountingSemaphore
 .text.xQueueGenericSendFromISR
                0x0000ef8e      0x154 ./freertos/freertos_kernel/queue.o
                0x0000ef8e                xQueueGenericSendFromISR
 .text.xQueueGiveFromISR
                0x0000f0e2      0x138 ./freertos/freertos_kernel/queue.o
                0x0000f0e2                xQueueGiveFromISR
 .text.vQueueDelete
                0x0000f21a       0x3c ./freertos/freertos_kernel/queue.o
                0x0000f21a                vQueueDelete
 .text.prvGetDisinheritPriorityAfterTimeout
                0x0000f256       0x30 ./freertos/freertos_kernel/queue.o
 .text.prvCopyDataToQueue
                0x0000f286       0xd4 ./freertos/freertos_kernel/queue.o
 .text.prvCopyDataFromQueue
                0x0000f35a       0x4c ./freertos/freertos_kernel/queue.o
 .text.prvUnlockQueue
                0x0000f3a6       0xa4 ./freertos/freertos_kernel/queue.o
 .text.prvIsQueueEmpty
                0x0000f44a       0x2c ./freertos/freertos_kernel/queue.o
 .text.prvIsQueueFull
                0x0000f476       0x30 ./freertos/freertos_kernel/queue.o
 .text.vQueueWaitForMessageRestricted
                0x0000f4a6       0x68 ./freertos/freertos_kernel/queue.o
                0x0000f4a6                vQueueWaitForMessageRestricted
 .text.xTaskCreate
                0x0000f50e       0x82 ./freertos/freertos_kernel/tasks.o
                0x0000f50e                xTaskCreate
 .text.prvInitialiseNewTask
                0x0000f590      0x13a ./freertos/freertos_kernel/tasks.o
 .text.prvDeleteTCB
                0x0000f6ca       0x20 ./freertos/freertos_kernel/tasks.o
 .text.prvTimerTask
                0x0000f6ea       0x24 ./freertos/freertos_kernel/timers.o
 .text.CLOCK_EnableClock
                0x0000f70e       0x34 ./drivers/fsl_clock.o
 .text.CLOCK_DisableClock
                0x0000f742       0x38 ./drivers/fsl_clock.o
 .text.OSC_SetExtRefClkConfig
                0x0000f77a       0x34 ./drivers/fsl_clock.o
 .text.OSC_SetCapLoad
                0x0000f7ae       0x34 ./drivers/fsl_clock.o
 .text.CLOCK_GetPll0RefFreq
                0x0000f7e2        0xe ./drivers/fsl_clock.o
 .text.CLOCK_GetFixedFreqClkFreq
                0x0000f7f0       0x34 ./drivers/fsl_clock.o
                0x0000f7f0                CLOCK_GetFixedFreqClkFreq
 .text.DelayLoop
                0x0000f824       0x20 ./drivers/fsl_common_arm.o
 .text.CLOCK_EnableClock
                0x0000f844       0x34 ./drivers/fsl_sdhc.o
 .text.EnableIRQ
                0x0000f878       0x32 ./drivers/fsl_sdhc.o
 .text.SDHC_EnableInterruptSignal
                0x0000f8aa       0x22 ./drivers/fsl_sdhc.o
 .text.SDHC_DisableInterruptSignal
                0x0000f8cc       0x24 ./drivers/fsl_sdhc.o
 .text.SDHC_GetEnabledInterruptStatusFlags
                0x0000f8f0       0x22 ./drivers/fsl_sdhc.o
 .text.SDHC_ClearInterruptStatusFlags
                0x0000f912       0x1c ./drivers/fsl_sdhc.o
 .text.SDHC_GetPresentStatusFlags
                0x0000f92e       0x18 ./drivers/fsl_sdhc.o
 .text.SDHC_WriteData
                0x0000f946       0x1c ./drivers/fsl_sdhc.o
 .text.SDHC_ReadData
                0x0000f962       0x18 ./drivers/fsl_sdhc.o
 .text.SDHC_StartTransfer
                0x0000f97a      0x158 ./drivers/fsl_sdhc.o
 .text.SDHC_ReadDataPort
                0x0000fad2       0xa4 ./drivers/fsl_sdhc.o
 .text.SDHC_WriteDataPort
                0x0000fb76       0xa6 ./drivers/fsl_sdhc.o
 .text.SDHC_TransferHandleCardDetect
                0x0000fc1c       0x4c ./drivers/fsl_sdhc.o
 .text.SDHC_TransferHandleSdioInterrupt
                0x0000fc68       0x28 ./drivers/fsl_sdhc.o
 .text.SDHC_TransferHandleSdioBlockGap
                0x0000fc90       0x28 ./drivers/fsl_sdhc.o
 .text.SDHC_Reset
                0x0000fcb8       0x52 ./drivers/fsl_sdhc.o
                0x0000fcb8                SDHC_Reset
 .text.SDHC_SetCardActive
                0x0000fd0a       0x4c ./drivers/fsl_sdhc.o
                0x0000fd0a                SDHC_SetCardActive
 .text.UART0_RX_TX_DriverIRQHandler
                0x0000fd56       0x12 ./drivers/fsl_uart.o
                0x0000fd56                UART0_RX_TX_DriverIRQHandler
 .text.UART1_RX_TX_DriverIRQHandler
                0x0000fd68       0x12 ./drivers/fsl_uart.o
                0x0000fd68                UART1_RX_TX_DriverIRQHandler
 .text.UART2_RX_TX_DriverIRQHandler
                0x0000fd7a       0x12 ./drivers/fsl_uart.o
                0x0000fd7a                UART2_RX_TX_DriverIRQHandler
 .text.UART3_RX_TX_DriverIRQHandler
                0x0000fd8c       0x12 ./drivers/fsl_uart.o
                0x0000fd8c                UART3_RX_TX_DriverIRQHandler
 .text.UART4_RX_TX_DriverIRQHandler
                0x0000fd9e       0x12 ./drivers/fsl_uart.o
                0x0000fd9e                UART4_RX_TX_DriverIRQHandler
 .text.UART5_RX_TX_DriverIRQHandler
                0x0000fdb0       0x12 ./drivers/fsl_uart.o
                0x0000fdb0                UART5_RX_TX_DriverIRQHandler
 .text.SystemInitHook
                0x0000fdc2        0xe ./device/system_MK64F12.o
                0x0000fdc2                SystemInitHook
 .text.OSA_EnterCritical
                0x0000fdd0       0x40 ./component/osa/fsl_os_abstraction_free_rtos.o
                0x0000fdd0                OSA_EnterCritical
 .text.OSA_ExitCritical
                0x0000fe10       0x2e ./component/osa/fsl_os_abstraction_free_rtos.o
                0x0000fe10                OSA_ExitCritical
 .text.DbgConsole_Init
                0x0000fe3e       0x20 ./board/board.o
 .text.BOARD_InitDebugConsole
                0x0000fe5e       0x22 ./board/board.o
                0x0000fe5e                BOARD_InitDebugConsole
 .text.BOARD_InitBootClocks
                0x0000fe80        0xc ./board/clock_config.o
                0x0000fe80                BOARD_InitBootClocks
 .text.CLOCK_EnableClock
                0x0000fe8c       0x34 ./board/pin_mux.o
 .text.PORT_SetPinMux
                0x0000fec0       0x3a ./board/pin_mux.o
 .text.BOARD_InitBootPins
                0x0000fefa        0xc ./board/pin_mux.o
                0x0000fefa                BOARD_InitBootPins
 .text.EnableIRQ
                0x0000ff06       0x32 ./board/sdmmc_config.o
 .text.GPIO_PinRead
                0x0000ff38       0x24 ./board/sdmmc_config.o
 .text.PORT_SetPinInterruptConfig
                0x0000ff5c       0x3a ./board/sdmmc_config.o
 .text.PORT_GetPinsInterruptFlags
                0x0000ff96       0x1a ./board/sdmmc_config.o
 .text.PORT_ClearPinsInterruptFlags
                0x0000ffb0       0x1e ./board/sdmmc_config.o
 .text.__main   0x0000ffce        0xe e:/mcuxpressoide_11.4.1_6260/ide/plugins/com.nxp.mcuxpresso.tools.win32_11.4.0.202103011116/tools/bin/../lib/gcc/arm-none-eabi/10.2.1/../../../../arm-none-eabi/lib/thumb/v7e-m+fp/hard\libcr_semihost_nf.a(_cr__main.o)
                0x0000ffce                __CR_SEMIHOST
                0x0000ffce                __main
 .text.memcpy   0x0000ffdc        0x4 e:/mcuxpressoide_11.4.1_6260/ide/plugins/com.nxp.mcuxpresso.tools.win32_11.4.0.202103011116/tools/bin/../lib/gcc/arm-none-eabi/10.2.1/../../../../arm-none-eabi/lib/thumb/v7e-m+fp/hard\libcr_c.a(memcpy.o)
                0x0000ffdc                memcpy
 .text.memset   0x0000ffe0        0x4 e:/mcuxpressoide_11.4.1_6260/ide/plugins/com.nxp.mcuxpresso.tools.win32_11.4.0.202103011116/tools/bin/../lib/gcc/arm-none-eabi/10.2.1/../../../../arm-none-eabi/lib/thumb/v7e-m+fp/hard\libcr_c.a(memset.o)
                0x0000ffe0                memset
 .text.free     0x0000ffe4       0x30 e:/mcuxpressoide_11.4.1_6260/ide/plugins/com.nxp.mcuxpresso.tools.win32_11.4.0.202103011116/tools/bin/../lib/gcc/arm-none-eabi/10.2.1/../../../../arm-none-eabi/lib/thumb/v7e-m+fp/hard\libcr_c.a(alloc.o)
                0x0000ffe4                free
 .text.no_fp_display
                0x00010014        0x4 e:/mcuxpressoide_11.4.1_6260/ide/plugins/com.nxp.mcuxpresso.tools.win32_11.4.0.202103011116/tools/bin/../lib/gcc/arm-none-eabi/10.2.1/../../../../arm-none-eabi/lib/thumb/v7e-m+fp/hard\libcr_c.a(printf.o)
 .text.setvbuf  0x00010018       0x3e e:/mcuxpressoide_11.4.1_6260/ide/plugins/com.nxp.mcuxpresso.tools.win32_11.4.0.202103011116/tools/bin/../lib/gcc/arm-none-eabi/10.2.1/../../../../arm-none-eabi/lib/thumb/v7e-m+fp/hard\libcr_c.a(setvbuf.o)
                0x00010018                setvbuf
 .text.strlen   0x00010056       0x48 e:/mcuxpressoide_11.4.1_6260/ide/plugins/com.nxp.mcuxpresso.tools.win32_11.4.0.202103011116/tools/bin/../lib/gcc/arm-none-eabi/10.2.1/../../../../arm-none-eabi/lib/thumb/v7e-m+fp/hard\libcr_c.a(strlen.o)
                0x00010056                strlen
 .text._deferredlazyseek
                0x0001009e       0x40 e:/mcuxpressoide_11.4.1_6260/ide/plugins/com.nxp.mcuxpresso.tools.win32_11.4.0.202103011116/tools/bin/../lib/gcc/arm-none-eabi/10.2.1/../../../../arm-none-eabi/lib/thumb/v7e-m+fp/hard\libcr_c.a(_deferredlazyseek.o)
                0x0001009e                _deferredlazyseek
 .text.__flsbuf
                0x000100de      0x140 e:/mcuxpressoide_11.4.1_6260/ide/plugins/com.nxp.mcuxpresso.tools.win32_11.4.0.202103011116/tools/bin/../lib/gcc/arm-none-eabi/10.2.1/../../../../arm-none-eabi/lib/thumb/v7e-m+fp/hard\libcr_c.a(_deferredlazyseek.o)
                0x000100de                __flsbuf
 .text._fdopen  0x0001021e       0x68 e:/mcuxpressoide_11.4.1_6260/ide/plugins/com.nxp.mcuxpresso.tools.win32_11.4.0.202103011116/tools/bin/../lib/gcc/arm-none-eabi/10.2.1/../../../../arm-none-eabi/lib/thumb/v7e-m+fp/hard\libcr_c.a(_fdopen.o)
                0x0001021e                _fdopen
 .text._fflush  0x00010286       0x52 e:/mcuxpressoide_11.4.1_6260/ide/plugins/com.nxp.mcuxpresso.tools.win32_11.4.0.202103011116/tools/bin/../lib/gcc/arm-none-eabi/10.2.1/../../../../arm-none-eabi/lib/thumb/v7e-m+fp/hard\libcr_c.a(_fflush.o)
                0x00010286                _fflush
 .text.fclose   0x000102d8       0x58 e:/mcuxpressoide_11.4.1_6260/ide/plugins/com.nxp.mcuxpresso.tools.win32_11.4.0.202103011116/tools/bin/../lib/gcc/arm-none-eabi/10.2.1/../../../../arm-none-eabi/lib/thumb/v7e-m+fp/hard\libcr_c.a(fclose.o)
                0x000102d8                fclose
 .text.remove   0x00010330       0x14 e:/mcuxpressoide_11.4.1_6260/ide/plugins/com.nxp.mcuxpresso.tools.win32_11.4.0.202103011116/tools/bin/../lib/gcc/arm-none-eabi/10.2.1/../../../../arm-none-eabi/lib/thumb/v7e-m+fp/hard\libcr_c.a(remove.o)
                0x00010330                remove
 .text._do_fflush
                0x00010344       0x40 e:/mcuxpressoide_11.4.1_6260/ide/plugins/com.nxp.mcuxpresso.tools.win32_11.4.0.202103011116/tools/bin/../lib/gcc/arm-none-eabi/10.2.1/../../../../arm-none-eabi/lib/thumb/v7e-m+fp/hard\libcr_c.a(_do_fflush.o)
                0x00010344                _do_fflush
 .text.__aeabi_division_uldivmod
                0x00010384      0x174 e:/mcuxpressoide_11.4.1_6260/ide/plugins/com.nxp.mcuxpresso.tools.win32_11.4.0.202103011116/tools/bin/../lib/gcc/arm-none-eabi/10.2.1/thumb/v7e-m+fp/hard\libcr_eabihelpers.a(division_64.o)
                0x00010384                __aeabi_uldivmod
                0x00010388                __bhs_ldivmod1
 .text.__aeabi_division_idiv0
                0x000104f8        0x2 e:/mcuxpressoide_11.4.1_6260/ide/plugins/com.nxp.mcuxpresso.tools.win32_11.4.0.202103011116/tools/bin/../lib/gcc/arm-none-eabi/10.2.1/thumb/v7e-m+fp/hard\libcr_eabihelpers.a(division_idiv0.o)
                0x000104f8                __aeabi_idiv0
 .text.__aeabi_memcpy
                0x000104fa       0x34 e:/mcuxpressoide_11.4.1_6260/ide/plugins/com.nxp.mcuxpresso.tools.win32_11.4.0.202103011116/tools/bin/../lib/gcc/arm-none-eabi/10.2.1/thumb/v7e-m+fp/hard\libcr_eabihelpers.a(memcpy.o)
                0x000104fa                __aeabi_memcpy
                0x00010504                __aeabi_memcpy8
                0x00010504                __aeabi_memcpy4
 .text.__aeabi_memset_lowlevel
                0x0001052e       0x32 e:/mcuxpressoide_11.4.1_6260/ide/plugins/com.nxp.mcuxpresso.tools.win32_11.4.0.202103011116/tools/bin/../lib/gcc/arm-none-eabi/10.2.1/thumb/v7e-m+fp/hard\libcr_eabihelpers.a(memcpy.o)
                0x0001052e                __aeabi_lowlevel_memset
 .text.__sys_close
                0x00010560        0xc e:/mcuxpressoide_11.4.1_6260/ide/plugins/com.nxp.mcuxpresso.tools.win32_11.4.0.202103011116/tools/bin/../lib/gcc/arm-none-eabi/10.2.1/../../../../arm-none-eabi/lib/thumb/v7e-m+fp/hard\libcr_semihost_nf.a(__sys_close.o)
                0x00010560                __sys_close
 .text.__sys_flen
                0x0001056c        0xc e:/mcuxpressoide_11.4.1_6260/ide/plugins/com.nxp.mcuxpresso.tools.win32_11.4.0.202103011116/tools/bin/../lib/gcc/arm-none-eabi/10.2.1/../../../../arm-none-eabi/lib/thumb/v7e-m+fp/hard\libcr_semihost_nf.a(__sys_flen.o)
                0x0001056c                __sys_flen
 .text.__sys_istty
                0x00010578        0xc e:/mcuxpressoide_11.4.1_6260/ide/plugins/com.nxp.mcuxpresso.tools.win32_11.4.0.202103011116/tools/bin/../lib/gcc/arm-none-eabi/10.2.1/../../../../arm-none-eabi/lib/thumb/v7e-m+fp/hard\libcr_semihost_nf.a(__sys_istty.o)
                0x00010578                __sys_istty
 .text.__sys_remove
                0x00010584        0xc e:/mcuxpressoide_11.4.1_6260/ide/plugins/com.nxp.mcuxpresso.tools.win32_11.4.0.202103011116/tools/bin/../lib/gcc/arm-none-eabi/10.2.1/../../../../arm-none-eabi/lib/thumb/v7e-m+fp/hard\libcr_semihost_nf.a(__sys_remove.o)
                0x00010584                __sys_remove
 .text.__sys_seek
                0x00010590        0xc e:/mcuxpressoide_11.4.1_6260/ide/plugins/com.nxp.mcuxpresso.tools.win32_11.4.0.202103011116/tools/bin/../lib/gcc/arm-none-eabi/10.2.1/../../../../arm-none-eabi/lib/thumb/v7e-m+fp/hard\libcr_semihost_nf.a(__sys_seek.o)
                0x00010590                __sys_seek
 .text.__sys_tmpnam
                0x0001059c        0xc e:/mcuxpressoide_11.4.1_6260/ide/plugins/com.nxp.mcuxpresso.tools.win32_11.4.0.202103011116/tools/bin/../lib/gcc/arm-none-eabi/10.2.1/../../../../arm-none-eabi/lib/thumb/v7e-m+fp/hard\libcr_semihost_nf.a(__sys_tmpnam.o)
                0x0001059c                __sys_tmpnam
 .text.__sys_write
                0x000105a8        0xc e:/mcuxpressoide_11.4.1_6260/ide/plugins/com.nxp.mcuxpresso.tools.win32_11.4.0.202103011116/tools/bin/../lib/gcc/arm-none-eabi/10.2.1/../../../../arm-none-eabi/lib/thumb/v7e-m+fp/hard\libcr_semihost_nf.a(__sys_write.o)
                0x000105a8                __sys_write
 *freertos*/tasks.o(SORT_BY_ALIGNMENT(.rodata*))
 .rodata.vTaskStartScheduler.str1.4
                0x000105b4        0x5 ./freertos/freertos_kernel/tasks.o
 *fill*         0x000105b9        0x3 ff
 .rodata.vTaskList.str1.4
                0x000105bc        0xf ./freertos/freertos_kernel/tasks.o
 *fill*         0x000105cb        0x1 ff
 .rodata        0x000105cc       0x1c ./freertos/freertos_kernel/tasks.o
                0x000105cc                portArch_Name
                0x000105d0                FreeRTOSDebugConfig
 *(SORT_BY_ALIGNMENT(.rodata) SORT_BY_ALIGNMENT(.rodata.*) SORT_BY_ALIGNMENT(.constdata) SORT_BY_ALIGNMENT(.constdata.*))
 .rodata.__assertion_failed.str1.4
                0x000105e8       0x14 ./utilities/fsl_assert.o
 .rodata.s_UsbDeviceStandardRequest
                0x000105fc       0x34 ./usb/device/source/usb_device_ch9.o
 .rodata.s_UsbDeviceKhciInterface
                0x00010630       0x18 ./usb/device/source/usb_device_dci.o
 .rodata        0x00010648        0x4 ./usb/device/class/msc/usb_device_msc_ufi.o
 .rodata.s_UsbDeviceClassInterfaceMap
                0x0001064c       0x20 ./usb/device/class/usb_device_class.o
 .rodata.USB_DeviceMscCallback.str1.4
                0x0001066c       0xcb ./source/disk.o
 *fill*         0x00010737        0x1 ff
 .rodata.USB_DeviceApplicationInit.str1.4
                0x00010738       0x67 ./source/disk.o
 *fill*         0x0001079f        0x1 ff
 .rodata.APP_task.str1.4
                0x000107a0       0x31 ./source/disk.o
 *fill*         0x000107d1        0x3 ff
 .rodata.main.str1.4
                0x000107d4       0x26 ./source/disk.o
 *fill*         0x000107fa        0x2 ff
 .rodata.USB_DeviceMscDiskStorageInit.str1.4
                0x000107fc       0x18 ./source/usb_sdcard_adapter.o
 .rodata.SD_SendApplicationCmd.str1.4
                0x00010814       0x1d ./sdmmc/src/fsl_sd.o
 *fill*         0x00010831        0x3 ff
 .rodata.SD_GoIdle.str1.4
                0x00010834       0x1d ./sdmmc/src/fsl_sd.o
 *fill*         0x00010851        0x3 ff
 .rodata.SD_SetBlockSize.str1.4
                0x00010854       0x1d ./sdmmc/src/fsl_sd.o
 *fill*         0x00010871        0x3 ff
 .rodata.SD_ExecuteTuning.str1.4
                0x00010874       0x1d ./sdmmc/src/fsl_sd.o
 *fill*         0x00010891        0x3 ff
 .rodata.SD_SwitchVoltage.str1.4
                0x00010894       0x1d ./sdmmc/src/fsl_sd.o
 *fill*         0x000108b1        0x3 ff
 .rodata.SD_StopTransmission.str1.4
                0x000108b4       0x1d ./sdmmc/src/fsl_sd.o
 *fill*         0x000108d1        0x3 ff
 .rodata.SD_Transfer.str1.4
                0x000108d4       0x20 ./sdmmc/src/fsl_sd.o
 .rodata.SD_SendCardStatus.str1.4
                0x000108f4       0x1d ./sdmmc/src/fsl_sd.o
 *fill*         0x00010911        0x3 ff
 .rodata.SD_PollingCardStatusBusy.str1.4
                0x00010914       0x1d ./sdmmc/src/fsl_sd.o
 *fill*         0x00010931        0x3 ff
 .rodata.SD_SendWriteSuccessBlocks.str1.4
                0x00010934       0x1d ./sdmmc/src/fsl_sd.o
 *fill*         0x00010951        0x3 ff
 .rodata.SD_SendRca.str1.4
                0x00010954       0x1d ./sdmmc/src/fsl_sd.o
 *fill*         0x00010971        0x3 ff
 .rodata.SD_SwitchFunction.str1.4
                0x00010974       0x3f ./sdmmc/src/fsl_sd.o
 *fill*         0x000109b3        0x1 ff
 .rodata.SD_DecodeScr.str1.4
                0x000109b4       0x3f ./sdmmc/src/fsl_sd.o
 *fill*         0x000109f3        0x1 ff
 .rodata.SD_SendScr.str1.4
                0x000109f4       0x1d ./sdmmc/src/fsl_sd.o
 *fill*         0x00010a11        0x3 ff
 .rodata.SD_SelectFunction.str1.4
                0x00010a14       0x1d ./sdmmc/src/fsl_sd.o
 *fill*         0x00010a31        0x3 ff
 .rodata.SD_SetDataBusWidth.str1.4
                0x00010a34       0x1d ./sdmmc/src/fsl_sd.o
 *fill*         0x00010a51        0x3 ff
 .rodata.SD_DecodeCsd.str1.4
                0x00010a54       0x3f ./sdmmc/src/fsl_sd.o
 *fill*         0x00010a93        0x1 ff
 .rodata.SD_SendCsd.str1.4
                0x00010a94       0x1e ./sdmmc/src/fsl_sd.o
 *fill*         0x00010ab2        0x2 ff
 .rodata.SD_DecodeCid.str1.4
                0x00010ab4       0x40 ./sdmmc/src/fsl_sd.o
 .rodata.SD_AllSendCid.str1.4
                0x00010af4       0x1e ./sdmmc/src/fsl_sd.o
 *fill*         0x00010b12        0x2 ff
 .rodata.SD_ApplicationSendOperationCondition.str1.4
                0x00010b14       0x1e ./sdmmc/src/fsl_sd.o
 *fill*         0x00010b32        0x2 ff
 .rodata.SD_SendInterfaceCondition.str1.4
                0x00010b34       0x1e ./sdmmc/src/fsl_sd.o
 *fill*         0x00010b52        0x2 ff
 .rodata.SD_SelectBusTiming.str1.4
                0x00010b54       0x1e ./sdmmc/src/fsl_sd.o
 *fill*         0x00010b72        0x2 ff
 .rodata.SD_DecodeStatus.str1.4
                0x00010b74       0x3d ./sdmmc/src/fsl_sd.o
 *fill*         0x00010bb1        0x3 ff
 .rodata.SD_ReadStatus.str1.4
                0x00010bb4       0x1e ./sdmmc/src/fsl_sd.o
 *fill*         0x00010bd2        0x2 ff
 .rodata.SD_SelectCard.str1.4
                0x00010bd4       0x1e ./sdmmc/src/fsl_sd.o
 *fill*         0x00010bf2        0x2 ff
 .rodata.SD_Read.str1.4
                0x00010bf4       0x9f ./sdmmc/src/fsl_sd.o
 *fill*         0x00010c93        0x1 ff
 .rodata.SD_Write.str1.4
                0x00010c94       0x9f ./sdmmc/src/fsl_sd.o
 *fill*         0x00010d33        0x1 ff
 .rodata.SD_ReadBlocks.str1.4
                0x00010d34       0xa3 ./sdmmc/src/fsl_sd.o
 *fill*         0x00010dd7        0x1 ff
 .rodata.SD_WriteBlocks.str1.4
                0x00010dd8       0xa3 ./sdmmc/src/fsl_sd.o
 *fill*         0x00010e7b        0x1 ff
 .rodata.SD_ProbeBusVoltage.str1.4
                0x00010e7c       0x1e ./sdmmc/src/fsl_sd.o
 *fill*         0x00010e9a        0x2 ff
 .rodata.sdcard_init.str1.4
                0x00010e9c       0x4b ./sdmmc/src/fsl_sd.o
 *fill*         0x00010ee7        0x1 ff
 .rodata.SD_CardInit.str1.4
                0x00010ee8       0x1e ./sdmmc/src/fsl_sd.o
 *fill*         0x00010f06        0x2 ff
 .rodata.SD_HostInit.str1.4