Archive member included to satisfy reference by file (symbol)

e:/mcuxpressoide_11.4.1_6260/ide/plugins/com.nxp.mcuxpresso.tools.win32_11.4.0.202103011116/tools/bin/../lib/gcc/arm-none-eabi/10.2.1/../../../../arm-none-eabi/lib/thumb/v7e-m+fp/hard\libcr_semihost_nf.a(_cr__main.o)
                              ./startup/startup_mk64f12.o (__main)
e:/mcuxpressoide_11.4.1_6260/ide/plugins/com.nxp.mcuxpresso.tools.win32_11.4.0.202103011116/tools/bin/../lib/gcc/arm-none-eabi/10.2.1/../../../../arm-none-eabi/lib/thumb/v7e-m+fp/hard\libcr_c.a(memcpy.o)
                              ./source/flexcan_loopback.o (memcpy)
e:/mcuxpressoide_11.4.1_6260/ide/plugins/com.nxp.mcuxpresso.tools.win32_11.4.0.202103011116/tools/bin/../lib/gcc/arm-none-eabi/10.2.1/../../../../arm-none-eabi/lib/thumb/v7e-m+fp/hard\libcr_c.a(memset.o)
                              ./source/flexcan_loopback.o (memset)
e:/mcuxpressoide_11.4.1_6260/ide/plugins/com.nxp.mcuxpresso.tools.win32_11.4.0.202103011116/tools/bin/../lib/gcc/arm-none-eabi/10.2.1/../../../../arm-none-eabi/lib/thumb/v7e-m+fp/hard\libcr_c.a(alloc.o)
                              ./drivers/fsl_common.o (malloc)
e:/mcuxpressoide_11.4.1_6260/ide/plugins/com.nxp.mcuxpresso.tools.win32_11.4.0.202103011116/tools/bin/../lib/gcc/arm-none-eabi/10.2.1/../../../../arm-none-eabi/lib/thumb/v7e-m+fp/hard\libcr_c.a(initio.o)
                              e:/mcuxpressoide_11.4.1_6260/ide/plugins/com.nxp.mcuxpresso.tools.win32_11.4.0.202103011116/tools/bin/../lib/gcc/arm-none-eabi/10.2.1/../../../../arm-none-eabi/lib/thumb/v7e-m+fp/hard\libcr_semihost_nf.a(_cr__main.o) (_initio)
e:/mcuxpressoide_11.4.1_6260/ide/plugins/com.nxp.mcuxpresso.tools.win32_11.4.0.202103011116/tools/bin/../lib/gcc/arm-none-eabi/10.2.1/../../../../arm-none-eabi/lib/thumb/v7e-m+fp/hard\libcr_c.a(printf.o)
                              ./utilities/fsl_assert.o (_printf)
e:/mcuxpressoide_11.4.1_6260/ide/plugins/com.nxp.mcuxpresso.tools.win32_11.4.0.202103011116/tools/bin/../lib/gcc/arm-none-eabi/10.2.1/../../../../arm-none-eabi/lib/thumb/v7e-m+fp/hard\libcr_c.a(setvbuf.o)
                              e:/mcuxpressoide_11.4.1_6260/ide/plugins/com.nxp.mcuxpresso.tools.win32_11.4.0.202103011116/tools/bin/../lib/gcc/arm-none-eabi/10.2.1/../../../../arm-none-eabi/lib/thumb/v7e-m+fp/hard\libcr_c.a(initio.o) (setvbuf)
e:/mcuxpressoide_11.4.1_6260/ide/plugins/com.nxp.mcuxpresso.tools.win32_11.4.0.202103011116/tools/bin/../lib/gcc/arm-none-eabi/10.2.1/../../../../arm-none-eabi/lib/thumb/v7e-m+fp/hard\libcr_c.a(strlen.o)
                              e:/mcuxpressoide_11.4.1_6260/ide/plugins/com.nxp.mcuxpresso.tools.win32_11.4.0.202103011116/tools/bin/../lib/gcc/arm-none-eabi/10.2.1/../../../../arm-none-eabi/lib/thumb/v7e-m+fp/hard\libcr_c.a(printf.o) (strlen)
e:/mcuxpressoide_11.4.1_6260/ide/plugins/com.nxp.mcuxpresso.tools.win32_11.4.0.202103011116/tools/bin/../lib/gcc/arm-none-eabi/10.2.1/../../../../arm-none-eabi/lib/thumb/v7e-m+fp/hard\libcr_c.a(__init_alloc.o)
                              e:/mcuxpressoide_11.4.1_6260/ide/plugins/com.nxp.mcuxpresso.tools.win32_11.4.0.202103011116/tools/bin/../lib/gcc/arm-none-eabi/10.2.1/../../../../arm-none-eabi/lib/thumb/v7e-m+fp/hard\libcr_c.a(alloc.o) (__heaps)
e:/mcuxpressoide_11.4.1_6260/ide/plugins/com.nxp.mcuxpresso.tools.win32_11.4.0.202103011116/tools/bin/../lib/gcc/arm-none-eabi/10.2.1/../../../../arm-none-eabi/lib/thumb/v7e-m+fp/hard\libcr_c.a(_cr_sbrk.o)
                              e:/mcuxpressoide_11.4.1_6260/ide/plugins/com.nxp.mcuxpresso.tools.win32_11.4.0.202103011116/tools/bin/../lib/gcc/arm-none-eabi/10.2.1/../../../../arm-none-eabi/lib/thumb/v7e-m+fp/hard\libcr_c.a(alloc.o) (_sbrk)
e:/mcuxpressoide_11.4.1_6260/ide/plugins/com.nxp.mcuxpresso.tools.win32_11.4.0.202103011116/tools/bin/../lib/gcc/arm-none-eabi/10.2.1/../../../../arm-none-eabi/lib/thumb/v7e-m+fp/hard\libcr_c.a(_deferredlazyseek.o)
                              e:/mcuxpressoide_11.4.1_6260/ide/plugins/com.nxp.mcuxpresso.tools.win32_11.4.0.202103011116/tools/bin/../lib/gcc/arm-none-eabi/10.2.1/../../../../arm-none-eabi/lib/thumb/v7e-m+fp/hard\libcr_c.a(printf.o) (__flsbuf)
e:/mcuxpressoide_11.4.1_6260/ide/plugins/com.nxp.mcuxpresso.tools.win32_11.4.0.202103011116/tools/bin/../lib/gcc/arm-none-eabi/10.2.1/../../../../arm-none-eabi/lib/thumb/v7e-m+fp/hard\libcr_c.a(_fdopen.o)
                              e:/mcuxpressoide_11.4.1_6260/ide/plugins/com.nxp.mcuxpresso.tools.win32_11.4.0.202103011116/tools/bin/../lib/gcc/arm-none-eabi/10.2.1/../../../../arm-none-eabi/lib/thumb/v7e-m+fp/hard\libcr_c.a(initio.o) (_fdopen)
e:/mcuxpressoide_11.4.1_6260/ide/plugins/com.nxp.mcuxpresso.tools.win32_11.4.0.202103011116/tools/bin/../lib/gcc/arm-none-eabi/10.2.1/../../../../arm-none-eabi/lib/thumb/v7e-m+fp/hard\libcr_c.a(_fflush.o)
[...]
Memory Configuration

Name             Origin             Length             Attributes
PROGRAM_FLASH    0x00000000         0x00100000         xr
SRAM_UPPER       0x20000000         0x00030000         xrw
SRAM_LOWER       0x1fff0000         0x00010000         xrw
FLEX_RAM         0x14000000         0x00001000         xrw
*default*        0x00000000         0xffffffff

Linker script and memory map

LOAD ./utilities/fsl_assert.o
LOAD ./utilities/fsl_debug_console.o
LOAD ./startup/startup_mk64f12.o
LOAD ./source/flexcan_loopback.o
LOAD ./source/semihost_hardfault.o
LOAD ./drivers/fsl_clock.o
LOAD ./drivers/fsl_common.o
LOAD ./drivers/fsl_common_arm.o
LOAD ./drivers/fsl_flexcan.o
LOAD ./drivers/fsl_ftfx_cache.o
LOAD ./drivers/fsl_ftfx_controller.o
LOAD ./drivers/fsl_ftfx_flash.o
LOAD ./drivers/fsl_ftfx_flexnvm.o
LOAD ./drivers/fsl_gpio.o
LOAD ./drivers/fsl_smc.o
LOAD ./drivers/fsl_uart.o
LOAD ./device/system_MK64F12.o
LOAD ./component/uart/fsl_adapter_uart.o
LOAD ./component/lists/fsl_component_generic_list.o
LOAD ./board/board.o
LOAD ./board/clock_config.o
LOAD ./board/pin_mux.o
START GROUP
LOAD e:/mcuxpressoide_11.4.1_6260/ide/plugins/com.nxp.mcuxpresso.tools.win32_11.4.0.202103011116/tools/bin/../lib/gcc/arm-none-eabi/10.2.1/../../../../arm-none-eabi/lib/thumb/v7e-m+fp/hard\libcr_semihost_nf.a
LOAD e:/mcuxpressoide_11.4.1_6260/ide/plugins/com.nxp.mcuxpresso.tools.win32_11.4.0.202103011116/tools/bin/../lib/gcc/arm-none-eabi/10.2.1/../../../../arm-none-eabi/lib/thumb/v7e-m+fp/hard\libcr_c.a
LOAD e:/mcuxpressoide_11.4.1_6260/ide/plugins/com.nxp.mcuxpresso.tools.win32_11.4.0.202103011116/tools/bin/../lib/gcc/arm-none-eabi/10.2.1/thumb/v7e-m+fp/hard\libcr_eabihelpers.a
LOAD e:/mcuxpressoide_11.4.1_6260/ide/plugins/com.nxp.mcuxpresso.tools.win32_11.4.0.202103011116/tools/bin/../lib/gcc/arm-none-eabi/10.2.1/thumb/v7e-m+fp/hard\libgcc.a
END GROUP
                0x00000000                __base_PROGRAM_FLASH = 0x0
                0x00000000                __base_Flash = 0x0
                0x00100000                __top_PROGRAM_FLASH = 0x100000
                0x00100000                __top_Flash = 0x100000
                0x20000000                __base_SRAM_UPPER = 0x20000000
                0x20000000                __base_RAM = 0x20000000
                0x20030000                __top_SRAM_UPPER = 0x20030000
                0x20030000                __top_RAM = 0x20030000
                0x1fff0000                __base_SRAM_LOWER = 0x1fff0000
                0x1fff0000                __base_RAM2 = 0x1fff0000
                0x20000000                __top_SRAM_LOWER = 0x20000000
                0x20000000                __top_RAM2 = 0x20000000
                0x14000000                __base_FLEX_RAM = 0x14000000
                0x14000000                __base_RAM3 = 0x14000000
                0x14001000                __top_FLEX_RAM = 0x14001000
                0x14001000                __top_RAM3 = 0x14001000

.text           0x00000000     0x4318
 FILL mask 0xff
                0x00000000                __vectors_start__ = ABSOLUTE (.)
 *(SORT_BY_ALIGNMENT(.isr_vector))
 .isr_vector    0x00000000      0x198 ./startup/startup_mk64f12.o
                0x00000000                g_pfnVectors
                0x00000000                __Vectors
                0x00000198                . = ALIGN (0x4)
                0x00000198                __section_table_start = .
                0x00000198                __data_section_table = .
                0x00000198        0x4 LONG 0x4318 LOADADDR (.data)
                0x0000019c        0x4 LONG 0x20000000 ADDR (.data)
                0x000001a0        0x4 LONG 0x10 SIZEOF (.data)
                0x000001a4        0x4 LONG 0x4318 LOADADDR (.data_RAM2)
                0x000001a8        0x4 LONG 0x1fff0000 ADDR (.data_RAM2)
                0x000001ac        0x4 LONG 0x0 SIZEOF (.data_RAM2)
                0x000001b0        0x4 LONG 0x4318 LOADADDR (.data_RAM3)
                0x000001b4        0x4 LONG 0x14000000 ADDR (.data_RAM3)
                0x000001b8        0x4 LONG 0x0 SIZEOF (.data_RAM3)
                0x000001bc                __data_section_table_end = .
                0x000001bc                __bss_section_table = .
                0x000001bc        0x4 LONG 0x20000010 ADDR (.bss)
                0x000001c0        0x4 LONG 0x110 SIZEOF (.bss)
                0x000001c4        0x4 LONG 0x1fff0000 ADDR (.bss_RAM2)
                0x000001c8        0x4 LONG 0x0 SIZEOF (.bss_RAM2)
                0x000001cc        0x4 LONG 0x14000000 ADDR (.bss_RAM3)
                0x000001d0        0x4 LONG 0x0 SIZEOF (.bss_RAM3)
                0x000001d4                __bss_section_table_end = .
                0x000001d4                __section_table_end = .
 *(SORT_BY_ALIGNMENT(.after_vectors*))
 .after_vectors.reset
                0x000001d4       0x4c ./startup/startup_mk64f12.o
                0x000001d4                ResetISR
 .after_vectors.init_data
                0x00000220       0x1e ./startup/startup_mk64f12.o
                0x00000220                data_init
 .after_vectors.init_bss
                0x0000023e       0x12 ./startup/startup_mk64f12.o
                0x0000023e                bss_init
 .after_vectors
                0x00000250       0x14 ./startup/startup_mk64f12.o
                0x00000250                NMI_Handler
                0x00000254                MemManage_Handler
                0x00000256                BusFault_Handler
                0x00000258                UsageFault_Handler
                0x0000025a                SVC_Handler
                0x0000025c                DebugMon_Handler
                0x0000025e                PendSV_Handler
                0x00000260                SysTick_Handler
                0x00000262                DMA_Error_DriverIRQHandler
                0x00000262                LPTMR0_DriverIRQHandler
                0x00000262                FTM1_DriverIRQHandler
                0x00000262                FTM2_DriverIRQHandler
                0x00000262                PIT2_DriverIRQHandler
                0x00000262                SDHC_DriverIRQHandler
                0x00000262                I2S0_Tx_DriverIRQHandler
                0x00000262                RTC_Seconds_DriverIRQHandler
                0x00000262                DMA6_DriverIRQHandler
                0x00000262                LLWU_DriverIRQHandler
                0x00000262                MCM_DriverIRQHandler
                0x00000262                MCG_DriverIRQHandler
                0x00000262                ENET_1588_Timer_DriverIRQHandler
                0x00000262                I2C2_DriverIRQHandler
                0x00000262                DAC1_DriverIRQHandler
                0x00000262                SPI1_DriverIRQHandler
                0x00000262                CMP1_DriverIRQHandler
                0x00000262                FTM0_DriverIRQHandler
                0x00000262                IntDefaultHandler
                0x00000262                USB0_DriverIRQHandler
                0x00000262                UART5_ERR_DriverIRQHandler
                0x00000262                PORTC_DriverIRQHandler
                0x00000262                DMA11_DriverIRQHandler
                0x00000262                DAC0_DriverIRQHandler
                0x00000262                DMA10_DriverIRQHandler
                0x00000262                CMP2_DriverIRQHandler
                0x00000262                UART2_ERR_DriverIRQHandler
                0x00000262                SPI2_DriverIRQHandler
                0x00000262                LVD_LVW_DriverIRQHandler
                0x00000262                DMA12_DriverIRQHandler
                0x00000262                RNG_DriverIRQHandler
                0x00000262                DMA5_DriverIRQHandler
                0x00000262                DMA4_DriverIRQHandler
                0x00000262                USBDCD_DriverIRQHandler
                0x00000262                UART3_ERR_DriverIRQHandler
                0x00000262                DMA3_DriverIRQHandler
                0x00000262                DMA8_DriverIRQHandler
                0x00000262                DMA9_DriverIRQHandler
                0x00000262                UART0_ERR_DriverIRQHandler
                0x00000262                CMT_DriverIRQHandler
                0x00000262                Reserved71_DriverIRQHandler
                0x00000262                ADC1_DriverIRQHandler
                0x00000262                PORTA_DriverIRQHandler
                0x00000262                DMA14_DriverIRQHandler
                0x00000262                PIT3_DriverIRQHandler
                0x00000262                PIT1_DriverIRQHandler
                0x00000262                WDOG_EWM_DriverIRQHandler
                0x00000262                PDB0_DriverIRQHandler
                0x00000262                RTC_DriverIRQHandler
                0x00000262                I2S0_Rx_DriverIRQHandler
                0x00000262                Read_Collision_DriverIRQHandler
                0x00000262                SWI_DriverIRQHandler
                0x00000262                UART4_ERR_DriverIRQHandler
                0x00000262                PORTB_DriverIRQHandler
                0x00000262                UART0_LON_DriverIRQHandler
                0x00000262                DMA0_DriverIRQHandler
                0x00000262                DMA1_DriverIRQHandler
                0x00000262                I2C1_DriverIRQHandler
                0x00000262                ENET_Receive_DriverIRQHandler
                0x00000262                DMA13_DriverIRQHandler
                0x00000262                ENET_Error_DriverIRQHandler
                0x00000262                DMA15_DriverIRQHandler
                0x00000262                SPI0_DriverIRQHandler
                0x00000262                ADC0_DriverIRQHandler
                0x00000262                CMP0_DriverIRQHandler
                0x00000262                FTM3_DriverIRQHandler
                0x00000262                PIT0_DriverIRQHandler
                0x00000262                UART1_ERR_DriverIRQHandler
                0x00000262                DMA2_DriverIRQHandler
                0x00000262                ENET_Transmit_DriverIRQHandler
                0x00000262                PORTD_DriverIRQHandler
                0x00000262                PORTE_DriverIRQHandler
                0x00000262                FTFE_DriverIRQHandler
                0x00000262                I2C0_DriverIRQHandler
                0x00000262                DMA7_DriverIRQHandler
                0x00000400                . = 0x400
 *fill*         0x00000264      0x19c ff
                0x00000400                PROVIDE (__FLASH_CONFIG_START__ = .)
 *(SORT_BY_ALIGNMENT(.FlashConfig))
 .FlashConfig   0x00000400       0x10 ./startup/startup_mk64f12.o
                0x00000400                Flash_Config
                0x00000410                PROVIDE (__FLASH_CONFIG_END__ = .)
                0x00000001                ASSERT (! ((__FLASH_CONFIG_START__ == __FLASH_CONFIG_END__)), Linker Flash Config Support Enabled, but no .FlashConfig section provided within application)
 *(SORT_BY_ALIGNMENT(.text*))
 .text.__assertion_failed
                0x00000410       0x18 ./utilities/fsl_assert.o
                0x00000410                __assertion_failed
 .text.__NVIC_EnableIRQ
                0x00000428       0x3c ./source/flexcan_loopback.o
 .text.CAN0_ORed_Message_buffer_IRQHandler
                0x00000464       0x54 ./source/flexcan_loopback.o
                0x00000464                CAN0_ORed_Message_buffer_IRQHandler
 .text.main     0x000004b8      0x1a0 ./source/flexcan_loopback.o
                0x000004b8                main
 .text.CLOCK_SetEr32kClock
                0x00000658       0x30 ./drivers/fsl_clock.o
 .text.CLOCK_SetPllFllSelClock
                0x00000688       0x38 ./drivers/fsl_clock.o
 .text.CLOCK_GetMcgExtClkFreq
                0x000006c0       0x7c ./drivers/fsl_clock.o
 .text.CLOCK_GetFllExtRefClkFreq
                0x0000073c       0xb0 ./drivers/fsl_clock.o
 .text.CLOCK_GetInternalRefClkSelectFreq
                0x000007ec       0x4c ./drivers/fsl_clock.o
 .text.CLOCK_GetFllRefClkFreq
                0x00000838       0x34 ./drivers/fsl_clock.o
 .text.CLOCK_GetOscRangeFromFreq
                0x0000086c       0x3c ./drivers/fsl_clock.o
 .text.CLOCK_GetOsc0ErClkFreq
                0x000008a8       0x44 ./drivers/fsl_clock.o
                0x000008a8                CLOCK_GetOsc0ErClkFreq
 .text.CLOCK_GetEr32kClkFreq
                0x000008ec       0x74 ./drivers/fsl_clock.o
                0x000008ec                CLOCK_GetEr32kClkFreq
 .text.CLOCK_GetPllFllSelClkFreq
                0x00000960       0x54 ./drivers/fsl_clock.o
                0x00000960                CLOCK_GetPllFllSelClkFreq
 .text.CLOCK_GetCoreSysClkFreq
                0x000009b4       0x28 ./drivers/fsl_clock.o
                0x000009b4                CLOCK_GetCoreSysClkFreq
 .text.CLOCK_GetFreq
                0x000009dc      0x140 ./drivers/fsl_clock.o
                0x000009dc                CLOCK_GetFreq
 .text.CLOCK_SetSimConfig
                0x00000b1c       0x34 ./drivers/fsl_clock.o
                0x00000b1c                CLOCK_SetSimConfig
 .text.CLOCK_GetOutClkFreq
                0x00000b50       0x64 ./drivers/fsl_clock.o
                0x00000b50                CLOCK_GetOutClkFreq
 .text.CLOCK_GetFllFreq
                0x00000bb4       0x84 ./drivers/fsl_clock.o
                0x00000bb4                CLOCK_GetFllFreq
 .text.CLOCK_GetInternalRefClkFreq
                0x00000c38       0x30 ./drivers/fsl_clock.o
                0x00000c38                CLOCK_GetInternalRefClkFreq
 .text.CLOCK_GetPll0Freq
                0x00000c68       0x78 ./drivers/fsl_clock.o
                0x00000c68                CLOCK_GetPll0Freq
 .text.CLOCK_SetExternalRefClkConfig
                0x00000ce0       0x6c ./drivers/fsl_clock.o
                0x00000ce0                CLOCK_SetExternalRefClkConfig
 .text.CLOCK_SetInternalRefClkConfig
                0x00000d4c      0x104 ./drivers/fsl_clock.o
                0x00000d4c                CLOCK_SetInternalRefClkConfig
 .text.CLOCK_EnablePll0
                0x00000e50       0x88 ./drivers/fsl_clock.o
                0x00000e50                CLOCK_EnablePll0
 .text.CLOCK_InitOsc0
                0x00000ed8       0x8c ./drivers/fsl_clock.o
                0x00000ed8                CLOCK_InitOsc0
 .text.CLOCK_SetPbeMode
                0x00000f64       0xa8 ./drivers/fsl_clock.o
                0x00000f64                CLOCK_SetPbeMode
 .text.CLOCK_BootToPeeMode
                0x0000100c       0x64 ./drivers/fsl_clock.o
                0x0000100c                CLOCK_BootToPeeMode
 .text.FLEXCAN_GetInstance
                0x00001070       0x44 ./drivers/fsl_flexcan.o
                0x00001070                FLEXCAN_GetInstance
 .text.FLEXCAN_Reset
                0x000010b4       0xc0 ./drivers/fsl_flexcan.o
 .text.FLEXCAN_SetBitRate
                0x00001174       0xb0 ./drivers/fsl_flexcan.o
 .text.FLEXCAN_Init
                0x00001224      0x188 ./drivers/fsl_flexcan.o
                0x00001224                FLEXCAN_Init
 .text.FLEXCAN_GetDefaultConfig
                0x000013ac       0x84 ./drivers/fsl_flexcan.o
                0x000013ac                FLEXCAN_GetDefaultConfig
 .text.FLEXCAN_SetTimingConfig
                0x00001430       0x7c ./drivers/fsl_flexcan.o
                0x00001430                FLEXCAN_SetTimingConfig
 .text.FLEXCAN_SetTxMbConfig
                0x000014ac       0xa4 ./drivers/fsl_flexcan.o
                0x000014ac                FLEXCAN_SetTxMbConfig
 .text.FLEXCAN_GetSegments
                0x00001550      0x22c ./drivers/fsl_flexcan.o
 .text.FLEXCAN_CalculateImprovedTimingValues
                0x0000177c       0xfc ./drivers/fsl_flexcan.o
                0x0000177c                FLEXCAN_CalculateImprovedTimingValues
 .text.FLEXCAN_SetRxMbConfig
                0x00001878       0xf8 ./drivers/fsl_flexcan.o
                0x00001878                FLEXCAN_SetRxMbConfig
 .text.FLEXCAN_WriteTxMb
                0x00001970      0x148 ./drivers/fsl_flexcan.o
                0x00001970                FLEXCAN_WriteTxMb
 .text.FLEXCAN_ReadRxMb
                0x00001ab8      0x124 ./drivers/fsl_flexcan.o
                0x00001ab8                FLEXCAN_ReadRxMb
 .text.CAN0_DriverIRQHandler
                0x00001bdc       0x3c ./drivers/fsl_flexcan.o
                0x00001bdc                CAN0_DriverIRQHandler
 .text.UART0_DriverIRQHandler
                0x00001c18       0x28 ./drivers/fsl_uart.o
                0x00001c18                UART0_DriverIRQHandler
 .text.UART1_DriverIRQHandler
                0x00001c40       0x28 ./drivers/fsl_uart.o
                0x00001c40                UART1_DriverIRQHandler
 .text.UART2_DriverIRQHandler
                0x00001c68       0x28 ./drivers/fsl_uart.o
                0x00001c68                UART2_DriverIRQHandler
 .text.UART3_DriverIRQHandler
                0x00001c90       0x28 ./drivers/fsl_uart.o
                0x00001c90                UART3_DriverIRQHandler
 .text.UART4_DriverIRQHandler
                0x00001cb8       0x28 ./drivers/fsl_uart.o
                0x00001cb8                UART4_DriverIRQHandler
 .text.UART5_DriverIRQHandler
                0x00001ce0       0x28 ./drivers/fsl_uart.o
                0x00001ce0                UART5_DriverIRQHandler
 .text.SystemInit
                0x00001d08       0x3c ./device/system_MK64F12.o
                0x00001d08                SystemInit
 .text.CLOCK_SetSimSafeDivs
                0x00001d44       0x20 ./board/clock_config.o
 .text.CLOCK_SetXtal0Freq
                0x00001d64       0x20 ./board/clock_config.o
 .text.CLOCK_CONFIG_SetFllExtRefDiv
                0x00001d84       0x3c ./board/clock_config.o
 .text.BOARD_BootClockRUN
                0x00001dc0       0x60 ./board/clock_config.o
                0x00001dc0                BOARD_BootClockRUN
 .text.BOARD_InitPins
                0x00001e20       0x44 ./board/pin_mux.o
                0x00001e20                BOARD_InitPins
 .text.malloc   0x00001e64       0xc8 e:/mcuxpressoide_11.4.1_6260/ide/plugins/com.nxp.mcuxpresso.tools.win32_11.4.0.202103011116/tools/bin/../lib/gcc/arm-none-eabi/10.2.1/../../../../arm-none-eabi/lib/thumb/v7e-m+fp/hard\libcr_c.a(alloc.o)
                0x00001e64                malloc
 .text._Csys_alloc
                0x00001f2c       0x20 e:/mcuxpressoide_11.4.1_6260/ide/plugins/com.nxp.mcuxpresso.tools.win32_11.4.0.202103011116/tools/bin/../lib/gcc/arm-none-eabi/10.2.1/../../../../arm-none-eabi/lib/thumb/v7e-m+fp/hard\libcr_c.a(alloc.o)
                0x00001f2c                _Csys_alloc
 .text._initio  0x00001f4c       0x78 e:/mcuxpressoide_11.4.1_6260/ide/plugins/com.nxp.mcuxpresso.tools.win32_11.4.0.202103011116/tools/bin/../lib/gcc/arm-none-eabi/10.2.1/../../../../arm-none-eabi/lib/thumb/v7e-m+fp/hard\libcr_c.a(initio.o)
                0x00001f4c                _initio
 .text.__vfprintf
                0x00001fc4      0xbf4 e:/mcuxpressoide_11.4.1_6260/ide/plugins/com.nxp.mcuxpresso.tools.win32_11.4.0.202103011116/tools/bin/../lib/gcc/arm-none-eabi/10.2.1/../../../../arm-none-eabi/lib/thumb/v7e-m+fp/hard\libcr_c.a(printf.o)
                0x00001fc4                __vfprintf
 .text._vsnprintf
                0x00002bb8       0x68 e:/mcuxpressoide_11.4.1_6260/ide/plugins/com.nxp.mcuxpresso.tools.win32_11.4.0.202103011116/tools/bin/../lib/gcc/arm-none-eabi/10.2.1/../../../../arm-none-eabi/lib/thumb/v7e-m+fp/hard\libcr_c.a(printf.o)
                0x00002bb8                _vsnprintf
 .text._printf  0x00002c20       0x54 e:/mcuxpressoide_11.4.1_6260/ide/plugins/com.nxp.mcuxpresso.tools.win32_11.4.0.202103011116/tools/bin/../lib/gcc/arm-none-eabi/10.2.1/../../../../arm-none-eabi/lib/thumb/v7e-m+fp/hard\libcr_c.a(printf.o)
                0x00002c20                _printf
 .text._sbrk    0x00002c74       0x3c e:/mcuxpressoide_11.4.1_6260/ide/plugins/com.nxp.mcuxpresso.tools.win32_11.4.0.202103011116/tools/bin/../lib/gcc/arm-none-eabi/10.2.1/../../../../arm-none-eabi/lib/thumb/v7e-m+fp/hard\libcr_c.a(_cr_sbrk.o)
                0x00002c74                _sbrk
 .text._Cwritebuf
                0x00002cb0       0x6c e:/mcuxpressoide_11.4.1_6260/ide/plugins/com.nxp.mcuxpresso.tools.win32_11.4.0.202103011116/tools/bin/../lib/gcc/arm-none-eabi/10.2.1/../../../../arm-none-eabi/lib/thumb/v7e-m+fp/hard\libcr_c.a(_writebuf.o)
                0x00002cb0                _Cwritebuf
 .text.fflush   0x00002d1c       0x3c e:/mcuxpressoide_11.4.1_6260/ide/plugins/com.nxp.mcuxpresso.tools.win32_11.4.0.202103011116/tools/bin/../lib/gcc/arm-none-eabi/10.2.1/../../../../arm-none-eabi/lib/thumb/v7e-m+fp/hard\libcr_c.a(fflush.o)
                0x00002d1c                fflush
 .text.fseek    0x00002d58      0x100 e:/mcuxpressoide_11.4.1_6260/ide/plugins/com.nxp.mcuxpresso.tools.win32_11.4.0.202103011116/tools/bin/../lib/gcc/arm-none-eabi/10.2.1/../../../../arm-none-eabi/lib/thumb/v7e-m+fp/hard\libcr_c.a(fseek.o)
                0x00002d58                fseek
 .text.ftell    0x00002e58       0x44 e:/mcuxpressoide_11.4.1_6260/ide/plugins/com.nxp.mcuxpresso.tools.win32_11.4.0.202103011116/tools/bin/../lib/gcc/arm-none-eabi/10.2.1/../../../../arm-none-eabi/lib/thumb/v7e-m+fp/hard\libcr_c.a(ftell.o)
                0x00002e58                ftell
 .text.__check_heap_overflow
                0x00002e9c       0x18 e:/mcuxpressoide_11.4.1_6260/ide/plugins/com.nxp.mcuxpresso.tools.win32_11.4.0.202103011116/tools/bin/../lib/gcc/arm-none-eabi/10.2.1/../../../../arm-none-eabi/lib/thumb/v7e-m+fp/hard\libcr_c.a(_cr_check_heap.o)
                0x00002e9c                __check_heap_overflow
 .text.__sys_appexit
                0x00002eb4        0xc e:/mcuxpressoide_11.4.1_6260/ide/plugins/com.nxp.mcuxpresso.tools.win32_11.4.0.202103011116/tools/bin/../lib/gcc/arm-none-eabi/10.2.1/../../../../arm-none-eabi/lib/thumb/v7e-m+fp/hard\libcr_semihost_nf.a(__sys_appexit.o)
                0x00002eb4                __sys_appexit
                0x00002eb4                __exit
 .text.DMA0_IRQHandler
                0x00002ec0        0x8 ./startup/startup_mk64f12.o
                0x00002ec0                DMA0_IRQHandler
 .text.DMA1_IRQHandler
                0x00002ec8        0x8 ./startup/startup_mk64f12.o
                0x00002ec8                DMA1_IRQHandler
 .text.DMA2_IRQHandler
                0x00002ed0        0x8 ./startup/startup_mk64f12.o
                0x00002ed0                DMA2_IRQHandler
 .text.DMA3_IRQHandler
                0x00002ed8        0x8 ./startup/startup_mk64f12.o
                0x00002ed8                DMA3_IRQHandler
 .text.DMA4_IRQHandler
                0x00002ee0        0x8 ./startup/startup_mk64f12.o
                0x00002ee0                DMA4_IRQHandler
 .text.DMA5_IRQHandler
                0x00002ee8        0x8 ./startup/startup_mk64f12.o
                0x00002ee8                DMA5_IRQHandler
 .text.DMA6_IRQHandler
                0x00002ef0        0x8 ./startup/startup_mk64f12.o
                0x00002ef0                DMA6_IRQHandler
 .text.DMA7_IRQHandler
                0x00002ef8        0x8 ./startup/startup_mk64f12.o
                0x00002ef8                DMA7_IRQHandler
 .text.DMA8_IRQHandler
                0x00002f00        0x8 ./startup/startup_mk64f12.o
                0x00002f00                DMA8_IRQHandler
 .text.DMA9_IRQHandler
                0x00002f08        0x8 ./startup/startup_mk64f12.o
                0x00002f08                DMA9_IRQHandler
 .text.DMA10_IRQHandler
                0x00002f10        0x8 ./startup/startup_mk64f12.o
                0x00002f10                DMA10_IRQHandler
 .text.DMA11_IRQHandler
                0x00002f18        0x8 ./startup/startup_mk64f12.o
                0x00002f18                DMA11_IRQHandler
 .text.DMA12_IRQHandler
                0x00002f20        0x8 ./startup/startup_mk64f12.o
                0x00002f20                DMA12_IRQHandler
 .text.DMA13_IRQHandler
                0x00002f28        0x8 ./startup/startup_mk64f12.o
                0x00002f28                DMA13_IRQHandler
 .text.DMA14_IRQHandler
                0x00002f30        0x8 ./startup/startup_mk64f12.o
                0x00002f30                DMA14_IRQHandler
 .text.DMA15_IRQHandler
                0x00002f38        0x8 ./startup/startup_mk64f12.o
                0x00002f38                DMA15_IRQHandler
 .text.DMA_Error_IRQHandler
                0x00002f40        0x8 ./startup/startup_mk64f12.o
                0x00002f40                DMA_Error_IRQHandler
 .text.MCM_IRQHandler
                0x00002f48        0x8 ./startup/startup_mk64f12.o
                0x00002f48                MCM_IRQHandler
 .text.FTFE_IRQHandler
                0x00002f50        0x8 ./startup/startup_mk64f12.o
                0x00002f50                FTFE_IRQHandler
 .text.Read_Collision_IRQHandler
                0x00002f58        0x8 ./startup/startup_mk64f12.o
                0x00002f58                Read_Collision_IRQHandler
 .text.LVD_LVW_IRQHandler
                0x00002f60        0x8 ./startup/startup_mk64f12.o
                0x00002f60                LVD_LVW_IRQHandler
 .text.LLWU_IRQHandler
                0x00002f68        0x8 ./startup/startup_mk64f12.o
                0x00002f68                LLWU_IRQHandler
 .text.WDOG_EWM_IRQHandler
                0x00002f70        0x8 ./startup/startup_mk64f12.o
                0x00002f70                WDOG_EWM_IRQHandler
 .text.RNG_IRQHandler
                0x00002f78        0x8 ./startup/startup_mk64f12.o
                0x00002f78                RNG_IRQHandler
 .text.I2C0_IRQHandler
                0x00002f80        0x8 ./startup/startup_mk64f12.o
                0x00002f80                I2C0_IRQHandler
 .text.I2C1_IRQHandler
                0x00002f88        0x8 ./startup/startup_mk64f12.o
                0x00002f88                I2C1_IRQHandler
 .text.SPI0_IRQHandler
                0x00002f90        0x8 ./startup/startup_mk64f12.o
                0x00002f90                SPI0_IRQHandler
 .text.SPI1_IRQHandler
                0x00002f98        0x8 ./startup/startup_mk64f12.o
                0x00002f98                SPI1_IRQHandler
 .text.I2S0_Tx_IRQHandler
                0x00002fa0        0x8 ./startup/startup_mk64f12.o
                0x00002fa0                I2S0_Tx_IRQHandler
 .text.I2S0_Rx_IRQHandler
                0x00002fa8        0x8 ./startup/startup_mk64f12.o
                0x00002fa8                I2S0_Rx_IRQHandler
 .text.UART0_LON_IRQHandler
                0x00002fb0        0x8 ./startup/startup_mk64f12.o
                0x00002fb0                UART0_LON_IRQHandler
 .text.UART0_RX_TX_IRQHandler
                0x00002fb8        0x8 ./startup/startup_mk64f12.o
                0x00002fb8                UART0_RX_TX_IRQHandler
 .text.UART0_ERR_IRQHandler
                0x00002fc0        0x8 ./startup/startup_mk64f12.o
                0x00002fc0                UART0_ERR_IRQHandler
 .text.UART1_RX_TX_IRQHandler
                0x00002fc8        0x8 ./startup/startup_mk64f12.o
                0x00002fc8                UART1_RX_TX_IRQHandler
 .text.UART1_ERR_IRQHandler
                0x00002fd0        0x8 ./startup/startup_mk64f12.o
                0x00002fd0                UART1_ERR_IRQHandler
 .text.UART2_RX_TX_IRQHandler
                0x00002fd8        0x8 ./startup/startup_mk64f12.o
                0x00002fd8                UART2_RX_TX_IRQHandler
 .text.UART2_ERR_IRQHandler
                0x00002fe0        0x8 ./startup/startup_mk64f12.o
                0x00002fe0                UART2_ERR_IRQHandler
 .text.UART3_RX_TX_IRQHandler
                0x00002fe8        0x8 ./startup/startup_mk64f12.o
                0x00002fe8                UART3_RX_TX_IRQHandler
 .text.UART3_ERR_IRQHandler
                0x00002ff0        0x8 ./startup/startup_mk64f12.o
                0x00002ff0                UART3_ERR_IRQHandler
 .text.ADC0_IRQHandler
                0x00002ff8        0x8 ./startup/startup_mk64f12.o
                0x00002ff8                ADC0_IRQHandler
 .text.CMP0_IRQHandler
                0x00003000        0x8 ./startup/startup_mk64f12.o
                0x00003000                CMP0_IRQHandler
 .text.CMP1_IRQHandler
                0x00003008        0x8 ./startup/startup_mk64f12.o
                0x00003008                CMP1_IRQHandler
 .text.FTM0_IRQHandler
                0x00003010        0x8 ./startup/startup_mk64f12.o
                0x00003010                FTM0_IRQHandler
 .text.FTM1_IRQHandler
                0x00003018        0x8 ./startup/startup_mk64f12.o
                0x00003018                FTM1_IRQHandler
 .text.FTM2_IRQHandler
                0x00003020        0x8 ./startup/startup_mk64f12.o
                0x00003020                FTM2_IRQHandler
 .text.CMT_IRQHandler
                0x00003028        0x8 ./startup/startup_mk64f12.o
                0x00003028                CMT_IRQHandler
 .text.RTC_IRQHandler
                0x00003030        0x8 ./startup/startup_mk64f12.o
                0x00003030                RTC_IRQHandler
 .text.RTC_Seconds_IRQHandler
                0x00003038        0x8 ./startup/startup_mk64f12.o
                0x00003038                RTC_Seconds_IRQHandler
 .text.PIT0_IRQHandler
                0x00003040        0x8 ./startup/startup_mk64f12.o
                0x00003040                PIT0_IRQHandler
 .text.PIT1_IRQHandler
                0x00003048        0x8 ./startup/startup_mk64f12.o
                0x00003048                PIT1_IRQHandler
 .text.PIT2_IRQHandler
                0x00003050        0x8 ./startup/startup_mk64f12.o
                0x00003050                PIT2_IRQHandler
 .text.PIT3_IRQHandler
                0x00003058        0x8 ./startup/startup_mk64f12.o
                0x00003058                PIT3_IRQHandler
 .text.PDB0_IRQHandler
                0x00003060        0x8 ./startup/startup_mk64f12.o
                0x00003060                PDB0_IRQHandler
 .text.USB0_IRQHandler
                0x00003068        0x8 ./startup/startup_mk64f12.o
                0x00003068                USB0_IRQHandler
 .text.USBDCD_IRQHandler
                0x00003070        0x8 ./startup/startup_mk64f12.o
                0x00003070                USBDCD_IRQHandler
 .text.Reserved71_IRQHandler
                0x00003078        0x8 ./startup/startup_mk64f12.o
                0x00003078                Reserved71_IRQHandler
 .text.DAC0_IRQHandler
                0x00003080        0x8 ./startup/startup_mk64f12.o
                0x00003080                DAC0_IRQHandler
 .text.MCG_IRQHandler
                0x00003088        0x8 ./startup/startup_mk64f12.o
                0x00003088                MCG_IRQHandler
 .text.LPTMR0_IRQHandler
                0x00003090        0x8 ./startup/startup_mk64f12.o
                0x00003090                LPTMR0_IRQHandler
 .text.PORTA_IRQHandler
                0x00003098        0x8 ./startup/startup_mk64f12.o
                0x00003098                PORTA_IRQHandler
 .text.PORTB_IRQHandler
                0x000030a0        0x8 ./startup/startup_mk64f12.o
                0x000030a0                PORTB_IRQHandler
 .text.PORTC_IRQHandler
                0x000030a8        0x8 ./startup/startup_mk64f12.o
                0x000030a8                PORTC_IRQHandler
 .text.PORTD_IRQHandler
                0x000030b0        0x8 ./startup/startup_mk64f12.o
                0x000030b0                PORTD_IRQHandler
 .text.PORTE_IRQHandler
                0x000030b8        0x8 ./startup/startup_mk64f12.o
                0x000030b8                PORTE_IRQHandler
 .text.SWI_IRQHandler
                0x000030c0        0x8 ./startup/startup_mk64f12.o
                0x000030c0                SWI_IRQHandler
 .text.SPI2_IRQHandler
                0x000030c8        0x8 ./startup/startup_mk64f12.o
                0x000030c8                SPI2_IRQHandler
 .text.UART4_RX_TX_IRQHandler
                0x000030d0        0x8 ./startup/startup_mk64f12.o
                0x000030d0                UART4_RX_TX_IRQHandler
 .text.UART4_ERR_IRQHandler
                0x000030d8        0x8 ./startup/startup_mk64f12.o
                0x000030d8                UART4_ERR_IRQHandler
 .text.UART5_RX_TX_IRQHandler
                0x000030e0        0x8 ./startup/startup_mk64f12.o
                0x000030e0                UART5_RX_TX_IRQHandler
 .text.UART5_ERR_IRQHandler
                0x000030e8        0x8 ./startup/startup_mk64f12.o
                0x000030e8                UART5_ERR_IRQHandler
 .text.CMP2_IRQHandler
                0x000030f0        0x8 ./startup/startup_mk64f12.o
                0x000030f0                CMP2_IRQHandler
 .text.FTM3_IRQHandler
                0x000030f8        0x8 ./startup/startup_mk64f12.o
                0x000030f8                FTM3_IRQHandler
 .text.DAC1_IRQHandler
                0x00003100        0x8 ./startup/startup_mk64f12.o
                0x00003100                DAC1_IRQHandler
 .text.ADC1_IRQHandler
                0x00003108        0x8 ./startup/startup_mk64f12.o
                0x00003108                ADC1_IRQHandler
 .text.I2C2_IRQHandler
                0x00003110        0x8 ./startup/startup_mk64f12.o
                0x00003110                I2C2_IRQHandler
 .text.CAN0_Bus_Off_IRQHandler
                0x00003118        0x8 ./startup/startup_mk64f12.o
                0x00003118                CAN0_Bus_Off_IRQHandler
 .text.CAN0_Error_IRQHandler
                0x00003120        0x8 ./startup/startup_mk64f12.o
                0x00003120                CAN0_Error_IRQHandler
 .text.CAN0_Tx_Warning_IRQHandler
                0x00003128        0x8 ./startup/startup_mk64f12.o
                0x00003128                CAN0_Tx_Warning_IRQHandler
 .text.CAN0_Rx_Warning_IRQHandler
                0x00003130        0x8 ./startup/startup_mk64f12.o
                0x00003130                CAN0_Rx_Warning_IRQHandler
 .text.CAN0_Wake_Up_IRQHandler
                0x00003138        0x8 ./startup/startup_mk64f12.o
                0x00003138                CAN0_Wake_Up_IRQHandler
 .text.SDHC_IRQHandler
                0x00003140        0x8 ./startup/startup_mk64f12.o
                0x00003140                SDHC_IRQHandler
 .text.ENET_1588_Timer_IRQHandler
                0x00003148        0x8 ./startup/startup_mk64f12.o
                0x00003148                ENET_1588_Timer_IRQHandler
 .text.ENET_Transmit_IRQHandler
                0x00003150        0x8 ./startup/startup_mk64f12.o
                0x00003150                ENET_Transmit_IRQHandler
 .text.ENET_Receive_IRQHandler
                0x00003158        0x8 ./startup/startup_mk64f12.o
                0x00003158                ENET_Receive_IRQHandler
 .text.ENET_Error_IRQHandler
                0x00003160        0x8 ./startup/startup_mk64f12.o
                0x00003160                ENET_Error_IRQHandler
 .text.EnableIRQ
                0x00003168       0x32 ./source/flexcan_loopback.o
 .text.FLEXCAN_GetMbStatusFlags
                0x0000319a       0x1e ./source/flexcan_loopback.o
 .text.FLEXCAN_ClearMbStatusFlags
                0x000031b8       0x1c ./source/flexcan_loopback.o
 .text.FLEXCAN_EnableMbInterrupts
                0x000031d4       0x22 ./source/flexcan_loopback.o
 .text.FLEXCAN_DisableMbInterrupts
                0x000031f6       0x24 ./source/flexcan_loopback.o
 .text.HardFault_Handler
                0x0000321a       0x2c ./source/semihost_hardfault.o
                0x0000321a                HardFault_Handler
 .text.OSC_SetExtRefClkConfig
                0x00003246       0x34 ./drivers/fsl_clock.o
 .text.OSC_SetCapLoad
                0x0000327a       0x34 ./drivers/fsl_clock.o
 .text.CLOCK_GetPll0RefFreq
                0x000032ae        0xe ./drivers/fsl_clock.o
 .text.CLOCK_GetFixedFreqClkFreq
                0x000032bc       0x34 ./drivers/fsl_clock.o
                0x000032bc                CLOCK_GetFixedFreqClkFreq
 .text.CLOCK_EnableClock
                0x000032f0       0x34 ./drivers/fsl_flexcan.o
 .text.FLEXCAN_GetMbStatusFlags
                0x00003324       0x1e ./drivers/fsl_flexcan.o
 .text.FLEXCAN_ClearMbStatusFlags
                0x00003342       0x1c ./drivers/fsl_flexcan.o
 .text.FLEXCAN_Enable
                0x0000335e       0x54 ./drivers/fsl_flexcan.o
 .text.FLEXCAN_EnterFreezeMode
                0x000033b2       0x3c ./drivers/fsl_flexcan.o
                0x000033b2                FLEXCAN_EnterFreezeMode
 .text.FLEXCAN_ExitFreezeMode
                0x000033ee       0x3c ./drivers/fsl_flexcan.o
                0x000033ee                FLEXCAN_ExitFreezeMode
 .text.FLEXCAN_IsMbOccupied
                0x0000342a       0x56 ./drivers/fsl_flexcan.o
 .text.FLEXCAN_TransferSendBlocking
                0x00003480       0x72 ./drivers/fsl_flexcan.o
                0x00003480                FLEXCAN_TransferSendBlocking
 .text.UART0_RX_TX_DriverIRQHandler
                0x000034f2       0x12 ./drivers/fsl_uart.o
                0x000034f2                UART0_RX_TX_DriverIRQHandler
 .text.UART1_RX_TX_DriverIRQHandler
                0x00003504       0x12 ./drivers/fsl_uart.o
                0x00003504                UART1_RX_TX_DriverIRQHandler
 .text.UART2_RX_TX_DriverIRQHandler
                0x00003516       0x12 ./drivers/fsl_uart.o
                0x00003516                UART2_RX_TX_DriverIRQHandler
 .text.UART3_RX_TX_DriverIRQHandler
                0x00003528       0x12 ./drivers/fsl_uart.o
                0x00003528                UART3_RX_TX_DriverIRQHandler
 .text.UART4_RX_TX_DriverIRQHandler
                0x0000353a       0x12 ./drivers/fsl_uart.o
                0x0000353a                UART4_RX_TX_DriverIRQHandler
 .text.UART5_RX_TX_DriverIRQHandler
                0x0000354c       0x12 ./drivers/fsl_uart.o
                0x0000354c                UART5_RX_TX_DriverIRQHandler
 .text.SystemInitHook
                0x0000355e        0xe ./device/system_MK64F12.o
                0x0000355e                SystemInitHook
 .text.DbgConsole_Init
                0x0000356c       0x20 ./board/board.o
 .text.BOARD_InitDebugConsole
                0x0000358c       0x22 ./board/board.o
                0x0000358c                BOARD_InitDebugConsole
 .text.BOARD_InitBootClocks
                0x000035ae        0xc ./board/clock_config.o
                0x000035ae                BOARD_InitBootClocks
 .text.CLOCK_EnableClock
                0x000035ba       0x34 ./board/pin_mux.o
 .text.PORT_SetPinMux
                0x000035ee       0x3a ./board/pin_mux.o
 .text.BOARD_InitBootPins
                0x00003628        0xc ./board/pin_mux.o
                0x00003628                BOARD_InitBootPins
 .text.__main   0x00003634        0xe e:/mcuxpressoide_11.4.1_6260/ide/plugins/com.nxp.mcuxpresso.tools.win32_11.4.0.202103011116/tools/bin/../lib/gcc/arm-none-eabi/10.2.1/../../../../arm-none-eabi/lib/thumb/v7e-m+fp/hard\libcr_semihost_nf.a(_cr__main.o)
                0x00003634                __CR_SEMIHOST
                0x00003634                __main
 .text.memcpy   0x00003642        0x4 e:/mcuxpressoide_11.4.1_6260/ide/plugins/com.nxp.mcuxpresso.tools.win32_11.4.0.202103011116/tools/bin/../lib/gcc/arm-none-eabi/10.2.1/../../../../arm-none-eabi/lib/thumb/v7e-m+fp/hard\libcr_c.a(memcpy.o)
                0x00003642                memcpy
 .text.memset   0x00003646        0x4 e:/mcuxpressoide_11.4.1_6260/ide/plugins/com.nxp.mcuxpresso.tools.win32_11.4.0.202103011116/tools/bin/../lib/gcc/arm-none-eabi/10.2.1/../../../../arm-none-eabi/lib/thumb/v7e-m+fp/hard\libcr_c.a(memset.o)
                0x00003646                memset
 .text.free     0x0000364a       0x30 e:/mcuxpressoide_11.4.1_6260/ide/plugins/com.nxp.mcuxpresso.tools.win32_11.4.0.202103011116/tools/bin/../lib/gcc/arm-none-eabi/10.2.1/../../../../arm-none-eabi/lib/thumb/v7e-m+fp/hard\libcr_c.a(alloc.o)
                0x0000364a                free
 .text.no_fp_display
                0x0000367a        0x4 e:/mcuxpressoide_11.4.1_6260/ide/plugins/com.nxp.mcuxpresso.tools.win32_11.4.0.202103011116/tools/bin/../lib/gcc/arm-none-eabi/10.2.1/../../../../arm-none-eabi/lib/thumb/v7e-m+fp/hard\libcr_c.a(printf.o)
 .text.setvbuf  0x0000367e       0x3e e:/mcuxpressoide_11.4.1_6260/ide/plugins/com.nxp.mcuxpresso.tools.win32_11.4.0.202103011116/tools/bin/../lib/gcc/arm-none-eabi/10.2.1/../../../../arm-none-eabi/lib/thumb/v7e-m+fp/hard\libcr_c.a(setvbuf.o)
                0x0000367e                setvbuf
 .text.strlen   0x000036bc       0x48 e:/mcuxpressoide_11.4.1_6260/ide/plugins/com.nxp.mcuxpresso.tools.win32_11.4.0.202103011116/tools/bin/../lib/gcc/arm-none-eabi/10.2.1/../../../../arm-none-eabi/lib/thumb/v7e-m+fp/hard\libcr_c.a(strlen.o)
                0x000036bc                strlen
 .text._deferredlazyseek
                0x00003704       0x40 e:/mcuxpressoide_11.4.1_6260/ide/plugins/com.nxp.mcuxpresso.tools.win32_11.4.0.202103011116/tools/bin/../lib/gcc/arm-none-eabi/10.2.1/../../../../arm-none-eabi/lib/thumb/v7e-m+fp/hard\libcr_c.a(_deferredlazyseek.o)
                0x00003704                _deferredlazyseek
 .text.__flsbuf
                0x00003744      0x140 e:/mcuxpressoide_11.4.1_6260/ide/plugins/com.nxp.mcuxpresso.tools.win32_11.4.0.202103011116/tools/bin/../lib/gcc/arm-none-eabi/10.2.1/../../../../arm-none-eabi/lib/thumb/v7e-m+fp/hard\libcr_c.a(_deferredlazyseek.o)
                0x00003744                __flsbuf
 .text._fdopen  0x00003884       0x68 e:/mcuxpressoide_11.4.1_6260/ide/plugins/com.nxp.mcuxpresso.tools.win32_11.4.0.202103011116/tools/bin/../lib/gcc/arm-none-eabi/10.2.1/../../../../arm-none-eabi/lib/thumb/v7e-m+fp/hard\libcr_c.a(_fdopen.o)
                0x00003884                _fdopen
 .text._fflush  0x000038ec       0x52 e:/mcuxpressoide_11.4.1_6260/ide/plugins/com.nxp.mcuxpresso.tools.win32_11.4.0.202103011116/tools/bin/../lib/gcc/arm-none-eabi/10.2.1/../../../../arm-none-eabi/lib/thumb/v7e-m+fp/hard\libcr_c.a(_fflush.o)
                0x000038ec                _fflush
 .text.fclose   0x0000393e       0x58 e:/mcuxpressoide_11.4.1_6260/ide/plugins/com.nxp.mcuxpresso.tools.win32_11.4.0.202103011116/tools/bin/../lib/gcc/arm-none-eabi/10.2.1/../../../../arm-none-eabi/lib/thumb/v7e-m+fp/hard\libcr_c.a(fclose.o)
                0x0000393e                fclose
 .text.remove   0x00003996       0x14 e:/mcuxpressoide_11.4.1_6260/ide/plugins/com.nxp.mcuxpresso.tools.win32_11.4.0.202103011116/tools/bin/../lib/gcc/arm-none-eabi/10.2.1/../../../../arm-none-eabi/lib/thumb/v7e-m+fp/hard\libcr_c.a(remove.o)
                0x00003996                remove
 .text._do_fflush
                0x000039aa       0x40 e:/mcuxpressoide_11.4.1_6260/ide/plugins/com.nxp.mcuxpresso.tools.win32_11.4.0.202103011116/tools/bin/../lib/gcc/arm-none-eabi/10.2.1/../../../../arm-none-eabi/lib/thumb/v7e-m+fp/hard\libcr_c.a(_do_fflush.o)
                0x000039aa                _do_fflush
 .text.__aeabi_memcpy
                0x000039ea       0x34 e:/mcuxpressoide_11.4.1_6260/ide/plugins/com.nxp.mcuxpresso.tools.win32_11.4.0.202103011116/tools/bin/../lib/gcc/arm-none-eabi/10.2.1/thumb/v7e-m+fp/hard\libcr_eabihelpers.a(memcpy.o)
                0x000039ea                __aeabi_memcpy
                0x000039f4                __aeabi_memcpy8
                0x000039f4                __aeabi_memcpy4
 .text.__aeabi_memset_lowlevel
                0x00003a1e       0x32 e:/mcuxpressoide_11.4.1_6260/ide/plugins/com.nxp.mcuxpresso.tools.win32_11.4.0.202103011116/tools/bin/../lib/gcc/arm-none-eabi/10.2.1/thumb/v7e-m+fp/hard\libcr_eabihelpers.a(memcpy.o)
                0x00003a1e                __aeabi_lowlevel_memset
 .text.__sys_close
                0x00003a50        0xc e:/mcuxpressoide_11.4.1_6260/ide/plugins/com.nxp.mcuxpresso.tools.win32_11.4.0.202103011116/tools/bin/../lib/gcc/arm-none-eabi/10.2.1/../../../../arm-none-eabi/lib/thumb/v7e-m+fp/hard\libcr_semihost_nf.a(__sys_close.o)
                0x00003a50                __sys_close
 .text.__sys_flen
                0x00003a5c        0xc e:/mcuxpressoide_11.4.1_6260/ide/plugins/com.nxp.mcuxpresso.tools.win32_11.4.0.202103011116/tools/bin/../lib/gcc/arm-none-eabi/10.2.1/../../../../arm-none-eabi/lib/thumb/v7e-m+fp/hard\libcr_semihost_nf.a(__sys_flen.o)
                0x00003a5c                __sys_flen
 .text.__sys_istty
                0x00003a68        0xc e:/mcuxpressoide_11.4.1_6260/ide/plugins/com.nxp.mcuxpresso.tools.win32_11.4.0.202103011116/tools/bin/../lib/gcc/arm-none-eabi/10.2.1/../../../../arm-none-eabi/lib/thumb/v7e-m+fp/hard\libcr_semihost_nf.a(__sys_istty.o)
                0x00003a68                __sys_istty
 .text.__sys_remove
                0x00003a74        0xc e:/mcuxpressoide_11.4.1_6260/ide/plugins/com.nxp.mcuxpresso.tools.win32_11.4.0.202103011116/tools/bin/../lib/gcc/arm-none-eabi/10.2.1/../../../../arm-none-eabi/lib/thumb/v7e-m+fp/hard\libcr_semihost_nf.a(__sys_remove.o)
                0x00003a74                __sys_remove
 .text.__sys_seek
                0x00003a80        0xc e:/mcuxpressoide_11.4.1_6260/ide/plugins/com.nxp.mcuxpresso.tools.win32_11.4.0.202103011116/tools/bin/../lib/gcc/arm-none-eabi/10.2.1/../../../../arm-none-eabi/lib/thumb/v7e-m+fp/hard\libcr_semihost_nf.a(__sys_seek.o)
                0x00003a80                __sys_seek
 .text.__sys_tmpnam
                0x00003a8c        0xc e:/mcuxpressoide_11.4.1_6260/ide/plugins/com.nxp.mcuxpresso.tools.win32_11.4.0.202103011116/tools/bin/../lib/gcc/arm-none-eabi/10.2.1/../../../../arm-none-eabi/lib/thumb/v7e-m+fp/hard\libcr_semihost_nf.a(__sys_tmpnam.o)
                0x00003a8c                __sys_tmpnam
 .text.__sys_write
                0x00003a98        0xc e:/mcuxpressoide_11.4.1_6260/ide/plugins/com.nxp.mcuxpresso.tools.win32_11.4.0.202103011116/tools/bin/../lib/gcc/arm-none-eabi/10.2.1/../../../../arm-none-eabi/lib/thumb/v7e-m+fp/hard\libcr_semihost_nf.a(__sys_write.o)
                0x00003a98                __sys_write
 *(SORT_BY_ALIGNMENT(.rodata) SORT_BY_ALIGNMENT(.rodata.*) SORT_BY_ALIGNMENT(.constdata) SORT_BY_ALIGNMENT(.constdata.*))
 .rodata.__assertion_failed.str1.4
                0x00003aa4       0x14 ./utilities/fsl_assert.o
 .rodata.main.str1.4
                0x00003ab8      0x14f ./source/flexcan_loopback.o
 *fill*         0x00003c07        0x1 ff
 .rodata.CLOCK_GetMcgExtClkFreq.str1.4
                0x00003c08       0x4e ./drivers/fsl_clock.o
 *fill*         0x00003c56        0x2 ff
 .rodata.CLOCK_GetOsc0ErClkFreq.str1.4
                0x00003c58       0x1f ./drivers/fsl_clock.o
 *fill*         0x00003c77        0x1 ff
 .rodata.CLOCK_GetEr32kClkFreq.str1.4
                0x00003c78       0x20 ./drivers/fsl_clock.o
 .rodata.CLOCK_GetPll0Freq.str1.4
                0x00003c98       0x1e ./drivers/fsl_clock.o
 *fill*         0x00003cb6        0x2 ff
 .rodata.CLOCK_EnablePll0.str1.4
                0x00003cb8       0x1b ./drivers/fsl_clock.o
 *fill*         0x00003cd3        0x1 ff
 .rodata.CLOCK_SetPbeMode.str1.4
                0x00003cd4       0x1b ./drivers/fsl_clock.o
 *fill*         0x00003cef        0x1 ff
 .rodata.CLOCK_BootToPeeMode.str1.4
                0x00003cf0       0x1b ./drivers/fsl_clock.o
 *fill*         0x00003d0b        0x1 ff
 .rodata.fllFactorTable.1
                0x00003d0c       0x10 ./drivers/fsl_clock.o
 .rodata.FLEXCAN_GetInstance.str1.4
                0x00003d1c       0x3b ./drivers/fsl_flexcan.o
 *fill*         0x00003d57        0x1 ff
 .rodata.FLEXCAN_Reset.str1.4
                0x00003d58       0x3b ./drivers/fsl_flexcan.o
 *fill*         0x00003d93        0x1 ff
 .rodata.FLEXCAN_SetBitRate.str1.4
                0x00003d94       0xbd ./drivers/fsl_flexcan.o
 *fill*         0x00003e51        0x3 ff
 .rodata.FLEXCAN_Init.str1.4
                0x00003e54       0xdf ./drivers/fsl_flexcan.o
 *fill*         0x00003f33        0x1 ff
 .rodata.FLEXCAN_GetDefaultConfig.str1.4
                0x00003f34       0x26 ./drivers/fsl_flexcan.o
 *fill*         0x00003f5a        0x2 ff
 .rodata.FLEXCAN_SetTimingConfig.str1.4
                0x00003f5c       0x26 ./drivers/fsl_flexcan.o
 *fill*         0x00003f82        0x2 ff
 .rodata.FLEXCAN_SetTxMbConfig.str1.4
                0x00003f84       0x79 ./drivers/fsl_flexcan.o
 *fill*         0x00003ffd        0x3 ff
 .rodata.FLEXCAN_CalculateImprovedTimingValues.str1.4
                0x00004000       0x31 ./drivers/fsl_flexcan.o
 *fill*         0x00004031        0x3 ff
 .rodata.FLEXCAN_SetRxMbConfig.str1.4
                0x00004034       0xbd ./drivers/fsl_flexcan.o
 *fill*         0x000040f1        0x3 ff
 .rodata.FLEXCAN_WriteTxMb.str1.4
                0x000040f4       0xd1 ./drivers/fsl_flexcan.o
 *fill*         0x000041c5        0x3 ff
 .rodata.FLEXCAN_ReadRxMb.str1.4
                0x000041c8       0xa1 ./drivers/fsl_flexcan.o
 *fill*         0x00004269        0x3 ff
 .rodata.CAN0_DriverIRQHandler.str1.4
                0x0000426c       0x31 ./drivers/fsl_flexcan.o
 *fill*         0x0000429d        0x3 ff
 .rodata.mcgConfig_BOARD_BootClockRUN
                0x000042a0        0xb ./board/clock_config.o
                0x000042a0                mcgConfig_BOARD_BootClockRUN
 *fill*         0x000042ab        0x1 ff
 .rodata.simConfig_BOARD_BootClockRUN
                0x000042ac        0x8 ./board/clock_config.o
                0x000042ac                simConfig_BOARD_BootClockRUN
 .rodata.oscConfig_BOARD_BootClockRUN
                0x000042b4        0x8 ./board/clock_config.o
                0x000042b4                oscConfig_BOARD_BootClockRUN
 .rodata.__num_Ciob_streams
                0x000042bc        0x4 e:/mcuxpressoide_11.4.1_6260/ide/plugins/com.nxp.mcuxpresso.tools.win32_11.4.0.202103011116/tools/bin/../lib/gcc/arm-none-eabi/10.2.1/../../../../arm-none-eabi/lib/thumb/v7e-m+fp/hard\libcr_semihost_nf.a(__ciob.o)
                0x000042bc                __num_Ciob_streams
 .rodata._Csys_alloc.str1.1
                0x000042c0       0x18 e:/mcuxpressoide_11.4.1_6260/ide/plugins/com.nxp.mcuxpresso.tools.win32_11.4.0.202103011116/tools/bin/../lib/gcc/arm-none-eabi/10.2.1/../../../../arm-none-eabi/lib/thumb/v7e-m+fp/hard\libcr_c.a(alloc.o)
 .rodata._initio.str1.1
                0x000042d8        0x4 e:/mcuxpressoide_11.4.1_6260/ide/plugins/com.nxp.mcuxpresso.tools.win32_11.4.0.202103011116/tools/bin/../lib/gcc/arm-none-eabi/10.2.1/../../../../arm-none-eabi/lib/thumb/v7e-m+fp/hard\libcr_c.a(initio.o)
 .rodata.__vfprintf.str1.1
                0x000042dc       0x37 e:/mcuxpressoide_11.4.1_6260/ide/plugins/com.nxp.mcuxpresso.tools.win32_11.4.0.202103011116/tools/bin/../lib/gcc/arm-none-eabi/10.2.1/../../../../arm-none-eabi/lib/thumb/v7e-m+fp/hard\libcr_c.a(printf.o)
                                 0x38 (size before relaxing)
                0x00004318                . = ALIGN (0x8)
 *fill*         0x00004313        0x5 ff

.glue_7         0x00004318        0x0
 .glue_7        0x00004318        0x0 linker stubs

.glue_7t        0x00004318        0x0
 .glue_7t       0x00004318        0x0 linker stubs

.vfp11_veneer   0x00004318        0x0
 .vfp11_veneer  0x00004318        0x0 linker stubs

.v4_bx          0x00004318        0x0
 .v4_bx         0x00004318        0x0 linker stubs

.iplt           0x00004318        0x0
 .iplt          0x00004318        0x0 ./utilities/fsl_assert.o

.rel.dyn        0x00004318        0x0
 .rel.iplt      0x00004318        0x0 ./utilities/fsl_assert.o

.ARM.extab
 *(SORT_BY_ALIGNMENT(.ARM.extab*) SORT_BY_ALIGNMENT(.gnu.linkonce.armextab.*))

.ARM.exidx      0x00004318        0x0
                0x00004318                __exidx_start = .
 *(SORT_BY_ALIGNMENT(.ARM.exidx*) SORT_BY_ALIGNMENT(.gnu.linkonce.armexidx.*))
                0x00004318                __exidx_end = .
                0x00004318                _etext = .

.m_usb_data
 *(SORT_BY_ALIGNMENT(m_usb_bdt))

.data_RAM2      0x1fff0000        0x0 load address 0x00004318
 FILL mask 0xff
                [!provide]                PROVIDE (__start_data_RAM2 = .)
                [!provide]                PROVIDE (__start_data_SRAM_LOWER = .)
 *(SORT_BY_ALIGNMENT(.ramfunc.$RAM2))
 *(SORT_BY_ALIGNMENT(.ramfunc.$SRAM_LOWER))
 *(SORT_BY_ALIGNMENT(.data.$RAM2))
 *(SORT_BY_ALIGNMENT(.data.$SRAM_LOWER))
 *(SORT_BY_ALIGNMENT(.data.$RAM2.*))
 *(SORT_BY_ALIGNMENT(.data.$SRAM_LOWER.*))
                0x1fff0000                . = ALIGN (0x8)
                [!provide]                PROVIDE (__end_data_RAM2 = .)
                [!provide]                PROVIDE (__end_data_SRAM_LOWER = .)

.data_RAM3      0x14000000        0x0 load address 0x00004318
 FILL mask 0xff
                [!provide]                PROVIDE (__start_data_RAM3 = .)
                [!provide]                PROVIDE (__start_data_FLEX_RAM = .)
 *(SORT_BY_ALIGNMENT(.ramfunc.$RAM3))
 *(SORT_BY_ALIGNMENT(.ramfunc.$FLEX_RAM))
 *(SORT_BY_ALIGNMENT(.data.$RAM3))
 *(SORT_BY_ALIGNMENT(.data.$FLEX_RAM))
 *(SORT_BY_ALIGNMENT(.data.$RAM3.*))
 *(SORT_BY_ALIGNMENT(.data.$FLEX_RAM.*))
                0x14000000                . = ALIGN (0x8)
                [!provide]                PROVIDE (__end_data_RAM3 = .)
                [!provide]                PROVIDE (__end_data_FLEX_RAM = .)

.uninit_RESERVED
                0x20000000        0x0
                0x20000000                _start_uninit_RESERVED = .
 *(SORT_BY_ALIGNMENT(.bss.$RESERVED*))
                0x20000000                . = ALIGN (0x8)
                0x20000000                _end_uninit_RESERVED = .

.data           0x20000000       0x10 load address 0x00004318
 FILL mask 0xff
                0x20000000                _data = .
                [!provide]                PROVIDE (__start_data_RAM = .)
                [!provide]                PROVIDE (__start_data_SRAM_UPPER = .)
 *(SORT_BY_ALIGNMENT(vtable))
 *(SORT_BY_ALIGNMENT(.ramfunc*))
 *(SORT_BY_ALIGNMENT(CodeQuickAccess))
 *(SORT_BY_ALIGNMENT(DataQuickAccess))
 *(SORT_BY_ALIGNMENT(RamFunction))
 *(SORT_BY_ALIGNMENT(.data*))
 .data.s_slowIrcFreq
                0x20000000        0x4 ./drivers/fsl_clock.o
 .data.s_fastIrcFreq
                0x20000004        0x4 ./drivers/fsl_clock.o
 .data.SystemCoreClock
                0x20000008        0x4 ./device/system_MK64F12.o
                0x20000008                SystemCoreClock
                0x20000010                . = ALIGN (0x8)
 *fill*         0x2000000c        0x4 ff
                0x20000010                _edata = .
                [!provide]                PROVIDE (__end_data_RAM = .)
                [!provide]                PROVIDE (__end_data_SRAM_UPPER = .)

.igot.plt       0x20000010        0x0 load address 0x00004328
 .igot.plt      0x20000010        0x0 ./utilities/fsl_assert.o

.bss_RAM2       0x1fff0000        0x0
                [!provide]                PROVIDE (__start_bss_RAM2 = .)
                [!provide]                PROVIDE (__start_bss_SRAM_LOWER = .)
 *(SORT_BY_ALIGNMENT(.bss.$RAM2))
 *(SORT_BY_ALIGNMENT(.bss.$SRAM_LOWER))
 *(SORT_BY_ALIGNMENT(.bss.$RAM2.*))
 *(SORT_BY_ALIGNMENT(.bss.$SRAM_LOWER.*))
                0x1fff0000                . = ALIGN ((. != 0x0)?0x8:0x1)
                [!provide]                PROVIDE (__end_bss_RAM2 = .)
                [!provide]                PROVIDE (__end_bss_SRAM_LOWER = .)

.bss_RAM3       0x14000000        0x0
                [!provide]                PROVIDE (__start_bss_RAM3 = .)
                [!provide]                PROVIDE (__start_bss_FLEX_RAM = .)
 *(SORT_BY_ALIGNMENT(.bss.$RAM3))
 *(SORT_BY_ALIGNMENT(.bss.$FLEX_RAM))
 *(SORT_BY_ALIGNMENT(.bss.$RAM3.*))
 *(SORT_BY_ALIGNMENT(.bss.$FLEX_RAM.*))
                0x14000000                . = ALIGN ((. != 0x0)?0x8:0x1)
                [!provide]                PROVIDE (__end_bss_RAM3 = .)
                [!provide]                PROVIDE (__end_bss_FLEX_RAM = .)

.bss            0x20000010      0x110
                0x20000010                _bss = .
                [!provide]                PROVIDE (__start_bss_RAM = .)
                [!provide]                PROVIDE (__start_bss_SRAM_UPPER = .)
 *(SORT_BY_ALIGNMENT(.bss*))
 .bss.txFrame   0x20000010       0x10 ./source/flexcan_loopback.o
                0x20000010                txFrame
 .bss.rxFrame   0x20000020       0x10 ./source/flexcan_loopback.o
                0x20000020                rxFrame
 .bss.g_xtal0Freq
                0x20000030        0x4 ./drivers/fsl_clock.o
                0x20000030                g_xtal0Freq
 .bss.g_xtal32Freq
                0x20000034        0x4 ./drivers/fsl_clock.o
                0x20000034                g_xtal32Freq
 .bss.s_flexcanHandle
                0x20000038        0x4 ./drivers/fsl_flexcan.o
 .bss.s_flexcanIsr
                0x2000003c        0x4 ./drivers/fsl_flexcan.o
 .bss.s_uartHandle
                0x20000040       0x18 ./drivers/fsl_uart.o
                0x20000040                s_uartHandle
 .bss.s_uartIsr
                0x20000058        0x4 ./drivers/fsl_uart.o
                0x20000058                s_uartIsr
 .bss.__end_of_heap
                0x2000005c        0x4 e:/mcuxpressoide_11.4.1_6260/ide/plugins/com.nxp.mcuxpresso.tools.win32_11.4.0.202103011116/tools/bin/../lib/gcc/arm-none-eabi/10.2.1/../../../../arm-none-eabi/lib/thumb/v7e-m+fp/hard\libcr_c.a(__init_alloc.o)
                0x2000005c                __end_of_heap
 .bss.__heaps   0x20000060        0x4 e:/mcuxpressoide_11.4.1_6260/ide/plugins/com.nxp.mcuxpresso.tools.win32_11.4.0.202103011116/tools/bin/../lib/gcc/arm-none-eabi/10.2.1/../../../../arm-none-eabi/lib/thumb/v7e-m+fp/hard\libcr_c.a(__init_alloc.o)
                0x20000060                __heaps
 .bss.errno     0x20000064        0x4 e:/mcuxpressoide_11.4.1_6260/ide/plugins/com.nxp.mcuxpresso.tools.win32_11.4.0.202103011116/tools/bin/../lib/gcc/arm-none-eabi/10.2.1/../../../../arm-none-eabi/lib/thumb/v7e-m+fp/hard\libcr_c.a(errno.o)
                0x20000064                errno
 .bss.__Ciob    0x20000068       0xb4 e:/mcuxpressoide_11.4.1_6260/ide/plugins/com.nxp.mcuxpresso.tools.win32_11.4.0.202103011116/tools/bin/../lib/gcc/arm-none-eabi/10.2.1/../../../../arm-none-eabi/lib/thumb/v7e-m+fp/hard\libcr_semihost_nf.a(__ciob.o)
                0x20000068                __Ciob
 .bss.rxComplete
                0x2000011c        0x1 ./source/flexcan_loopback.o
                0x2000011c                rxComplete
 *(SORT_BY_ALIGNMENT(COMMON))
                0x20000120                . = ALIGN (0x8)
 *fill*         0x2000011d        0x3 
                0x20000120                _ebss = .
                [!provide]                PROVIDE (__end_bss_RAM = .)
                [!provide]                PROVIDE (__end_bss_SRAM_UPPER = .)
                [!provide]                PROVIDE (end = .)

.noinit_RAM2    0x1fff0000        0x0
                [!provide]                PROVIDE (__start_noinit_RAM2 = .)
                [!provide]                PROVIDE (__start_noinit_SRAM_LOWER = .)
 *(SORT_BY_ALIGNMENT(.noinit.$RAM2))
 *(SORT_BY_ALIGNMENT(.noinit.$SRAM_LOWER))
 *(SORT_BY_ALIGNMENT(.noinit.$RAM2.*))
 *(SORT_BY_ALIGNMENT(.noinit.$SRAM_LOWER.*))
                0x1fff0000                . = ALIGN (0x8)
                [!provide]                PROVIDE (__end_noinit_RAM2 = .)
                [!provide]                PROVIDE (__end_noinit_SRAM_LOWER = .)

.noinit_RAM3    0x14000000        0x0
                [!provide]                PROVIDE (__start_noinit_RAM3 = .)
                [!provide]                PROVIDE (__start_noinit_FLEX_RAM = .)
 *(SORT_BY_ALIGNMENT(.noinit.$RAM3))
 *(SORT_BY_ALIGNMENT(.noinit.$FLEX_RAM))
 *(SORT_BY_ALIGNMENT(.noinit.$RAM3.*))
 *(SORT_BY_ALIGNMENT(.noinit.$FLEX_RAM.*))
                0x14000000                . = ALIGN (0x8)
                [!provide]                PROVIDE (__end_noinit_RAM3 = .)
                [!provide]                PROVIDE (__end_noinit_FLEX_RAM = .)

.noinit         0x20000120        0x0
                0x20000120                _noinit = .
                [!provide]                PROVIDE (__start_noinit_RAM = .)
                [!provide]                PROVIDE (__start_noinit_SRAM_UPPER = .)
 *(SORT_BY_ALIGNMENT(.noinit*))
                0x20000120                . = ALIGN (0x8)
                0x20000120                _end_noinit = .
                [!provide]                PROVIDE (__end_noinit_RAM = .)
                [!provide]                PROVIDE (__end_noinit_SRAM_UPPER = .)
                0x00001000                _HeapSize = 0x1000

.heap           0x20000120     0x1000
                0x20000120                _pvHeapStart = .
                0x20001120                . = (. + _HeapSize)
 *fill*         0x20000120     0x1000 
                0x20001120                . = ALIGN (0x8)
                0x20001120                _pvHeapLimit = .
                0x00001000                _StackSize = 0x1000

.heap2stackfill
                0x20001120     0x1000
                0x20002120                . = (. + _StackSize)
 *fill*         0x20001120     0x1000 

.stack          0x2002f000        0x0
                0x2002f000                _vStackBase = .
                0x2002f000                . = ALIGN (0x8)
                0x20030000                _vStackTop = (. + _StackSize)
                0x00000000                _image_start = LOADADDR (.text)
                0x00004328                _image_end = (LOADADDR (.data) + SIZEOF (.data))
                0x00004328                _image_size = (_image_end - _image_start)
OUTPUT(frdmk64f_flexcan_loopback.axf elf32-littlearm)
LOAD linker stubs

.debug_info     0x00000000     0x9927
 .debug_info    0x00000000       0xaa ./utilities/fsl_assert.o
 .debug_info    0x000000aa      0x93a ./startup/startup_mk64f12.o
 .debug_info    0x000009e4      0xfa0 ./source/flexcan_loopback.o
 .debug_info    0x00001984       0x3c ./source/semihost_hardfault.o
 .debug_info    0x000019c0     0x21ab ./drivers/fsl_clock.o
 .debug_info    0x00003b6b     0x2484 ./drivers/fsl_flexcan.o
 .debug_info    0x00005fef     0x1f78 ./drivers/fsl_uart.o
 .debug_info    0x00007f67      0x649 ./device/system_MK64F12.o
 .debug_info    0x000085b0      0x18a ./board/board.o
 .debug_info    0x0000873a      0xbc7 ./board/clock_config.o
 .debug_info    0x00009301      0x626 ./board/pin_mux.o

.debug_abbrev   0x00000000     0x14be
 .debug_abbrev  0x00000000       0x66 ./utilities/fsl_assert.o
 .debug_abbrev  0x00000066      0x185 ./startup/startup_mk64f12.o
 .debug_abbrev  0x000001eb      0x280 ./source/flexcan_loopback.o
 .debug_abbrev  0x0000046b       0x31 ./source/semihost_hardfault.o
 .debug_abbrev  0x0000049c      0x359 ./drivers/fsl_clock.o
 .debug_abbrev  0x000007f5      0x2f1 ./drivers/fsl_flexcan.o
 .debug_abbrev  0x00000ae6      0x42e ./drivers/fsl_uart.o
 .debug_abbrev  0x00000f14      0x148 ./device/system_MK64F12.o
 .debug_abbrev  0x0000105c       0xc5 ./board/board.o
 .debug_abbrev  0x00001121      0x214 ./board/clock_config.o
 .debug_abbrev  0x00001335      0x189 ./board/pin_mux.o

.debug_aranges  0x00000000      0xa08
 .debug_aranges
                0x00000000       0x20 ./utilities/fsl_assert.o
 .debug_aranges
                0x00000020      0x330 ./startup/startup_mk64f12.o
 .debug_aranges
                0x00000350       0x58 ./source/flexcan_loopback.o
 .debug_aranges
                0x000003a8       0x20 ./source/semihost_hardfault.o
 .debug_aranges
                0x000003c8      0x1f8 ./drivers/fsl_clock.o
 .debug_aranges
                0x000005c0      0x1a8 ./drivers/fsl_flexcan.o
 .debug_aranges
                0x00000768      0x1b8 ./drivers/fsl_uart.o
 .debug_aranges
                0x00000920       0x30 ./device/system_MK64F12.o
 .debug_aranges
                0x00000950       0x28 ./board/board.o
 .debug_aranges
                0x00000978       0x58 ./board/clock_config.o
 .debug_aranges
                0x000009d0       0x38 ./board/pin_mux.o

.debug_ranges   0x00000000      0x970
 .debug_ranges  0x00000000       0x10 ./utilities/fsl_assert.o
 .debug_ranges  0x00000010      0x320 ./startup/startup_mk64f12.o
 .debug_ranges  0x00000330       0x48 ./source/flexcan_loopback.o
 .debug_ranges  0x00000378       0x10 ./source/semihost_hardfault.o
 .debug_ranges  0x00000388      0x1e8 ./drivers/fsl_clock.o
 .debug_ranges  0x00000570      0x1b0 ./drivers/fsl_flexcan.o
 .debug_ranges  0x00000720      0x1a8 ./drivers/fsl_uart.o
 .debug_ranges  0x000008c8       0x20 ./device/system_MK64F12.o
 .debug_ranges  0x000008e8       0x18 ./board/board.o
 .debug_ranges  0x00000900       0x48 ./board/clock_config.o
 .debug_ranges  0x00000948       0x28 ./board/pin_mux.o

.debug_macro    0x00000000    0x1368a
 .debug_macro   0x00000000      0x12d ./utilities/fsl_assert.o
 .debug_macro   0x0000012d      0xaba ./utilities/fsl_assert.o
 .debug_macro   0x00000be7       0x10 ./utilities/fsl_assert.o
 .debug_macro   0x00000bf7       0x1c ./utilities/fsl_assert.o
 .debug_macro   0x00000c13       0x22 ./utilities/fsl_assert.o
 .debug_macro   0x00000c35      0x12e ./utilities/fsl_assert.o
 .debug_macro   0x00000d63      0x5b3 ./utilities/fsl_assert.o
 .debug_macro   0x00001316       0x22 ./utilities/fsl_assert.o
 .debug_macro   0x00001338       0x10 ./utilities/fsl_assert.o
 .debug_macro   0x00001348       0x58 ./utilities/fsl_assert.o
 .debug_macro   0x000013a0       0x1c ./utilities/fsl_assert.o
 .debug_macro   0x000013bc       0x22 ./utilities/fsl_assert.o
 .debug_macro   0x000013de       0xfb ./utilities/fsl_assert.o
 .debug_macro   0x000014d9      0xeeb ./utilities/fsl_assert.o
 .debug_macro   0x000023c4       0x40 ./utilities/fsl_assert.o
 .debug_macro   0x00002404     0xec5f ./utilities/fsl_assert.o
 .debug_macro   0x00011063     0x12e8 ./utilities/fsl_assert.o
 .debug_macro   0x0001234b       0x7a ./utilities/fsl_assert.o
 .debug_macro   0x000123c5       0xa1 ./utilities/fsl_assert.o
 .debug_macro   0x00012466      0x174 ./utilities/fsl_assert.o
 .debug_macro   0x000125da       0x1c ./utilities/fsl_assert.o
 .debug_macro   0x000125f6       0xd2 ./utilities/fsl_assert.o
 .debug_macro   0x000126c8       0x2e ./utilities/fsl_assert.o
 .debug_macro   0x000126f6       0x29 ./startup/startup_mk64f12.o
 .debug_macro   0x0001271f      0x1af ./source/flexcan_loopback.o
 .debug_macro   0x000128ce       0xee ./source/flexcan_loopback.o
 .debug_macro   0x000129bc       0x10 ./source/flexcan_loopback.o
 .debug_macro   0x000129cc       0x1c ./source/flexcan_loopback.o
 .debug_macro   0x000129e8       0x16 ./source/flexcan_loopback.o
 .debug_macro   0x000129fe       0x16 ./source/flexcan_loopback.o
 .debug_macro   0x00012a14      0x1ab ./source/flexcan_loopback.o
 .debug_macro   0x00012bbf       0x11 ./source/semihost_hardfault.o
 .debug_macro   0x00012bd0      0x1d8 ./drivers/fsl_clock.o
 .debug_macro   0x00012da8      0x247 ./drivers/fsl_flexcan.o
 .debug_macro   0x00012fef       0xe8 ./drivers/fsl_flexcan.o
 .debug_macro   0x000130d7      0x127 ./drivers/fsl_uart.o
 .debug_macro   0x000131fe       0x10 ./drivers/fsl_uart.o
 .debug_macro   0x0001320e       0x98 ./device/system_MK64F12.o
 .debug_macro   0x000132a6      0x15d ./board/board.o
 .debug_macro   0x00013403       0x16 ./board/board.o
 .debug_macro   0x00013419      0x153 ./board/clock_config.o
 .debug_macro   0x0001356c      0x11e ./board/pin_mux.o

.debug_line     0x00000000     0x6227
 .debug_line    0x00000000      0x3ac ./utilities/fsl_assert.o
 .debug_line    0x000003ac      0x911 ./startup/startup_mk64f12.o
 .debug_line    0x00000cbd      0x612 ./source/flexcan_loopback.o
 .debug_line    0x000012cf       0x59 ./source/semihost_hardfault.o
 .debug_line    0x00001328     0x14ea ./drivers/fsl_clock.o
 .debug_line    0x00002812     0x1477 ./drivers/fsl_flexcan.o
 .debug_line    0x00003c89     0x14c6 ./drivers/fsl_uart.o
 .debug_line    0x0000514f      0x3ed ./device/system_MK64F12.o
 .debug_line    0x0000553c      0x450 ./board/board.o
 .debug_line    0x0000598c      0x48b ./board/clock_config.o
 .debug_line    0x00005e17      0x410 ./board/pin_mux.o

.debug_str      0x00000000    0x8220c
 .debug_str     0x00000000    0x79eb0 ./utilities/fsl_assert.o
                              0x79f4d (size before relaxing)
 .debug_str     0x00079eb0      0x7bc ./startup/startup_mk64f12.o
                               0x365c (size before relaxing)
 .debug_str     0x0007a66c     0x31ac ./source/flexcan_loopback.o
                              0x7d1d5 (size before relaxing)
 .debug_str     0x0007d818       0x1f ./source/semihost_hardfault.o
                               0x2e01 (size before relaxing)
 .debug_str     0x0007d837     0x1c91 ./drivers/fsl_clock.o
                              0x7c34f (size before relaxing)
 .debug_str     0x0007f4c8     0x1746 ./drivers/fsl_flexcan.o
                              0x7d81a (size before relaxing)
 .debug_str     0x00080c0e      0xf22 ./drivers/fsl_uart.o
                              0x7bc89 (size before relaxing)
 .debug_str     0x00081b30      0x11f ./device/system_MK64F12.o
                              0x78441 (size before relaxing)
 .debug_str     0x00081c4f       0x8f ./board/board.o
                              0x7ad36 (size before relaxing)
 .debug_str     0x00081cde      0x3b7 ./board/clock_config.o
                              0x7acb6 (size before relaxing)
 .debug_str     0x00082095      0x177 ./board/pin_mux.o
                              0x7a0e2 (size before relaxing)

.comment        0x00000000       0x4d
 .comment       0x00000000       0x4d ./utilities/fsl_assert.o
                                 0x4e (size before relaxing)
 .comment       0x0000004d       0x4e ./startup/startup_mk64f12.o
 .comment       0x0000004d       0x4e ./source/flexcan_loopback.o
 .comment       0x0000004d       0x4e ./source/semihost_hardfault.o
 .comment       0x0000004d       0x4e ./drivers/fsl_clock.o
 .comment       0x0000004d       0x4e ./drivers/fsl_flexcan.o
 .comment       0x0000004d       0x4e ./drivers/fsl_uart.o
 .comment       0x0000004d       0x4e ./device/system_MK64F12.o
 .comment       0x0000004d       0x4e ./board/board.o
 .comment       0x0000004d       0x4e ./board/clock_config.o
 .comment       0x0000004d       0x4e ./board/pin_mux.o
 .comment       0x0000004d       0x4e e:/mcuxpressoide_11.4.1_6260/ide/plugins/com.nxp.mcuxpresso.tools.win32_11.4.0.202103011116/tools/bin/../lib/gcc/arm-none-eabi/10.2.1/../../../../arm-none-eabi/lib/thumb/v7e-m+fp/hard\libcr_semihost_nf.a(_cr__main.o)
 .comment       0x0000004d       0x4e e:/mcuxpressoide_11.4.1_6260/ide/plugins/com.nxp.mcuxpresso.tools.win32_11.4.0.202103011116/tools/bin/../lib/gcc/arm-none-eabi/10.2.1/../../../../arm-none-eabi/lib/thumb/v7e-m+fp/hard\libcr_c.a(memcpy.o)
 .comment       0x0000004d       0x4e e:/mcuxpressoide_11.4.1_6260/ide/plugins/com.nxp.mcuxpresso.tools.win32_11.4.0.202103011116/tools/bin/../lib/gcc/arm-none-eabi/10.2.1/../../../../arm-none-eabi/lib/thumb/v7e-m+fp/hard\libcr_c.a(memset.o)
 .comment       0x0000004d       0x4e e:/mcuxpressoide_11.4.1_6260/ide/plugins/com.nxp.mcuxpresso.tools.win32_11.4.0.202103011116/tools/bin/../lib/gcc/arm-none-eabi/10.2.1/../../../../arm-none-eabi/lib/thumb/v7e-m+fp/hard\libcr_c.a(alloc.o)
 .comment       0x0000004d       0x4e e:/mcuxpressoide_11.4.1_6260/ide/plugins/com.nxp.mcuxpresso.tools.win32_11.4.0.202103011116/tools/bin/../lib/gcc/arm-none-eabi/10.2.1/../../../../arm-none-eabi/lib/thumb/v7e-m+fp/hard\libcr_c.a(initio.o)
 .comment       0x0000004d       0x4e e:/mcuxpressoide_11.4.1_6260/ide/plugins/com.nxp.mcuxpresso.tools.win32_11.4.0.202103011116/tools/bin/../lib/gcc/arm-none-eabi/10.2.1/../../../../arm-none-eabi/lib/thumb/v7e-m+fp/hard\libcr_c.a(printf.o)
 .comment       0x0000004d       0x4e e:/mcuxpressoide_11.4.1_6260/ide/plugins/com.nxp.mcuxpresso.tools.win32_11.4.0.202103011116/tools/bin/../lib/gcc/arm-none-eabi/10.2.1/../../../../arm-none-eabi/lib/thumb/v7e-m+fp/hard\libcr_c.a(setvbuf.o)
 .comment       0x0000004d       0x4e e:/mcuxpressoide_11.4.1_6260/ide/plugins/com.nxp.mcuxpresso.tools.win32_11.4.0.202103011116/tools/bin/../lib/gcc/arm-none-eabi/10.2.1/../../../../arm-none-eabi/lib/thumb/v7e-m+fp/hard\libcr_c.a(strlen.o)
 .comment       0x0000004d       0x4e e:/mcuxpressoide_11.4.1_6260/ide/plugins/com.nxp.mcuxpresso.tools.win32_11.4.0.202103011116/tools/bin/../lib/gcc/arm-none-eabi/10.2.1/../../../../arm-none-eabi/lib/thumb/v7e-m+fp/hard\libcr_c.a(__init_alloc.o)
 .comment       0x0000004d       0x4e e:/mcuxpressoide_11.4.1_6260/ide/plugins/com.nxp.mcuxpresso.tools.win32_11.4.0.202103011116/tools/bin/../lib/gcc/arm-none-eabi/10.2.1/../../../../arm-none-eabi/lib/thumb/v7e-m+fp/hard\libcr_c.a(_cr_sbrk.o)
 .comment       0x0000004d       0x4e e:/mcuxpressoide_11.4.1_6260/ide/plugins/com.nxp.mcuxpresso.tools.win32_11.4.0.202103011116/tools/bin/../lib/gcc/arm-none-eabi/10.2.1/../../../../arm-none-eabi/lib/thumb/v7e-m+fp/hard\libcr_c.a(_deferredlazyseek.o)
 .comment       0x0000004d       0x4e e:/mcuxpressoide_11.4.1_6260/ide/plugins/com.nxp.mcuxpresso.tools.win32_11.4.0.202103011116/tools/bin/../lib/gcc/arm-none-eabi/10.2.1/../../../../arm-none-eabi/lib/thumb/v7e-m+fp/hard\libcr_c.a(_fdopen.o)
 .comment       0x0000004d       0x4e e:/mcuxpressoide_11.4.1_6260/ide/plugins/com.nxp.mcuxpresso.tools.win32_11.4.0.202103011116/tools/bin/../lib/gcc/arm-none-eabi/10.2.1/../../../../arm-none-eabi/lib/thumb/v7e-m+fp/hard\libcr_c.a(_fflush.o)
 .comment       0x0000004d       0x4e e:/mcuxpressoide_11.4.1_6260/ide/plugins/com.nxp.mcuxpresso.tools.win32_11.4.0.202103011116/tools/bin/../lib/gcc/arm-none-eabi/10.2.1/../../../../arm-none-eabi/lib/thumb/v7e-m+fp/hard\libcr_c.a(_writebuf.o)
 .comment       0x0000004d       0x4e e:/mcuxpressoide_11.4.1_6260/ide/plugins/com.nxp.mcuxpresso.tools.win32_11.4.0.202103011116/tools/bin/../lib/gcc/arm-none-eabi/10.2.1/../../../../arm-none-eabi/lib/thumb/v7e-m+fp/hard\libcr_c.a(errno.o)
 .comment       0x0000004d       0x4e e:/mcuxpressoide_11.4.1_6260/ide/plugins/com.nxp.mcuxpresso.tools.win32_11.4.0.202103011116/tools/bin/../lib/gcc/arm-none-eabi/10.2.1/../../../../arm-none-eabi/lib/thumb/v7e-m+fp/hard\libcr_c.a(fclose.o)
 .comment       0x0000004d       0x4e e:/mcuxpressoide_11.4.1_6260/ide/plugins/com.nxp.mcuxpresso.tools.win32_11.4.0.202103011116/tools/bin/../lib/gcc/arm-none-eabi/10.2.1/../../../../arm-none-eabi/lib/thumb/v7e-m+fp/hard\libcr_c.a(fflush.o)
 .comment       0x0000004d       0x4e e:/mcuxpressoide_11.4.1_6260/ide/plugins/com.nxp.mcuxpresso.tools.win32_11.4.0.202103011116/tools/bin/../lib/gcc/arm-none-eabi/10.2.1/../../../../arm-none-eabi/lib/thumb/v7e-m+fp/hard\libcr_c.a(fseek.o)
 .comment       0x0000004d       0x4e e:/mcuxpressoide_11.4.1_6260/ide/plugins/com.nxp.mcuxpresso.tools.win32_11.4.0.202103011116/tools/bin/../lib/gcc/arm-none-eabi/10.2.1/../../../../arm-none-eabi/lib/thumb/v7e-m+fp/hard\libcr_c.a(ftell.o)
 .comment       0x0000004d       0x4e e:/mcuxpressoide_11.4.1_6260/ide/plugins/com.nxp.mcuxpresso.tools.win32_11.4.0.202103011116/tools/bin/../lib/gcc/arm-none-eabi/10.2.1/../../../../arm-none-eabi/lib/thumb/v7e-m+fp/hard\libcr_c.a(remove.o)
 .comment       0x0000004d       0x4e e:/mcuxpressoide_11.4.1_6260/ide/plugins/com.nxp.mcuxpresso.tools.win32_11.4.0.202103011116/tools/bin/../lib/gcc/arm-none-eabi/10.2.1/../../../../arm-none-eabi/lib/thumb/v7e-m+fp/hard\libcr_c.a(_cr_check_heap.o)
 .comment       0x0000004d       0x4e e:/mcuxpressoide_11.4.1_6260/ide/plugins/com.nxp.mcuxpresso.tools.win32_11.4.0.202103011116/tools/bin/../lib/gcc/arm-none-eabi/10.2.1/../../../../arm-none-eabi/lib/thumb/v7e-m+fp/hard\libcr_c.a(_do_fflush.o)
 .comment       0x0000004d       0x4e e:/mcuxpressoide_11.4.1_6260/ide/plugins/com.nxp.mcuxpresso.tools.win32_11.4.0.202103011116/tools/bin/../lib/gcc/arm-none-eabi/10.2.1/../../../../arm-none-eabi/lib/thumb/v7e-m+fp/hard\libcr_semihost_nf.a(__ciob.o)

.ARM.attributes
                0x00000000       0x32
 .ARM.attributes
                0x00000000       0x34 ./utilities/fsl_assert.o
 .ARM.attributes
                0x00000034       0x34 ./startup/startup_mk64f12.o
 .ARM.attributes
                0x00000068       0x34 ./source/flexcan_loopback.o
 .ARM.attributes
                0x0000009c       0x34 ./source/semihost_hardfault.o
 .ARM.attributes
                0x000000d0       0x34 ./drivers/fsl_clock.o
 .ARM.attributes
                0x00000104       0x34 ./drivers/fsl_flexcan.o
 .ARM.attributes
                0x00000138       0x34 ./drivers/fsl_uart.o
 .ARM.attributes
                0x0000016c       0x34 ./device/system_MK64F12.o
 .ARM.attributes
                0x000001a0       0x34 ./board/board.o
 .ARM.attributes
                0x000001d4       0x34 ./board/clock_config.o
 .ARM.attributes
                0x00000208       0x34 ./board/pin_mux.o
 .ARM.attributes
                0x0000023c       0x34 e:/mcuxpressoide_11.4.1_6260/ide/plugins/com.nxp.mcuxpresso.tools.win32_11.4.0.202103011116/tools/bin/../lib/gcc/arm-none-eabi/10.2.1/../../../../arm-none-eabi/lib/thumb/v7e-m+fp/hard\libcr_semihost_nf.a(_cr__main.o)
 .ARM.attributes
                0x00000270       0x34 e:/mcuxpressoide_11.4.1_6260/ide/plugins/com.nxp.mcuxpresso.tools.win32_11.4.0.202103011116/tools/bin/../lib/gcc/arm-none-eabi/10.2.1/../../../../arm-none-eabi/lib/thumb/v7e-m+fp/hard\libcr_c.a(memcpy.o)
 .ARM.attributes
                0x000002a4       0x34 e:/mcuxpressoide_11.4.1_6260/ide/plugins/com.nxp.mcuxpresso.tools.win32_11.4.0.202103011116/tools/bin/../lib/gcc/arm-none-eabi/10.2.1/../../../../arm-none-eabi/lib/thumb/v7e-m+fp/hard\libcr_c.a(memset.o)
 .ARM.attributes
                0x000002d8       0x34 e:/mcuxpressoide_11.4.1_6260/ide/plugins/com.nxp.mcuxpresso.tools.win32_11.4.0.202103011116/tools/bin/../lib/gcc/arm-none-eabi/10.2.1/../../../../arm-none-eabi/lib/thumb/v7e-m+fp/hard\libcr_c.a(alloc.o)
 .ARM.attributes
                0x0000030c       0x34 e:/mcuxpressoide_11.4.1_6260/ide/plugins/com.nxp.mcuxpresso.tools.win32_11.4.0.202103011116/tools/bin/../lib/gcc/arm-none-eabi/10.2.1/../../../../arm-none-eabi/lib/thumb/v7e-m+fp/hard\libcr_c.a(initio.o)
 .ARM.attributes
                0x00000340       0x34 e:/mcuxpressoide_11.4.1_6260/ide/plugins/com.nxp.mcuxpresso.tools.win32_11.4.0.202103011116/tools/bin/../lib/gcc/arm-none-eabi/10.2.1/../../../../arm-none-eabi/lib/thumb/v7e-m+fp/hard\libcr_c.a(printf.o)
 .ARM.attributes
                0x00000374       0x34 e:/mcuxpressoide_11.4.1_6260/ide/plugins/com.nxp.mcuxpresso.tools.win32_11.4.0.202103011116/tools/bin/../lib/gcc/arm-none-eabi/10.2.1/../../../../arm-none-eabi/lib/thumb/v7e-m+fp/hard\libcr_c.a(setvbuf.o)
 .ARM.attributes
                0x000003a8       0x34 e:/mcuxpressoide_11.4.1_6260/ide/plugins/com.nxp.mcuxpresso.tools.win32_11.4.0.202103011116/tools/bin/../lib/gcc/arm-none-eabi/10.2.1/../../../../arm-none-eabi/lib/thumb/v7e-m+fp/hard\libcr_c.a(strlen.o)
 .ARM.attributes
                0x000003dc       0x34 e:/mcuxpressoide_11.4.1_6260/ide/plugins/com.nxp.mcuxpresso.tools.win32_11.4.0.202103011116/tools/bin/../lib/gcc/arm-none-eabi/10.2.1/../../../../arm-none-eabi/lib/thumb/v7e-m+fp/hard\libcr_c.a(__init_alloc.o)
 .ARM.attributes
                0x00000410       0x34 e:/mcuxpressoide_11.4.1_6260/ide/plugins/com.nxp.mcuxpresso.tools.win32_11.4.0.202103011116/tools/bin/../lib/gcc/arm-none-eabi/10.2.1/../../../../arm-none-eabi/lib/thumb/v7e-m+fp/hard\libcr_c.a(_cr_sbrk.o)
 .ARM.attributes
                0x00000444       0x34 e:/mcuxpressoide_11.4.1_6260/ide/plugins/com.nxp.mcuxpresso.tools.win32_11.4.0.202103011116/tools/bin/../lib/gcc/arm-none-eabi/10.2.1/../../../../arm-none-eabi/lib/thumb/v7e-m+fp/hard\libcr_c.a(_deferredlazyseek.o)
 .ARM.attributes
                0x00000478       0x34 e:/mcuxpressoide_11.4.1_6260/ide/plugins/com.nxp.mcuxpresso.tools.win32_11.4.0.202103011116/tools/bin/../lib/gcc/arm-none-eabi/10.2.1/../../../../arm-none-eabi/lib/thumb/v7e-m+fp/hard\libcr_c.a(_fdopen.o)
 .ARM.attributes
                0x000004ac       0x34 e:/mcuxpressoide_11.4.1_6260/ide/plugins/com.nxp.mcuxpresso.tools.win32_11.4.0.202103011116/tools/bin/../lib/gcc/arm-none-eabi/10.2.1/../../../../arm-none-eabi/lib/thumb/v7e-m+fp/hard\libcr_c.a(_fflush.o)
 .ARM.attributes
                0x000004e0       0x34 e:/mcuxpressoide_11.4.1_6260/ide/plugins/com.nxp.mcuxpresso.tools.win32_11.4.0.202103011116/tools/bin/../lib/gcc/arm-none-eabi/10.2.1/../../../../arm-none-eabi/lib/thumb/v7e-m+fp/hard\libcr_c.a(_writebuf.o)
 .ARM.attributes
                0x00000514       0x39 e:/mcuxpressoide_11.4.1_6260/ide/plugins/com.nxp.mcuxpresso.tools.win32_11.4.0.202103011116/tools/bin/../lib/gcc/arm-none-eabi/10.2.1/../../../../arm-none-eabi/lib/thumb/v7e-m+fp/hard\libcr_c.a(errno.o)
 .ARM.attributes
                0x0000054d       0x34 e:/mcuxpressoide_11.4.1_6260/ide/plugins/com.nxp.mcuxpresso.tools.win32_11.4.0.202103011116/tools/bin/../lib/gcc/arm-none-eabi/10.2.1/../../../../arm-none-eabi/lib/thumb/v7e-m+fp/hard\libcr_c.a(fclose.o)
 .ARM.attributes
                0x00000581       0x34 e:/mcuxpressoide_11.4.1_6260/ide/plugins/com.nxp.mcuxpresso.tools.win32_11.4.0.202103011116/tools/bin/../lib/gcc/arm-none-eabi/10.2.1/../../../../arm-none-eabi/lib/thumb/v7e-m+fp/hard\libcr_c.a(fflush.o)
 .ARM.attributes
                0x000005b5       0x34 e:/mcuxpressoide_11.4.1_6260/ide/plugins/com.nxp.mcuxpresso.tools.win32_11.4.0.202103011116/tools/bin/../lib/gcc/arm-none-eabi/10.2.1/../../../../arm-none-eabi/lib/thumb/v7e-m+fp/hard\libcr_c.a(fseek.o)
 .ARM.attributes
                0x000005e9       0x34 e:/mcuxpressoide_11.4.1_6260/ide/plugins/com.nxp.mcuxpresso.tools.win32_11.4.0.202103011116/tools/bin/../lib/gcc/arm-none-eabi/10.2.1/../../../../arm-none-eabi/lib/thumb/v7e-m+fp/hard\libcr_c.a(ftell.o)
 .ARM.attributes
                0x0000061d       0x34 e:/mcuxpressoide_11.4.1_6260/ide/plugins/com.nxp.mcuxpresso.tools.win32_11.4.0.202103011116/tools/bin/../lib/gcc/arm-none-eabi/10.2.1/../../../../arm-none-eabi/lib/thumb/v7e-m+fp/hard\libcr_c.a(remove.o)
 .ARM.attributes
                0x00000651       0x34 e:/mcuxpressoide_11.4.1_6260/ide/plugins/com.nxp.mcuxpresso.tools.win32_11.4.0.202103011116/tools/bin/../lib/gcc/arm-none-eabi/10.2.1/../../../../arm-none-eabi/lib/thumb/v7e-m+fp/hard\libcr_c.a(_cr_check_heap.o)
 .ARM.attributes
                0x00000685       0x34 e:/mcuxpressoide_11.4.1_6260/ide/plugins/com.nxp.mcuxpresso.tools.win32_11.4.0.202103011116/tools/bin/../lib/gcc/arm-none-eabi/10.2.1/../../../../arm-none-eabi/lib/thumb/v7e-m+fp/hard\libcr_c.a(_do_fflush.o)
 .ARM.attributes
                0x000006b9       0x20 e:/mcuxpressoide_11.4.1_6260/ide/plugins/com.nxp.mcuxpresso.tools.win32_11.4.0.202103011116/tools/bin/../lib/gcc/arm-none-eabi/10.2.1/thumb/v7e-m+fp/hard\libcr_eabihelpers.a(memcpy.o)
 .ARM.attributes
                0x000006d9       0x39 e:/mcuxpressoide_11.4.1_6260/ide/plugins/com.nxp.mcuxpresso.tools.win32_11.4.0.202103011116/tools/bin/../lib/gcc/arm-none-eabi/10.2.1/../../../../arm-none-eabi/lib/thumb/v7e-m+fp/hard\libcr_semihost_nf.a(__ciob.o)
 .ARM.attributes
                0x00000712       0x20 e:/mcuxpressoide_11.4.1_6260/ide/plugins/com.nxp.mcuxpresso.tools.win32_11.4.0.202103011116/tools/bin/../lib/gcc/arm-none-eabi/10.2.1/../../../../arm-none-eabi/lib/thumb/v7e-m+fp/hard\libcr_semihost_nf.a(__sys_appexit.o)
 .ARM.attributes
                0x00000732       0x20 e:/mcuxpressoide_11.4.1_6260/ide/plugins/com.nxp.mcuxpresso.tools.win32_11.4.0.202103011116/tools/bin/../lib/gcc/arm-none-eabi/10.2.1/../../../../arm-none-eabi/lib/thumb/v7e-m+fp/hard\libcr_semihost_nf.a(__sys_close.o)
 .ARM.attributes
                0x00000752       0x20 e:/mcuxpressoide_11.4.1_6260/ide/plugins/com.nxp.mcuxpresso.tools.win32_11.4.0.202103011116/tools/bin/../lib/gcc/arm-none-eabi/10.2.1/../../../../arm-none-eabi/lib/thumb/v7e-m+fp/hard\libcr_semihost_nf.a(__sys_flen.o)
 .ARM.attributes
                0x00000772       0x20 e:/mcuxpressoide_11.4.1_6260/ide/plugins/com.nxp.mcuxpresso.tools.win32_11.4.0.202103011116/tools/bin/../lib/gcc/arm-none-eabi/10.2.1/../../../../arm-none-eabi/lib/thumb/v7e-m+fp/hard\libcr_semihost_nf.a(__sys_istty.o)
 .ARM.attributes
                0x00000792       0x20 e:/mcuxpressoide_11.4.1_6260/ide/plugins/com.nxp.mcuxpresso.tools.win32_11.4.0.202103011116/tools/bin/../lib/gcc/arm-none-eabi/10.2.1/../../../../arm-none-eabi/lib/thumb/v7e-m+fp/hard\libcr_semihost_nf.a(__sys_remove.o)
 .ARM.attributes
                0x000007b2       0x20 e:/mcuxpressoide_11.4.1_6260/ide/plugins/com.nxp.mcuxpresso.tools.win32_11.4.0.202103011116/tools/bin/../lib/gcc/arm-none-eabi/10.2.1/../../../../arm-none-eabi/lib/thumb/v7e-m+fp/hard\libcr_semihost_nf.a(__sys_seek.o)
 .ARM.attributes
                0x000007d2       0x20 e:/mcuxpressoide_11.4.1_6260/ide/plugins/com.nxp.mcuxpresso.tools.win32_11.4.0.202103011116/tools/bin/../lib/gcc/arm-none-eabi/10.2.1/../../../../arm-none-eabi/lib/thumb/v7e-m+fp/hard\libcr_semihost_nf.a(__sys_tmpnam.o)
 .ARM.attributes
                0x000007f2       0x20 e:/mcuxpressoide_11.4.1_6260/ide/plugins/com.nxp.mcuxpresso.tools.win32_11.4.0.202103011116/tools/bin/../lib/gcc/arm-none-eabi/10.2.1/../../../../arm-none-eabi/lib/thumb/v7e-m+fp/hard\libcr_semihost_nf.a(__sys_write.o)

.debug_frame    0x00000000     0x2464
 .debug_frame   0x00000000       0x30 ./utilities/fsl_assert.o
 .debug_frame   0x00000030      0x8fc ./startup/startup_mk64f12.o
 .debug_frame   0x0000092c      0x140 ./source/flexcan_loopback.o
 .debug_frame   0x00000a6c       0x20 ./source/semihost_hardfault.o
 .debug_frame   0x00000a8c      0x890 ./drivers/fsl_clock.o
 .debug_frame   0x0000131c      0x770 ./drivers/fsl_flexcan.o
 .debug_frame   0x00001a8c      0x74c ./drivers/fsl_uart.o
 .debug_frame   0x000021d8       0x74 ./device/system_MK64F12.o
 .debug_frame   0x0000224c       0x5c ./board/board.o
 .debug_frame   0x000022a8      0x124 ./board/clock_config.o
 .debug_frame   0x000023cc       0x98 ./board/pin_mux.o

Cross Reference Table

Symbol                                            File
ADC0_DriverIRQHandler                             ./startup/startup_mk64f12.o
ADC0_IRQHandler                                   ./startup/startup_mk64f12.o
ADC1_DriverIRQHandler                             ./startup/startup_mk64f12.o
ADC1_IRQHandler                                   ./startup/startup_mk64f12.o
BOARD_BootClockRUN                                ./board/clock_config.o
BOARD_BootClockVLPR                               ./board/clock_config.o
BOARD_InitBootClocks                              ./board/clock_config.o
                                                  ./source/flexcan_loopback.o
BOARD_InitBootPins                                ./board/pin_mux.o
                                                  ./source/flexcan_loopback.o
BOARD_InitDebugConsole                            ./board/board.o
                                                  ./source/flexcan_loopback.o
BOARD_InitPins                                    ./board/pin_mux.o
BusFault_Handler                                  ./startup/startup_mk64f12.o
CAN0_Bus_Off_IRQHandler                           ./startup/startup_mk64f12.o
CAN0_DriverIRQHandler                             ./drivers/fsl_flexcan.o
                                                  ./startup/startup_mk64f12.o
CAN0_Error_IRQHandler                             ./startup/startup_mk64f12.o
CAN0_ORed_Message_buffer_IRQHandler               ./source/flexcan_loopback.o
                                                  ./startup/startup_mk64f12.o
CAN0_Rx_Warning_IRQHandler                        ./startup/startup_mk64f12.o
CAN0_Tx_Warning_IRQHandler                        ./startup/startup_mk64f12.o
CAN0_Wake_Up_IRQHandler                           ./startup/startup_mk64f12.o
CLOCK_BootToBlpeMode                              ./drivers/fsl_clock.o
CLOCK_BootToBlpiMode                              ./drivers/fsl_clock.o
                                                  ./board/clock_config.o
CLOCK_BootToFeeMode                               ./drivers/fsl_clock.o
CLOCK_BootToFeiMode                               ./drivers/fsl_clock.o
CLOCK_BootToPeeMode                               ./drivers/fsl_clock.o
                                                  ./board/clock_config.o
CLOCK_CalcPllDiv                                  ./drivers/fsl_clock.o
CLOCK_ClearStatusFlags                            ./drivers/fsl_clock.o
CLOCK_DeinitOsc0                                  ./drivers/fsl_clock.o
CLOCK_EnablePll0                                  ./drivers/fsl_clock.o
CLOCK_EnableUsbfs0Clock                           ./drivers/fsl_clock.o
CLOCK_ExternalModeToFbeModeQuick                  ./drivers/fsl_clock.o
CLOCK_GetBusClkFreq                               ./drivers/fsl_clock.o
CLOCK_GetCoreSysClkFreq                           ./drivers/fsl_clock.o
                                                  ./board/board.o
CLOCK_GetEr32kClkFreq                             ./drivers/fsl_clock.o
CLOCK_GetFixedFreqClkFreq                         ./drivers/fsl_clock.o
CLOCK_GetFlashClkFreq                             ./drivers/fsl_clock.o
CLOCK_GetFlexBusClkFreq                           ./drivers/fsl_clock.o
CLOCK_GetFllFreq                                  ./drivers/fsl_clock.o
CLOCK_GetFreq                                     ./drivers/fsl_clock.o
                                                  ./source/flexcan_loopback.o
CLOCK_GetInternalRefClkFreq                       ./drivers/fsl_clock.o
CLOCK_GetMode                                     ./drivers/fsl_clock.o
CLOCK_GetOsc0ErClkFreq                            ./drivers/fsl_clock.o
CLOCK_GetOutClkFreq                               ./drivers/fsl_clock.o
CLOCK_GetPlatClkFreq                              ./drivers/fsl_clock.o
CLOCK_GetPll0Freq                                 ./drivers/fsl_clock.o
CLOCK_GetPllFllSelClkFreq                         ./drivers/fsl_clock.o
CLOCK_GetStatusFlags                              ./drivers/fsl_clock.o
CLOCK_InitOsc0                                    ./drivers/fsl_clock.o
                                                  ./board/clock_config.o
CLOCK_InternalModeToFbiModeQuick                  ./drivers/fsl_clock.o
CLOCK_SetBlpeMode                                 ./drivers/fsl_clock.o
CLOCK_SetBlpiMode                                 ./drivers/fsl_clock.o
CLOCK_SetExternalRefClkConfig                     ./drivers/fsl_clock.o
CLOCK_SetFastIrcFreq                              ./drivers/fsl_clock.o
CLOCK_SetFbeMode                                  ./drivers/fsl_clock.o
CLOCK_SetFbiMode                                  ./drivers/fsl_clock.o
CLOCK_SetFeeMode                                  ./drivers/fsl_clock.o
CLOCK_SetFeiMode                                  ./drivers/fsl_clock.o
CLOCK_SetInternalRefClkConfig                     ./drivers/fsl_clock.o
                                                  ./board/clock_config.o
CLOCK_SetMcgConfig                                ./drivers/fsl_clock.o
CLOCK_SetOsc0MonitorMode                          ./drivers/fsl_clock.o
CLOCK_SetPbeMode                                  ./drivers/fsl_clock.o
CLOCK_SetPeeMode                                  ./drivers/fsl_clock.o
CLOCK_SetPll0MonitorMode                          ./drivers/fsl_clock.o
CLOCK_SetRtcOscMonitorMode                        ./drivers/fsl_clock.o
CLOCK_SetSimConfig                                ./drivers/fsl_clock.o
                                                  ./board/clock_config.o
CLOCK_SetSlowIrcFreq                              ./drivers/fsl_clock.o
CLOCK_TrimInternalRefClk                          ./drivers/fsl_clock.o
CMP0_DriverIRQHandler                             ./startup/startup_mk64f12.o
CMP0_IRQHandler                                   ./startup/startup_mk64f12.o
CMP1_DriverIRQHandler                             ./startup/startup_mk64f12.o
CMP1_IRQHandler                                   ./startup/startup_mk64f12.o
CMP2_DriverIRQHandler                             ./startup/startup_mk64f12.o
CMP2_IRQHandler                                   ./startup/startup_mk64f12.o
CMT_DriverIRQHandler                              ./startup/startup_mk64f12.o
CMT_IRQHandler                                    ./startup/startup_mk64f12.o
DAC0_DriverIRQHandler                             ./startup/startup_mk64f12.o
DAC0_IRQHandler                                   ./startup/startup_mk64f12.o
DAC1_DriverIRQHandler                             ./startup/startup_mk64f12.o
DAC1_IRQHandler                                   ./startup/startup_mk64f12.o
DMA0_DriverIRQHandler                             ./startup/startup_mk64f12.o
DMA0_IRQHandler                                   ./startup/startup_mk64f12.o
DMA10_DriverIRQHandler                            ./startup/startup_mk64f12.o
DMA10_IRQHandler                                  ./startup/startup_mk64f12.o
DMA11_DriverIRQHandler                            ./startup/startup_mk64f12.o
DMA11_IRQHandler                                  ./startup/startup_mk64f12.o
DMA12_DriverIRQHandler                            ./startup/startup_mk64f12.o
DMA12_IRQHandler                                  ./startup/startup_mk64f12.o
DMA13_DriverIRQHandler                            ./startup/startup_mk64f12.o
DMA13_IRQHandler                                  ./startup/startup_mk64f12.o
DMA14_DriverIRQHandler                            ./startup/startup_mk64f12.o
DMA14_IRQHandler                                  ./startup/startup_mk64f12.o
DMA15_DriverIRQHandler                            ./startup/startup_mk64f12.o
DMA15_IRQHandler                                  ./startup/startup_mk64f12.o
DMA1_DriverIRQHandler                             ./startup/startup_mk64f12.o
DMA1_IRQHandler                                   ./startup/startup_mk64f12.o
DMA2_DriverIRQHandler                             ./startup/startup_mk64f12.o
DMA2_IRQHandler                                   ./startup/startup_mk64f12.o
DMA3_DriverIRQHandler                             ./startup/startup_mk64f12.o
DMA3_IRQHandler                                   ./startup/startup_mk64f12.o
DMA4_DriverIRQHandler                             ./startup/startup_mk64f12.o
DMA4_IRQHandler                                   ./startup/startup_mk64f12.o
DMA5_DriverIRQHandler                             ./startup/startup_mk64f12.o
DMA5_IRQHandler                                   ./startup/startup_mk64f12.o
DMA6_DriverIRQHandler                             ./startup/startup_mk64f12.o